$ vitest run src/services/billing/__tests__/subscription-reconciliation.realdb.test.ts

[1m[30m[46m RUN [49m[39m[22m [36mv4.1.10 [39m[90m/home/nate/Oxy/Mercaria/.worktrees/1519-clean-cut-billing-20261004/packages/backend[39m

[13:10:22] [32mINFO[39m: [36mConnected to PostgreSQL successfully[39m
    [35mmaxPoolSize[39m: 4
[13:10:23] [33mWARN[39m: [36m[MerchantBilling] a subscription could not be reconciled[39m
    [35msubscriptionId[39m: "00000000-0000-7000-8001-bd9033788511"
    error: {
      "provider": "stripe",
      "stage": "retrieveSubscription",
      "retryable": true,
      "code": "billing_outcome_unknown",
      "name": "BillingProviderError"
    }
[13:10:23] [32mINFO[39m: [36m[MerchantBilling] subscription reconciliation pass[39m
    [35mexamined[39m: 1
    [35mapplied[39m: 0
    [35mfailed[39m: 1
    [35mnextAfterId[39m: "00000000-0000-7000-8001-bd9033788511"
    [35mgraceAnnounced[39m: 0
[13:10:23] [32mINFO[39m: [36m[MerchantBilling] subscription reconciliation pass[39m
    [35mexamined[39m: 1
    [35mapplied[39m: 1
    [35mfailed[39m: 0
    [35mnextAfterId[39m: "00000000-0000-7000-8002-bd9033788511"
    [35mgraceAnnounced[39m: 0
 [32m✓[39m src/services/billing/__tests__/subscription-reconciliation.realdb.test.ts [2m([22m[2m4 tests[22m[2m)[22m[33m 380[2mms[22m[39m

[2m Test Files [22m [1m[32m1 passed[39m[22m[90m (1)[39m
[2m      Tests [22m [1m[32m4 passed[39m[22m[90m (4)[39m
[2m   Start at [22m 16:10:12
[2m   Duration [22m 10.39s[2m (transform 2.47s, setup 0ms, import 3.74s, tests 380ms, environment 0ms)[22m

