$ vitest run src/config/__tests__/billing-cohort.test.ts src/routes/__tests__/billing-cohort-stripe.integration.test.ts

[1m[30m[46m RUN [49m[39m[22m [36mv4.1.10 [39m[90m/home/nate/Oxy/Mercaria/.worktrees/1519-billing-cohort-functional-20261004/packages/backend[39m

 [32m✓[39m src/config/__tests__/billing-cohort.test.ts [2m([22m[2m9 tests[22m[2m)[22m[33m 1005[2mms[22m[39m
   [33m[2m✓[22m[39m enables the existing action flag through only the explicit billing cohort [33m 839[2mms[22m[39m
[09:18:42] [31mERROR[39m: [36m[MerchantBilling] MERCHANT_BILLING_ENABLED is set but no billing rail is configured; staying OFF. Entitlements, existing subscriptions and provider events are unaffected — this flag gates starting or managing a paid plan only.[39m
    [35mmissing[39m: [
      "STRIPE_ENABLED or complete MERCHANT_BILLING_PEABLE_COHORT credentials"
    ]
[09:18:42] [31mERROR[39m: [36m[MerchantBilling] MERCHANT_BILLING_ENABLED is set but no billing rail is configured; staying OFF. Entitlements, existing subscriptions and provider events are unaffected — this flag gates starting or managing a paid plan only.[39m
    [35mmissing[39m: [
      "STRIPE_ENABLED or complete MERCHANT_BILLING_PEABLE_COHORT credentials"
    ]
[09:18:42] [31mERROR[39m: [36m[MerchantBilling] MERCHANT_BILLING_ENABLED is set but no billing rail is configured; staying OFF. Entitlements, existing subscriptions and provider events are unaffected — this flag gates starting or managing a paid plan only.[39m
    [35mmissing[39m: [
      "STRIPE_ENABLED or complete MERCHANT_BILLING_PEABLE_COHORT credentials"
    ]
[09:18:42] [31mERROR[39m: [36m[MerchantBilling] MERCHANT_BILLING_ENABLED is set but no billing rail is configured; staying OFF. Entitlements, existing subscriptions and provider events are unaffected — this flag gates starting or managing a paid plan only.[39m
    [35mmissing[39m: [
      "STRIPE_ENABLED or complete MERCHANT_BILLING_PEABLE_COHORT credentials"
    ]
[09:18:42] [31mERROR[39m: [36m[MerchantBilling] MERCHANT_BILLING_ENABLED is set but no billing rail is configured; staying OFF. Entitlements, existing subscriptions and provider events are unaffected — this flag gates starting or managing a paid plan only.[39m
    [35mmissing[39m: [
      "STRIPE_ENABLED or complete MERCHANT_BILLING_PEABLE_COHORT credentials"
    ]
[09:18:43] [32mINFO[39m: [36mConnected to PostgreSQL successfully[39m
    [35mmaxPoolSize[39m: 4
[09:18:43] [32mINFO[39m: [36mMerchant billing cohort registered[39m
    [35mcohortSha256[39m: "de171bfc1ef2941cb0d57c6530da455dc57323495edf5eb9b3c537f3785a2c2d"
    [35mmode[39m: "test"
    [35menvironment[39m: "development"
    [35mstoreCount[39m: 2
[09:18:43] [32mINFO[39m: [36mRate limiter using in-memory store (REDIS_URL not set)[39m
    [35mscope[39m: "feedback"
[09:18:43] [32mINFO[39m: [36mRate limiter using in-memory store (REDIS_URL not set)[39m
    [35mscope[39m: "feedback"
[09:18:43] [32mINFO[39m: [36mRate limiter using in-memory store (REDIS_URL not set)[39m
    [35mscope[39m: "feedback"
[09:18:43] [33mWARN[39m: [36mVAPID keys not set — web push notifications disabled[39m
[09:18:44] [32mINFO[39m: [36mRate limiter using in-memory store (REDIS_URL not set)[39m
    [35mscope[39m: "listings"
[09:18:44] [32mINFO[39m: [36mRate limiter using in-memory store (REDIS_URL not set)[39m
    [35mscope[39m: "search"
[09:18:44] [32mINFO[39m: [36mRate limiter using in-memory store (REDIS_URL not set)[39m
    [35mscope[39m: "feed"
[09:18:44] [32mINFO[39m: [36mRate limiter using in-memory store (REDIS_URL not set)[39m
    [35mscope[39m: "discovery"
[09:18:44] [32mINFO[39m: [36mRate limiter using in-memory store (REDIS_URL not set)[39m
    [35mscope[39m: "listings"
[09:18:44] [32mINFO[39m: [36mRate limiter using in-memory store (REDIS_URL not set)[39m
    [35mscope[39m: "stores"
[09:18:44] [32mINFO[39m: [36mRate limiter using in-memory store (REDIS_URL not set)[39m
    [35mscope[39m: "listings"
[09:18:44] [32mINFO[39m: [36mRate limiter using in-memory store (REDIS_URL not set)[39m
    [35mscope[39m: "listings"
[09:18:44] [32mINFO[39m: [36mRate limiter using in-memory store (REDIS_URL not set)[39m
    [35mscope[39m: "listings"
[09:18:44] [32mINFO[39m: [36mRate limiter using in-memory store (REDIS_URL not set)[39m
    [35mscope[39m: "listings"
[09:18:44] [32mINFO[39m: [36mRate limiter using in-memory store (REDIS_URL not set)[39m
    [35mscope[39m: "listings"
[09:18:44] [32mINFO[39m: [36mRate limiter using in-memory store (REDIS_URL not set)[39m
    [35mscope[39m: "listings"
[09:18:45] [32mINFO[39m: [36mRate limiter using in-memory store (REDIS_URL not set)[39m
    [35mscope[39m: "cart"
[09:18:45] [32mINFO[39m: [36mRate limiter using in-memory store (REDIS_URL not set)[39m
    [35mscope[39m: "cart"
[09:18:45] [32mINFO[39m: [36mRate limiter using in-memory store (REDIS_URL not set)[39m
    [35mscope[39m: "cart"
[09:18:45] [32mINFO[39m: [36mRate limiter using in-memory store (REDIS_URL not set)[39m
    [35mscope[39m: "cart"
[09:18:45] [32mINFO[39m: [36mRate limiter using in-memory store (REDIS_URL not set)[39m
    [35mscope[39m: "cart"
[09:18:45] [32mINFO[39m: [36mRate limiter using in-memory store (REDIS_URL not set)[39m
    [35mscope[39m: "cart"
[09:18:45] [32mINFO[39m: [36mRate limiter using in-memory store (REDIS_URL not set)[39m
    [35mscope[39m: "cart-merge"
[09:18:45] [32mINFO[39m: [36mRate limiter using in-memory store (REDIS_URL not set)[39m
    [35mscope[39m: "orders"
[09:18:45] [32mINFO[39m: [36mRate limiter using in-memory store (REDIS_URL not set)[39m
    [35mscope[39m: "orders"
[09:18:45] [32mINFO[39m: [36mRate limiter using in-memory store (REDIS_URL not set)[39m
    [35mscope[39m: "orders"
[09:18:45] [32mINFO[39m: [36mRate limiter using in-memory store (REDIS_URL not set)[39m
    [35mscope[39m: "orders"
[09:18:45] [32mINFO[39m: [36mRate limiter using in-memory store (REDIS_URL not set)[39m
    [35mscope[39m: "checkout"
[09:18:45] [32mINFO[39m: [36mRate limiter using in-memory store (REDIS_URL not set)[39m
    [35mscope[39m: "orders"
[09:18:45] [32mINFO[39m: [36mRate limiter using in-memory store (REDIS_URL not set)[39m
    [35mscope[39m: "buyer-requests"
[09:18:45] [32mINFO[39m: [36mRate limiter using in-memory store (REDIS_URL not set)[39m
    [35mscope[39m: "buyer-requests"
[09:18:45] [32mINFO[39m: [36mRate limiter using in-memory store (REDIS_URL not set)[39m
    [35mscope[39m: "orders"
[09:18:45] [32mINFO[39m: [36mRate limiter using in-memory store (REDIS_URL not set)[39m
    [35mscope[39m: "orders"
[09:18:45] [32mINFO[39m: [36mRate limiter using in-memory store (REDIS_URL not set)[39m
    [35mscope[39m: "orders"
[09:18:45] [32mINFO[39m: [36mRate limiter using in-memory store (REDIS_URL not set)[39m
    [35mscope[39m: "orders"
[09:18:45] [32mINFO[39m: [36mRate limiter using in-memory store (REDIS_URL not set)[39m
    [35mscope[39m: "orders"
[09:18:45] [32mINFO[39m: [36mRate limiter using in-memory store (REDIS_URL not set)[39m
    [35mscope[39m: "admin"
[09:18:45] [32mINFO[39m: [36mRate limiter using in-memory store (REDIS_URL not set)[39m
    [35mscope[39m: "orders"
[09:18:45] [32mINFO[39m: [36mRate limiter using in-memory store (REDIS_URL not set)[39m
    [35mscope[39m: "reviews"
[09:18:45] [32mINFO[39m: [36mRate limiter using in-memory store (REDIS_URL not set)[39m
    [35mscope[39m: "stores"
[09:18:45] [32mINFO[39m: [36mRate limiter using in-memory store (REDIS_URL not set)[39m
    [35mscope[39m: "stores"
[09:18:45] [32mINFO[39m: [36mRate limiter using in-memory store (REDIS_URL not set)[39m
    [35mscope[39m: "stores"
[09:18:45] [32mINFO[39m: [36mRate limiter using in-memory store (REDIS_URL not set)[39m
    [35mscope[39m: "stores"
[09:18:45] [32mINFO[39m: [36mRate limiter using in-memory store (REDIS_URL not set)[39m
    [35mscope[39m: "payments"
[09:18:45] [32mINFO[39m: [36mRate limiter using in-memory store (REDIS_URL not set)[39m
    [35mscope[39m: "listings"
[09:18:45] [32mINFO[39m: [36mRate limiter using in-memory store (REDIS_URL not set)[39m
    [35mscope[39m: "listings"
[09:18:45] [32mINFO[39m: [36mRate limiter using in-memory store (REDIS_URL not set)[39m
    [35mscope[39m: "listings"
[09:18:45] [32mINFO[39m: [36mRate limiter using in-memory store (REDIS_URL not set)[39m
    [35mscope[39m: "listings"
[09:18:45] [32mINFO[39m: [36mRate limiter using in-memory store (REDIS_URL not set)[39m
    [35mscope[39m: "listings"
[09:18:45] [32mINFO[39m: [36mRate limiter using in-memory store (REDIS_URL not set)[39m
    [35mscope[39m: "listings"
[09:18:45] [32mINFO[39m: [36mRate limiter using in-memory store (REDIS_URL not set)[39m
    [35mscope[39m: "listings"
[09:18:45] [32mINFO[39m: [36mRate limiter using in-memory store (REDIS_URL not set)[39m
    [35mscope[39m: "listings"
[09:18:45] [32mINFO[39m: [36mRate limiter using in-memory store (REDIS_URL not set)[39m
    [35mscope[39m: "listings"
[09:18:45] [32mINFO[39m: [36mRate limiter using in-memory store (REDIS_URL not set)[39m
    [35mscope[39m: "listings"
[09:18:45] [32mINFO[39m: [36mRate limiter using in-memory store (REDIS_URL not set)[39m
    [35mscope[39m: "listings"
[09:18:45] [32mINFO[39m: [36mRate limiter using in-memory store (REDIS_URL not set)[39m
    [35mscope[39m: "listings"
[09:18:45] [32mINFO[39m: [36mRate limiter using in-memory store (REDIS_URL not set)[39m
    [35mscope[39m: "listings"
[09:18:45] [32mINFO[39m: [36mRate limiter using in-memory store (REDIS_URL not set)[39m
    [35mscope[39m: "listings"
[09:18:45] [32mINFO[39m: [36mRate limiter using in-memory store (REDIS_URL not set)[39m
    [35mscope[39m: "listings"
[09:18:45] [32mINFO[39m: [36mRate limiter using in-memory store (REDIS_URL not set)[39m
    [35mscope[39m: "listings"
[09:18:45] [32mINFO[39m: [36mRate limiter using in-memory store (REDIS_URL not set)[39m
    [35mscope[39m: "orders"
[09:18:45] [32mINFO[39m: [36mRate limiter using in-memory store (REDIS_URL not set)[39m
    [35mscope[39m: "orders"
[09:18:46] [32mINFO[39m: [36mRate limiter using in-memory store (REDIS_URL not set)[39m
    [35mscope[39m: "referral-partner"
[09:18:46] [32mINFO[39m: [36mRate limiter using in-memory store (REDIS_URL not set)[39m
    [35mscope[39m: "sellers"
[09:18:46] [32mINFO[39m: [36mRate limiter using in-memory store (REDIS_URL not set)[39m
    [35mscope[39m: "rates"
[09:18:46] [32mINFO[39m: [36mRate limiter using in-memory store (REDIS_URL not set)[39m
    [35mscope[39m: "channels"
[09:18:46] [32mINFO[39m: [36mRate limiter using in-memory store (REDIS_URL not set)[39m
    [35mscope[39m: "channels"
[09:18:46] [32mINFO[39m: [36mRate limiter using in-memory store (REDIS_URL not set)[39m
    [35mscope[39m: "channels"
[09:18:46] [32mINFO[39m: [36mRate limiter using in-memory store (REDIS_URL not set)[39m
    [35mscope[39m: "channels"
[09:18:46] [32mINFO[39m: [36mRate limiter using in-memory store (REDIS_URL not set)[39m
    [35mscope[39m: "channels"
[09:18:46] [32mINFO[39m: [36mRate limiter using in-memory store (REDIS_URL not set)[39m
    [35mscope[39m: "channels"
[09:18:46] [32mINFO[39m: [36mRate limiter using in-memory store (REDIS_URL not set)[39m
    [35mscope[39m: "payments"
[09:18:46] [32mINFO[39m: [36mRate limiter using in-memory store (REDIS_URL not set)[39m
    [35mscope[39m: "feed-import"
[09:18:46] [32mINFO[39m: [36mRate limiter using in-memory store (REDIS_URL not set)[39m
    [35mscope[39m: "feed-import-fetch"
[09:18:46] [32mINFO[39m: [36mRate limiter using in-memory store (REDIS_URL not set)[39m
    [35mscope[39m: "referral-partner"
[09:18:46] [32mINFO[39m: [36mRate limiter using in-memory store (REDIS_URL not set)[39m
    [35mscope[39m: "admin"
[09:18:46] [32mINFO[39m: [36mRate limiter using in-memory store (REDIS_URL not set)[39m
    [35mscope[39m: "channels"
[09:18:46] [32mINFO[39m: [36mRate limiter using in-memory store (REDIS_URL not set)[39m
    [35mscope[39m: "channels"
[09:18:46] [32mINFO[39m: [36mRate limiter using in-memory store (REDIS_URL not set)[39m
    [35mscope[39m: "channels"
[09:18:46] [32mINFO[39m: [36mRate limiter using in-memory store (REDIS_URL not set)[39m
    [35mscope[39m: "channels"
[09:18:46] [32mINFO[39m: [36mRate limiter using in-memory store (REDIS_URL not set)[39m
    [35mscope[39m: "reports"
[09:18:46] [32mINFO[39m: [36mRate limiter using in-memory store (REDIS_URL not set)[39m
    [35mscope[39m: "reports"
[09:18:46] [32mINFO[39m: [36mRate limiter using in-memory store (REDIS_URL not set)[39m
    [35mscope[39m: "payments"
[09:18:46] [32mINFO[39m: [36mRate limiter using in-memory store (REDIS_URL not set)[39m
    [35mscope[39m: "payments"
[09:18:47] [32mINFO[39m: [36mRate limiter using in-memory store (REDIS_URL not set)[39m
    [35mscope[39m: "listings"
[09:18:47] [32mINFO[39m: [36mRate limiter using in-memory store (REDIS_URL not set)[39m
    [35mscope[39m: "listings"
[09:18:47] [32mINFO[39m: [36mRate limiter using in-memory store (REDIS_URL not set)[39m
    [35mscope[39m: "listings"
[09:18:47] [32mINFO[39m: [36mRate limiter using in-memory store (REDIS_URL not set)[39m
    [35mscope[39m: "listings"
[09:18:47] [32mINFO[39m: [36mRate limiter using in-memory store (REDIS_URL not set)[39m
    [35mscope[39m: "listings"
[09:18:47] [32mINFO[39m: [36mRate limiter using in-memory store (REDIS_URL not set)[39m
    [35mscope[39m: "listings"
[09:18:47] [32mINFO[39m: [36mRate limiter using in-memory store (REDIS_URL not set)[39m
    [35mscope[39m: "listings"
[09:18:47] [32mINFO[39m: [36mRate limiter using in-memory store (REDIS_URL not set)[39m
    [35mscope[39m: "listings"
[09:18:47] [32mINFO[39m: [36mRate limiter using in-memory store (REDIS_URL not set)[39m
    [35mscope[39m: "listings"
[09:18:47] [32mINFO[39m: [36mRate limiter using in-memory store (REDIS_URL not set)[39m
    [35mscope[39m: "nearby"
[09:18:47] [32mINFO[39m: [36mRate limiter using in-memory store (REDIS_URL not set)[39m
    [35mscope[39m: "listings"
[09:18:47] [32mINFO[39m: [36mRate limiter using in-memory store (REDIS_URL not set)[39m
    [35mscope[39m: "search-intent"
[09:18:47] [32mINFO[39m: [36mRate limiter using in-memory store (REDIS_URL not set)[39m
    [35mscope[39m: "admin"
[09:18:47] [32mINFO[39m: [36mRate limiter using in-memory store (REDIS_URL not set)[39m
    [35mscope[39m: "listings"
[09:18:47] [32mINFO[39m: [36mRate limiter using in-memory store (REDIS_URL not set)[39m
    [35mscope[39m: "listings"
[09:18:47] [32mINFO[39m: [36mRate limiter using in-memory store (REDIS_URL not set)[39m
    [35mscope[39m: "listings"
[09:18:47] [32mINFO[39m: [36mRate limiter using in-memory store (REDIS_URL not set)[39m
    [35mscope[39m: "seo"
[09:18:48] [32mINFO[39m: [36mRate limiter using in-memory store (REDIS_URL not set)[39m
    [35mscope[39m: "listings"
[09:18:48] [32mINFO[39m: [36mRate limiter using in-memory store (REDIS_URL not set)[39m
    [35mscope[39m: "merchantCompetitiveness"
[09:18:48] [32mINFO[39m: [36mRate limiter using in-memory store (REDIS_URL not set)[39m
    [35mscope[39m: "listings"
[09:18:48] [32mINFO[39m: [36mRate limiter using in-memory store (REDIS_URL not set)[39m
    [35mscope[39m: "listings"
[09:18:48] [32mINFO[39m: [36mRate limiter using in-memory store (REDIS_URL not set)[39m
    [35mscope[39m: "listings"
[09:18:48] [32mINFO[39m: [36mRate limiter using in-memory store (REDIS_URL not set)[39m
    [35mscope[39m: "listings"
[09:18:48] [32mINFO[39m: [36mRate limiter using in-memory store (REDIS_URL not set)[39m
    [35mscope[39m: "feed-import-fetch"
[09:18:48] [32mINFO[39m: [36mRate limiter using in-memory store (REDIS_URL not set)[39m
    [35mscope[39m: "merchant-claims"
[09:18:48] [32mINFO[39m: [36mRate limiter using in-memory store (REDIS_URL not set)[39m
    [35mscope[39m: "merchant-claims"
[09:18:49] [32mINFO[39m: [36mRate limiter using in-memory store (REDIS_URL not set)[39m
    [35mscope[39m: "referral-redirect"
[09:18:49] [32mINFO[39m: [36mRate limiter using in-memory store (REDIS_URL not set)[39m
    [35mscope[39m: "outbound"
[09:18:49] [32mINFO[39m: [36mRate limiter using in-memory store (REDIS_URL not set)[39m
    [35mscope[39m: "referral-bind"
[09:18:49] [32mINFO[39m: [36mRate limiter using in-memory store (REDIS_URL not set)[39m
    [35mscope[39m: "referral-bind"
[09:18:49] [32mINFO[39m: [36mRate limiter using in-memory store (REDIS_URL not set)[39m
    [35mscope[39m: "referral-bind"
[09:18:49] [32mINFO[39m: [36mRate limiter using in-memory store (REDIS_URL not set)[39m
    [35mscope[39m: "referral-bind"
[09:18:49] [32mINFO[39m: [36mRate limiter using in-memory store (REDIS_URL not set)[39m
    [35mscope[39m: "guest-issue"
[09:18:49] [32mINFO[39m: [36mRate limiter using in-memory store (REDIS_URL not set)[39m
    [35mscope[39m: "guest"
[09:18:49] [32mINFO[39m: [36mRate limiter using in-memory store (REDIS_URL not set)[39m
    [35mscope[39m: "guest"
[09:18:49] [32mINFO[39m: [36mRate limiter using in-memory store (REDIS_URL not set)[39m
    [35mscope[39m: "guest"
[09:18:49] [32mINFO[39m: [36mRate limiter using in-memory store (REDIS_URL not set)[39m
    [35mscope[39m: "guest-recover"
[09:18:49] [32mINFO[39m: [36mRate limiter using in-memory store (REDIS_URL not set)[39m
    [35mscope[39m: "guest-portal"
[09:18:49] [32mINFO[39m: [36mRate limiter using in-memory store (REDIS_URL not set)[39m
    [35mscope[39m: "guest-portal"
[09:18:49] [32mINFO[39m: [36mRate limiter using in-memory store (REDIS_URL not set)[39m
    [35mscope[39m: "guest-portal"
[09:18:49] [32mINFO[39m: [36mRate limiter using in-memory store (REDIS_URL not set)[39m
    [35mscope[39m: "guest-portal"
[09:18:49] [32mINFO[39m: [36mRate limiter using in-memory store (REDIS_URL not set)[39m
    [35mscope[39m: "guest-portal"
[09:18:49] [32mINFO[39m: [36mRate limiter using in-memory store (REDIS_URL not set)[39m
    [35mscope[39m: "guest-portal"
[09:18:49] [32mINFO[39m: [36mRate limiter using in-memory store (REDIS_URL not set)[39m
    [35mscope[39m: "guest-portal"
[09:18:49] [32mINFO[39m: [36mRate limiter using in-memory store (REDIS_URL not set)[39m
    [35mscope[39m: "guest-portal"
[09:18:49] [32mINFO[39m: [36mRate limiter using in-memory store (REDIS_URL not set)[39m
    [35mscope[39m: "guest-claim"
[09:18:49] [32mINFO[39m: [36mRate limiter using in-memory store (REDIS_URL not set)[39m
    [35mscope[39m: "guest-claim"
[09:18:49] [32mINFO[39m: [36mRate limiter using in-memory store (REDIS_URL not set)[39m
    [35mscope[39m: "buyer-requests"
[09:18:49] [32mINFO[39m: [36mRate limiter using in-memory store (REDIS_URL not set)[39m
    [35mscope[39m: "buyer-requests"
[09:18:49] [32mINFO[39m: [36mRate limiter using in-memory store (REDIS_URL not set)[39m
    [35mscope[39m: "guest-portal"
[09:18:49] [32mINFO[39m: [36mRate limiter using in-memory store (REDIS_URL not set)[39m
    [35mscope[39m: "analytics-ingest"
[09:18:49] [32mINFO[39m: [36mRate limiter using in-memory store (REDIS_URL not set)[39m
    [35mscope[39m: "merchant-demand"
[09:18:49] [32mINFO[39m: [36mRate limiter using in-memory store (REDIS_URL not set)[39m
    [35mscope[39m: "listings"
[09:18:49] [32mINFO[39m: [36mRate limiter using in-memory store (REDIS_URL not set)[39m
    [35mscope[39m: "listings"
[09:18:49] [32mINFO[39m: [36mRate limiter using in-memory store (REDIS_URL not set)[39m
    [35mscope[39m: "listings"
[09:18:49] [32mINFO[39m: [36mRate limiter using in-memory store (REDIS_URL not set)[39m
    [35mscope[39m: "admin"
[09:18:49] [32mINFO[39m: [36mRate limiter using in-memory store (REDIS_URL not set)[39m
    [35mscope[39m: "admin"
[09:18:50] [32mINFO[39m: [36mRate limiter using in-memory store (REDIS_URL not set)[39m
    [35mscope[39m: "listings"
[09:18:50] [32mINFO[39m: [36mRate limiter using in-memory store (REDIS_URL not set)[39m
    [35mscope[39m: "listings"
[09:18:50] [32mINFO[39m: [36mRate limiter using in-memory store (REDIS_URL not set)[39m
    [35mscope[39m: "public-api"
[09:18:50] [32mINFO[39m: [36mRate limiter using in-memory store (REDIS_URL not set)[39m
    [35mscope[39m: "general"
[09:18:50] [34mDEBUG[39m: [36m[Stripe] event processed[39m
    [35meventId[39m: "01a10635-7aa6-7059-9438-f4d0e0858886"
    [35mproviderEventId[39m: "evt_paid92c91812f6ce4eb79ee44fa72def1350"
    [35mtype[39m: "invoice.paid"
    [35moutcome[39m: "applied"
[09:18:50] [34mDEBUG[39m: [36m[Stripe] duplicate delivery acknowledged[39m
    [35mproviderEventId[39m: "evt_paid92c91812f6ce4eb79ee44fa72def1350"
    [35mtype[39m: "invoice.paid"
[09:18:50] [33mWARN[39m: [36m[Stripe] event processing failed, will retry[39m
    [35meventId[39m: "01a10635-7ad8-7909-b2fe-43f84fb58ac2"
    [35mproviderEventId[39m: "evt_mismatch92c91812f6ce4eb79ee44fa72def1350"
    [35mtype[39m: "invoice.paid"
    [35mattempts[39m: 1
    err: {
      "type": "Error",
      "message": "Merchant billing invoice differs from the cohort customer or mode.",
      "stack":
          Error: Merchant billing invoice differs from the cohort customer or mode.
              at Object.invoice (/home/nate/Oxy/Mercaria/.worktrees/1519-billing-cohort-functional-20261004/packages/backend/src/services/billing/stripe/cohort-reader.ts:38:15)
              at processTicksAndRejections (node:internal/process/task_queues:104:5)
              at handleInvoicePaid (/home/nate/Oxy/Mercaria/.worktrees/1519-billing-cohort-functional-20261004/packages/backend/src/services/billing/stripe/subscription-events.ts:237:19)
              at processClaimedEvent (/home/nate/Oxy/Mercaria/.worktrees/1519-billing-cohort-functional-20261004/packages/backend/src/services/payments/stripe/event-processor.ts:139:15)
              at processStoredStripeEvent (/home/nate/Oxy/Mercaria/.worktrees/1519-billing-cohort-functional-20261004/packages/backend/src/services/payments/stripe/event-processor.ts:280:3)
              at ingestStripeDelivery (/home/nate/Oxy/Mercaria/.worktrees/1519-billing-cohort-functional-20261004/packages/backend/src/services/payments/stripe/ingress.ts:177:5)
              at /home/nate/Oxy/Mercaria/.worktrees/1519-billing-cohort-functional-20261004/packages/backend/src/routes/stripe-webhook.ts:103:20
    }
[09:18:50] [34mDEBUG[39m: [36m[Stripe] event processed[39m
    [35meventId[39m: "01a10635-7aed-7ebe-9a5b-7535941109df"
    [35mproviderEventId[39m: "evt_updated92c91812f6ce4eb79ee44fa72def1350"
    [35mtype[39m: "customer.subscription.updated"
    [35moutcome[39m: "applied"
[09:18:50] [34mDEBUG[39m: [36m[Stripe] duplicate delivery acknowledged[39m
    [35mproviderEventId[39m: "evt_updated92c91812f6ce4eb79ee44fa72def1350"
    [35mtype[39m: "customer.subscription.updated"
[09:18:50] [34mDEBUG[39m: [36m[Stripe] event processed[39m
    [35meventId[39m: "01a10635-7b16-7835-ba62-88e580dab38c"
    [35mproviderEventId[39m: "evt_failed92c91812f6ce4eb79ee44fa72def1350"
    [35mtype[39m: "invoice.payment_failed"
    [35moutcome[39m: "applied"
[09:18:50] [34mDEBUG[39m: [36m[Stripe] duplicate delivery acknowledged[39m
    [35mproviderEventId[39m: "evt_failed92c91812f6ce4eb79ee44fa72def1350"
    [35mtype[39m: "invoice.payment_failed"
[09:18:50] [34mDEBUG[39m: [36m[Stripe] event processed[39m
    [35meventId[39m: "01a10635-7b36-7025-87ea-aae5d268df26"
    [35mproviderEventId[39m: "evt_deleted92c91812f6ce4eb79ee44fa72def1350"
    [35mtype[39m: "customer.subscription.deleted"
    [35moutcome[39m: "applied"
[09:18:50] [31mERROR[39m: [36m[Stripe] event dead-lettered[39m
    [35meventId[39m: "01a10635-7b52-7e49-99ec-e7a7855be924"
    [35mproviderEventId[39m: "evt_crossstore92c91812f6ce4eb79ee44fa72def1350"
    [35mtype[39m: "invoice.paid"
    [35mattempts[39m: 1
    err: {
      "type": "PaymentProviderError",
      "message": "Subscription is outside the configured billing cohort.",
      "stack":
          PaymentProviderError: Subscription is outside the configured billing cohort.
              at malformed (/home/nate/Oxy/Mercaria/.worktrees/1519-billing-cohort-functional-20261004/packages/backend/src/services/billing/stripe/subscription-events.ts:66:10)
              at handleInvoicePaid (/home/nate/Oxy/Mercaria/.worktrees/1519-billing-cohort-functional-20261004/packages/backend/src/services/billing/stripe/subscription-events.ts:256:69)
              at processTicksAndRejections (node:internal/process/task_queues:104:5)
              at processClaimedEvent (/home/nate/Oxy/Mercaria/.worktrees/1519-billing-cohort-functional-20261004/packages/backend/src/services/payments/stripe/event-processor.ts:139:15)
              at processStoredStripeEvent (/home/nate/Oxy/Mercaria/.worktrees/1519-billing-cohort-functional-20261004/packages/backend/src/services/payments/stripe/event-processor.ts:280:3)
              at ingestStripeDelivery (/home/nate/Oxy/Mercaria/.worktrees/1519-billing-cohort-functional-20261004/packages/backend/src/services/payments/stripe/ingress.ts:177:5)
              at /home/nate/Oxy/Mercaria/.worktrees/1519-billing-cohort-functional-20261004/packages/backend/src/routes/stripe-webhook.ts:103:20
      "provider": "stripe",
      "stage": "verifyEvent",
      "retryable": false,
      "name": "PaymentProviderError"
    }
[09:18:50] [32mINFO[39m: [36m[Stripe] event reopened for replay[39m
    [35meventId[39m: "01a10635-7b65-7c30-b1b1-3ae09f7c7786"
    [35mproviderEventId[39m: "evt_othermode92c91812f6ce4eb79ee44fa72def1350"
    [35mtype[39m: "invoice.paid"
[09:18:50] [34mDEBUG[39m: [36m[Stripe] event processed[39m
    [35meventId[39m: "01a10635-7b65-7c30-b1b1-3ae09f7c7786"
    [35mproviderEventId[39m: "evt_othermode92c91812f6ce4eb79ee44fa72def1350"
    [35mtype[39m: "invoice.paid"
    [35moutcome[39m: "ignored"
[90mstdout[2m | src/routes/__tests__/billing-cohort-stripe.integration.test.ts[2m > [22m[2mthe settlement handler itself works independently of webhook mounting and deduplicates the same event
[22m[39m{"kind":"owned-invoice-distinct-event-diagnostic","sameInvoice":true,"distinctEvents":2,"invoicePaidRows":2,"distinctLedgerTransactions":2,"entryGroups":[{"entries":3,"totalMinor":"0","debitMinor":"100"},{"entries":3,"totalMinor":"0","debitMinor":"100"}]}

 [32m✓[39m src/routes/__tests__/billing-cohort-stripe.integration.test.ts [2m([22m[2m12 tests[22m[2m)[22m[33m 9009[2mms[22m[39m

[2m Test Files [22m [1m[32m2 passed[39m[22m[90m (2)[39m
[2m      Tests [22m [1m[32m21 passed[39m[22m[90m (21)[39m
[2m   Start at [22m 12:18:39
[2m   Duration [22m 11.77s[2m (transform 6.55s, setup 0ms, import 252ms, tests 10.01s, environment 0ms)[22m

