$ vitest run src/config/__tests__/billing-cohort.test.ts src/routes/__tests__/billing-cohort-stripe.integration.test.ts

[1m[30m[46m RUN [49m[39m[22m [36mv4.1.10 [39m[90m/home/nate/Oxy/Mercaria/.worktrees/1519-billing-cohort-functional-20261004/packages/backend[39m

 [32m✓[39m src/config/__tests__/billing-cohort.test.ts [2m([22m[2m9 tests[22m[2m)[22m[33m 934[2mms[22m[39m
   [33m[2m✓[22m[39m enables the existing action flag through only the explicit billing cohort [33m 783[2mms[22m[39m
[09:24:24] [31mERROR[39m: [36m[MerchantBilling] MERCHANT_BILLING_ENABLED is set but no billing rail is configured; staying OFF. Entitlements, existing subscriptions and provider events are unaffected — this flag gates starting or managing a paid plan only.[39m
    [35mmissing[39m: [
      "STRIPE_ENABLED or complete MERCHANT_BILLING_PEABLE_COHORT credentials"
    ]
[09:24:24] [31mERROR[39m: [36m[MerchantBilling] MERCHANT_BILLING_ENABLED is set but no billing rail is configured; staying OFF. Entitlements, existing subscriptions and provider events are unaffected — this flag gates starting or managing a paid plan only.[39m
    [35mmissing[39m: [
      "STRIPE_ENABLED or complete MERCHANT_BILLING_PEABLE_COHORT credentials"
    ]
[09:24:24] [31mERROR[39m: [36m[MerchantBilling] MERCHANT_BILLING_ENABLED is set but no billing rail is configured; staying OFF. Entitlements, existing subscriptions and provider events are unaffected — this flag gates starting or managing a paid plan only.[39m
    [35mmissing[39m: [
      "STRIPE_ENABLED or complete MERCHANT_BILLING_PEABLE_COHORT credentials"
    ]
[09:24:24] [31mERROR[39m: [36m[MerchantBilling] MERCHANT_BILLING_ENABLED is set but no billing rail is configured; staying OFF. Entitlements, existing subscriptions and provider events are unaffected — this flag gates starting or managing a paid plan only.[39m
    [35mmissing[39m: [
      "STRIPE_ENABLED or complete MERCHANT_BILLING_PEABLE_COHORT credentials"
    ]
[09:24:24] [31mERROR[39m: [36m[MerchantBilling] MERCHANT_BILLING_ENABLED is set but no billing rail is configured; staying OFF. Entitlements, existing subscriptions and provider events are unaffected — this flag gates starting or managing a paid plan only.[39m
    [35mmissing[39m: [
      "STRIPE_ENABLED or complete MERCHANT_BILLING_PEABLE_COHORT credentials"
    ]
[09:24:25] [32mINFO[39m: [36mConnected to PostgreSQL successfully[39m
    [35mmaxPoolSize[39m: 4
[09:24:25] [32mINFO[39m: [36mMerchant billing cohort registered[39m
    [35mcohortSha256[39m: "06daf6c30e94bb034454758f57332b8d40b7b1752ca3d07ca6ac6963a8b98c92"
    [35mmode[39m: "test"
    [35menvironment[39m: "development"
    [35mstoreCount[39m: 2
[09:24:25] [32mINFO[39m: [36mRate limiter using in-memory store (REDIS_URL not set)[39m
    [35mscope[39m: "feedback"
[09:24:25] [32mINFO[39m: [36mRate limiter using in-memory store (REDIS_URL not set)[39m
    [35mscope[39m: "feedback"
[09:24:25] [32mINFO[39m: [36mRate limiter using in-memory store (REDIS_URL not set)[39m
    [35mscope[39m: "feedback"
[09:24:25] [33mWARN[39m: [36mVAPID keys not set — web push notifications disabled[39m
[09:24:26] [32mINFO[39m: [36mRate limiter using in-memory store (REDIS_URL not set)[39m
    [35mscope[39m: "listings"
[09:24:26] [32mINFO[39m: [36mRate limiter using in-memory store (REDIS_URL not set)[39m
    [35mscope[39m: "search"
[09:24:26] [32mINFO[39m: [36mRate limiter using in-memory store (REDIS_URL not set)[39m
    [35mscope[39m: "feed"
[09:24:26] [32mINFO[39m: [36mRate limiter using in-memory store (REDIS_URL not set)[39m
    [35mscope[39m: "discovery"
[09:24:26] [32mINFO[39m: [36mRate limiter using in-memory store (REDIS_URL not set)[39m
    [35mscope[39m: "listings"
[09:24:26] [32mINFO[39m: [36mRate limiter using in-memory store (REDIS_URL not set)[39m
    [35mscope[39m: "stores"
[09:24:26] [32mINFO[39m: [36mRate limiter using in-memory store (REDIS_URL not set)[39m
    [35mscope[39m: "listings"
[09:24:26] [32mINFO[39m: [36mRate limiter using in-memory store (REDIS_URL not set)[39m
    [35mscope[39m: "listings"
[09:24:26] [32mINFO[39m: [36mRate limiter using in-memory store (REDIS_URL not set)[39m
    [35mscope[39m: "listings"
[09:24:26] [32mINFO[39m: [36mRate limiter using in-memory store (REDIS_URL not set)[39m
    [35mscope[39m: "listings"
[09:24:26] [32mINFO[39m: [36mRate limiter using in-memory store (REDIS_URL not set)[39m
    [35mscope[39m: "listings"
[09:24:26] [32mINFO[39m: [36mRate limiter using in-memory store (REDIS_URL not set)[39m
    [35mscope[39m: "listings"
[09:24:26] [32mINFO[39m: [36mRate limiter using in-memory store (REDIS_URL not set)[39m
    [35mscope[39m: "cart"
[09:24:26] [32mINFO[39m: [36mRate limiter using in-memory store (REDIS_URL not set)[39m
    [35mscope[39m: "cart"
[09:24:26] [32mINFO[39m: [36mRate limiter using in-memory store (REDIS_URL not set)[39m
    [35mscope[39m: "cart"
[09:24:26] [32mINFO[39m: [36mRate limiter using in-memory store (REDIS_URL not set)[39m
    [35mscope[39m: "cart"
[09:24:26] [32mINFO[39m: [36mRate limiter using in-memory store (REDIS_URL not set)[39m
    [35mscope[39m: "cart"
[09:24:26] [32mINFO[39m: [36mRate limiter using in-memory store (REDIS_URL not set)[39m
    [35mscope[39m: "cart"
[09:24:26] [32mINFO[39m: [36mRate limiter using in-memory store (REDIS_URL not set)[39m
    [35mscope[39m: "cart-merge"
[09:24:26] [32mINFO[39m: [36mRate limiter using in-memory store (REDIS_URL not set)[39m
    [35mscope[39m: "orders"
[09:24:26] [32mINFO[39m: [36mRate limiter using in-memory store (REDIS_URL not set)[39m
    [35mscope[39m: "orders"
[09:24:26] [32mINFO[39m: [36mRate limiter using in-memory store (REDIS_URL not set)[39m
    [35mscope[39m: "orders"
[09:24:26] [32mINFO[39m: [36mRate limiter using in-memory store (REDIS_URL not set)[39m
    [35mscope[39m: "orders"
[09:24:27] [32mINFO[39m: [36mRate limiter using in-memory store (REDIS_URL not set)[39m
    [35mscope[39m: "checkout"
[09:24:27] [32mINFO[39m: [36mRate limiter using in-memory store (REDIS_URL not set)[39m
    [35mscope[39m: "orders"
[09:24:27] [32mINFO[39m: [36mRate limiter using in-memory store (REDIS_URL not set)[39m
    [35mscope[39m: "buyer-requests"
[09:24:27] [32mINFO[39m: [36mRate limiter using in-memory store (REDIS_URL not set)[39m
    [35mscope[39m: "buyer-requests"
[09:24:27] [32mINFO[39m: [36mRate limiter using in-memory store (REDIS_URL not set)[39m
    [35mscope[39m: "orders"
[09:24:27] [32mINFO[39m: [36mRate limiter using in-memory store (REDIS_URL not set)[39m
    [35mscope[39m: "orders"
[09:24:27] [32mINFO[39m: [36mRate limiter using in-memory store (REDIS_URL not set)[39m
    [35mscope[39m: "orders"
[09:24:27] [32mINFO[39m: [36mRate limiter using in-memory store (REDIS_URL not set)[39m
    [35mscope[39m: "orders"
[09:24:27] [32mINFO[39m: [36mRate limiter using in-memory store (REDIS_URL not set)[39m
    [35mscope[39m: "orders"
[09:24:27] [32mINFO[39m: [36mRate limiter using in-memory store (REDIS_URL not set)[39m
    [35mscope[39m: "admin"
[09:24:27] [32mINFO[39m: [36mRate limiter using in-memory store (REDIS_URL not set)[39m
    [35mscope[39m: "orders"
[09:24:27] [32mINFO[39m: [36mRate limiter using in-memory store (REDIS_URL not set)[39m
    [35mscope[39m: "reviews"
[09:24:27] [32mINFO[39m: [36mRate limiter using in-memory store (REDIS_URL not set)[39m
    [35mscope[39m: "stores"
[09:24:27] [32mINFO[39m: [36mRate limiter using in-memory store (REDIS_URL not set)[39m
    [35mscope[39m: "stores"
[09:24:27] [32mINFO[39m: [36mRate limiter using in-memory store (REDIS_URL not set)[39m
    [35mscope[39m: "stores"
[09:24:27] [32mINFO[39m: [36mRate limiter using in-memory store (REDIS_URL not set)[39m
    [35mscope[39m: "stores"
[09:24:27] [32mINFO[39m: [36mRate limiter using in-memory store (REDIS_URL not set)[39m
    [35mscope[39m: "payments"
[09:24:27] [32mINFO[39m: [36mRate limiter using in-memory store (REDIS_URL not set)[39m
    [35mscope[39m: "listings"
[09:24:27] [32mINFO[39m: [36mRate limiter using in-memory store (REDIS_URL not set)[39m
    [35mscope[39m: "listings"
[09:24:27] [32mINFO[39m: [36mRate limiter using in-memory store (REDIS_URL not set)[39m
    [35mscope[39m: "listings"
[09:24:27] [32mINFO[39m: [36mRate limiter using in-memory store (REDIS_URL not set)[39m
    [35mscope[39m: "listings"
[09:24:27] [32mINFO[39m: [36mRate limiter using in-memory store (REDIS_URL not set)[39m
    [35mscope[39m: "listings"
[09:24:27] [32mINFO[39m: [36mRate limiter using in-memory store (REDIS_URL not set)[39m
    [35mscope[39m: "listings"
[09:24:27] [32mINFO[39m: [36mRate limiter using in-memory store (REDIS_URL not set)[39m
    [35mscope[39m: "listings"
[09:24:27] [32mINFO[39m: [36mRate limiter using in-memory store (REDIS_URL not set)[39m
    [35mscope[39m: "listings"
[09:24:27] [32mINFO[39m: [36mRate limiter using in-memory store (REDIS_URL not set)[39m
    [35mscope[39m: "listings"
[09:24:27] [32mINFO[39m: [36mRate limiter using in-memory store (REDIS_URL not set)[39m
    [35mscope[39m: "listings"
[09:24:27] [32mINFO[39m: [36mRate limiter using in-memory store (REDIS_URL not set)[39m
    [35mscope[39m: "listings"
[09:24:27] [32mINFO[39m: [36mRate limiter using in-memory store (REDIS_URL not set)[39m
    [35mscope[39m: "listings"
[09:24:27] [32mINFO[39m: [36mRate limiter using in-memory store (REDIS_URL not set)[39m
    [35mscope[39m: "listings"
[09:24:27] [32mINFO[39m: [36mRate limiter using in-memory store (REDIS_URL not set)[39m
    [35mscope[39m: "listings"
[09:24:27] [32mINFO[39m: [36mRate limiter using in-memory store (REDIS_URL not set)[39m
    [35mscope[39m: "listings"
[09:24:27] [32mINFO[39m: [36mRate limiter using in-memory store (REDIS_URL not set)[39m
    [35mscope[39m: "listings"
[09:24:27] [32mINFO[39m: [36mRate limiter using in-memory store (REDIS_URL not set)[39m
    [35mscope[39m: "orders"
[09:24:27] [32mINFO[39m: [36mRate limiter using in-memory store (REDIS_URL not set)[39m
    [35mscope[39m: "orders"
[09:24:27] [32mINFO[39m: [36mRate limiter using in-memory store (REDIS_URL not set)[39m
    [35mscope[39m: "referral-partner"
[09:24:27] [32mINFO[39m: [36mRate limiter using in-memory store (REDIS_URL not set)[39m
    [35mscope[39m: "sellers"
[09:24:27] [32mINFO[39m: [36mRate limiter using in-memory store (REDIS_URL not set)[39m
    [35mscope[39m: "rates"
[09:24:28] [32mINFO[39m: [36mRate limiter using in-memory store (REDIS_URL not set)[39m
    [35mscope[39m: "channels"
[09:24:28] [32mINFO[39m: [36mRate limiter using in-memory store (REDIS_URL not set)[39m
    [35mscope[39m: "channels"
[09:24:28] [32mINFO[39m: [36mRate limiter using in-memory store (REDIS_URL not set)[39m
    [35mscope[39m: "channels"
[09:24:28] [32mINFO[39m: [36mRate limiter using in-memory store (REDIS_URL not set)[39m
    [35mscope[39m: "channels"
[09:24:28] [32mINFO[39m: [36mRate limiter using in-memory store (REDIS_URL not set)[39m
    [35mscope[39m: "channels"
[09:24:28] [32mINFO[39m: [36mRate limiter using in-memory store (REDIS_URL not set)[39m
    [35mscope[39m: "channels"
[09:24:28] [32mINFO[39m: [36mRate limiter using in-memory store (REDIS_URL not set)[39m
    [35mscope[39m: "payments"
[09:24:28] [32mINFO[39m: [36mRate limiter using in-memory store (REDIS_URL not set)[39m
    [35mscope[39m: "feed-import"
[09:24:28] [32mINFO[39m: [36mRate limiter using in-memory store (REDIS_URL not set)[39m
    [35mscope[39m: "feed-import-fetch"
[09:24:28] [32mINFO[39m: [36mRate limiter using in-memory store (REDIS_URL not set)[39m
    [35mscope[39m: "referral-partner"
[09:24:28] [32mINFO[39m: [36mRate limiter using in-memory store (REDIS_URL not set)[39m
    [35mscope[39m: "admin"
[09:24:28] [32mINFO[39m: [36mRate limiter using in-memory store (REDIS_URL not set)[39m
    [35mscope[39m: "channels"
[09:24:28] [32mINFO[39m: [36mRate limiter using in-memory store (REDIS_URL not set)[39m
    [35mscope[39m: "channels"
[09:24:28] [32mINFO[39m: [36mRate limiter using in-memory store (REDIS_URL not set)[39m
    [35mscope[39m: "channels"
[09:24:28] [32mINFO[39m: [36mRate limiter using in-memory store (REDIS_URL not set)[39m
    [35mscope[39m: "channels"
[09:24:28] [32mINFO[39m: [36mRate limiter using in-memory store (REDIS_URL not set)[39m
    [35mscope[39m: "reports"
[09:24:28] [32mINFO[39m: [36mRate limiter using in-memory store (REDIS_URL not set)[39m
    [35mscope[39m: "reports"
[09:24:28] [32mINFO[39m: [36mRate limiter using in-memory store (REDIS_URL not set)[39m
    [35mscope[39m: "payments"
[09:24:28] [32mINFO[39m: [36mRate limiter using in-memory store (REDIS_URL not set)[39m
    [35mscope[39m: "payments"
[09:24:28] [32mINFO[39m: [36mRate limiter using in-memory store (REDIS_URL not set)[39m
    [35mscope[39m: "listings"
[09:24:28] [32mINFO[39m: [36mRate limiter using in-memory store (REDIS_URL not set)[39m
    [35mscope[39m: "listings"
[09:24:28] [32mINFO[39m: [36mRate limiter using in-memory store (REDIS_URL not set)[39m
    [35mscope[39m: "listings"
[09:24:29] [32mINFO[39m: [36mRate limiter using in-memory store (REDIS_URL not set)[39m
    [35mscope[39m: "listings"
[09:24:29] [32mINFO[39m: [36mRate limiter using in-memory store (REDIS_URL not set)[39m
    [35mscope[39m: "listings"
[09:24:29] [32mINFO[39m: [36mRate limiter using in-memory store (REDIS_URL not set)[39m
    [35mscope[39m: "listings"
[09:24:29] [32mINFO[39m: [36mRate limiter using in-memory store (REDIS_URL not set)[39m
    [35mscope[39m: "listings"
[09:24:29] [32mINFO[39m: [36mRate limiter using in-memory store (REDIS_URL not set)[39m
    [35mscope[39m: "listings"
[09:24:29] [32mINFO[39m: [36mRate limiter using in-memory store (REDIS_URL not set)[39m
    [35mscope[39m: "listings"
[09:24:29] [32mINFO[39m: [36mRate limiter using in-memory store (REDIS_URL not set)[39m
    [35mscope[39m: "nearby"
[09:24:29] [32mINFO[39m: [36mRate limiter using in-memory store (REDIS_URL not set)[39m
    [35mscope[39m: "listings"
[09:24:29] [32mINFO[39m: [36mRate limiter using in-memory store (REDIS_URL not set)[39m
    [35mscope[39m: "search-intent"
[09:24:29] [32mINFO[39m: [36mRate limiter using in-memory store (REDIS_URL not set)[39m
    [35mscope[39m: "admin"
[09:24:29] [32mINFO[39m: [36mRate limiter using in-memory store (REDIS_URL not set)[39m
    [35mscope[39m: "listings"
[09:24:29] [32mINFO[39m: [36mRate limiter using in-memory store (REDIS_URL not set)[39m
    [35mscope[39m: "listings"
[09:24:29] [32mINFO[39m: [36mRate limiter using in-memory store (REDIS_URL not set)[39m
    [35mscope[39m: "listings"
[09:24:29] [32mINFO[39m: [36mRate limiter using in-memory store (REDIS_URL not set)[39m
    [35mscope[39m: "seo"
[09:24:29] [32mINFO[39m: [36mRate limiter using in-memory store (REDIS_URL not set)[39m
    [35mscope[39m: "listings"
[09:24:29] [32mINFO[39m: [36mRate limiter using in-memory store (REDIS_URL not set)[39m
    [35mscope[39m: "merchantCompetitiveness"
[09:24:29] [32mINFO[39m: [36mRate limiter using in-memory store (REDIS_URL not set)[39m
    [35mscope[39m: "listings"
[09:24:29] [32mINFO[39m: [36mRate limiter using in-memory store (REDIS_URL not set)[39m
    [35mscope[39m: "listings"
[09:24:30] [32mINFO[39m: [36mRate limiter using in-memory store (REDIS_URL not set)[39m
    [35mscope[39m: "listings"
[09:24:30] [32mINFO[39m: [36mRate limiter using in-memory store (REDIS_URL not set)[39m
    [35mscope[39m: "listings"
[09:24:30] [32mINFO[39m: [36mRate limiter using in-memory store (REDIS_URL not set)[39m
    [35mscope[39m: "feed-import-fetch"
[09:24:30] [32mINFO[39m: [36mRate limiter using in-memory store (REDIS_URL not set)[39m
    [35mscope[39m: "merchant-claims"
[09:24:30] [32mINFO[39m: [36mRate limiter using in-memory store (REDIS_URL not set)[39m
    [35mscope[39m: "merchant-claims"
[09:24:30] [32mINFO[39m: [36mRate limiter using in-memory store (REDIS_URL not set)[39m
    [35mscope[39m: "referral-redirect"
[09:24:30] [32mINFO[39m: [36mRate limiter using in-memory store (REDIS_URL not set)[39m
    [35mscope[39m: "outbound"
[09:24:30] [32mINFO[39m: [36mRate limiter using in-memory store (REDIS_URL not set)[39m
    [35mscope[39m: "referral-bind"
[09:24:30] [32mINFO[39m: [36mRate limiter using in-memory store (REDIS_URL not set)[39m
    [35mscope[39m: "referral-bind"
[09:24:30] [32mINFO[39m: [36mRate limiter using in-memory store (REDIS_URL not set)[39m
    [35mscope[39m: "referral-bind"
[09:24:30] [32mINFO[39m: [36mRate limiter using in-memory store (REDIS_URL not set)[39m
    [35mscope[39m: "referral-bind"
[09:24:30] [32mINFO[39m: [36mRate limiter using in-memory store (REDIS_URL not set)[39m
    [35mscope[39m: "guest-issue"
[09:24:30] [32mINFO[39m: [36mRate limiter using in-memory store (REDIS_URL not set)[39m
    [35mscope[39m: "guest"
[09:24:30] [32mINFO[39m: [36mRate limiter using in-memory store (REDIS_URL not set)[39m
    [35mscope[39m: "guest"
[09:24:30] [32mINFO[39m: [36mRate limiter using in-memory store (REDIS_URL not set)[39m
    [35mscope[39m: "guest"
[09:24:30] [32mINFO[39m: [36mRate limiter using in-memory store (REDIS_URL not set)[39m
    [35mscope[39m: "guest-recover"
[09:24:30] [32mINFO[39m: [36mRate limiter using in-memory store (REDIS_URL not set)[39m
    [35mscope[39m: "guest-portal"
[09:24:30] [32mINFO[39m: [36mRate limiter using in-memory store (REDIS_URL not set)[39m
    [35mscope[39m: "guest-portal"
[09:24:30] [32mINFO[39m: [36mRate limiter using in-memory store (REDIS_URL not set)[39m
    [35mscope[39m: "guest-portal"
[09:24:30] [32mINFO[39m: [36mRate limiter using in-memory store (REDIS_URL not set)[39m
    [35mscope[39m: "guest-portal"
[09:24:30] [32mINFO[39m: [36mRate limiter using in-memory store (REDIS_URL not set)[39m
    [35mscope[39m: "guest-portal"
[09:24:30] [32mINFO[39m: [36mRate limiter using in-memory store (REDIS_URL not set)[39m
    [35mscope[39m: "guest-portal"
[09:24:30] [32mINFO[39m: [36mRate limiter using in-memory store (REDIS_URL not set)[39m
    [35mscope[39m: "guest-portal"
[09:24:30] [32mINFO[39m: [36mRate limiter using in-memory store (REDIS_URL not set)[39m
    [35mscope[39m: "guest-portal"
[09:24:30] [32mINFO[39m: [36mRate limiter using in-memory store (REDIS_URL not set)[39m
    [35mscope[39m: "guest-claim"
[09:24:30] [32mINFO[39m: [36mRate limiter using in-memory store (REDIS_URL not set)[39m
    [35mscope[39m: "guest-claim"
[09:24:30] [32mINFO[39m: [36mRate limiter using in-memory store (REDIS_URL not set)[39m
    [35mscope[39m: "buyer-requests"
[09:24:30] [32mINFO[39m: [36mRate limiter using in-memory store (REDIS_URL not set)[39m
    [35mscope[39m: "buyer-requests"
[09:24:30] [32mINFO[39m: [36mRate limiter using in-memory store (REDIS_URL not set)[39m
    [35mscope[39m: "guest-portal"
[09:24:30] [32mINFO[39m: [36mRate limiter using in-memory store (REDIS_URL not set)[39m
    [35mscope[39m: "analytics-ingest"
[09:24:30] [32mINFO[39m: [36mRate limiter using in-memory store (REDIS_URL not set)[39m
    [35mscope[39m: "merchant-demand"
[09:24:31] [32mINFO[39m: [36mRate limiter using in-memory store (REDIS_URL not set)[39m
    [35mscope[39m: "listings"
[09:24:31] [32mINFO[39m: [36mRate limiter using in-memory store (REDIS_URL not set)[39m
    [35mscope[39m: "listings"
[09:24:31] [32mINFO[39m: [36mRate limiter using in-memory store (REDIS_URL not set)[39m
    [35mscope[39m: "listings"
[09:24:31] [32mINFO[39m: [36mRate limiter using in-memory store (REDIS_URL not set)[39m
    [35mscope[39m: "admin"
[09:24:31] [32mINFO[39m: [36mRate limiter using in-memory store (REDIS_URL not set)[39m
    [35mscope[39m: "admin"
[09:24:31] [32mINFO[39m: [36mRate limiter using in-memory store (REDIS_URL not set)[39m
    [35mscope[39m: "listings"
[09:24:31] [32mINFO[39m: [36mRate limiter using in-memory store (REDIS_URL not set)[39m
    [35mscope[39m: "listings"
[09:24:31] [32mINFO[39m: [36mRate limiter using in-memory store (REDIS_URL not set)[39m
    [35mscope[39m: "public-api"
[09:24:32] [32mINFO[39m: [36mRate limiter using in-memory store (REDIS_URL not set)[39m
    [35mscope[39m: "general"
[09:24:32] [34mDEBUG[39m: [36m[Stripe] event processed[39m
    [35meventId[39m: "01a1063a-b0ea-769d-b0fd-ea819074ec50"
    [35mproviderEventId[39m: "evt_paid322ef71009f04ddcb33f6a79bccee265"
    [35mtype[39m: "invoice.paid"
    [35moutcome[39m: "applied"
[09:24:32] [34mDEBUG[39m: [36m[Stripe] duplicate delivery acknowledged[39m
    [35mproviderEventId[39m: "evt_paid322ef71009f04ddcb33f6a79bccee265"
    [35mtype[39m: "invoice.paid"
[09:24:32] [33mWARN[39m: [36m[Stripe] event processing failed, will retry[39m
    [35meventId[39m: "01a1063a-b11c-73e0-9f10-a114b79ec15b"
    [35mproviderEventId[39m: "evt_mismatch322ef71009f04ddcb33f6a79bccee265"
    [35mtype[39m: "invoice.paid"
    [35mattempts[39m: 1
    err: {
      "type": "Error",
      "message": "Merchant billing invoice differs from the cohort customer or mode.",
      "stack":
          Error: Merchant billing invoice differs from the cohort customer or mode.
              at Object.invoice (/home/nate/Oxy/Mercaria/.worktrees/1519-billing-cohort-functional-20261004/packages/backend/src/services/billing/stripe/cohort-reader.ts:38:15)
              at processTicksAndRejections (node:internal/process/task_queues:104:5)
              at handleInvoicePaid (/home/nate/Oxy/Mercaria/.worktrees/1519-billing-cohort-functional-20261004/packages/backend/src/services/billing/stripe/subscription-events.ts:237:19)
              at processClaimedEvent (/home/nate/Oxy/Mercaria/.worktrees/1519-billing-cohort-functional-20261004/packages/backend/src/services/payments/stripe/event-processor.ts:139:15)
              at processStoredStripeEvent (/home/nate/Oxy/Mercaria/.worktrees/1519-billing-cohort-functional-20261004/packages/backend/src/services/payments/stripe/event-processor.ts:280:3)
              at ingestStripeDelivery (/home/nate/Oxy/Mercaria/.worktrees/1519-billing-cohort-functional-20261004/packages/backend/src/services/payments/stripe/ingress.ts:177:5)
              at /home/nate/Oxy/Mercaria/.worktrees/1519-billing-cohort-functional-20261004/packages/backend/src/routes/stripe-webhook.ts:103:20
    }
[09:24:32] [34mDEBUG[39m: [36m[Stripe] event processed[39m
    [35meventId[39m: "01a1063a-b158-7f2d-ac91-6a5694426f3c"
    [35mproviderEventId[39m: "evt_updated322ef71009f04ddcb33f6a79bccee265"
    [35mtype[39m: "customer.subscription.updated"
    [35moutcome[39m: "applied"
[09:24:32] [34mDEBUG[39m: [36m[Stripe] duplicate delivery acknowledged[39m
    [35mproviderEventId[39m: "evt_updated322ef71009f04ddcb33f6a79bccee265"
    [35mtype[39m: "customer.subscription.updated"
[09:24:32] [34mDEBUG[39m: [36m[Stripe] event processed[39m
    [35meventId[39m: "01a1063a-b174-7a53-9388-d00abfadb2eb"
    [35mproviderEventId[39m: "evt_failed322ef71009f04ddcb33f6a79bccee265"
    [35mtype[39m: "invoice.payment_failed"
    [35moutcome[39m: "applied"
[09:24:32] [34mDEBUG[39m: [36m[Stripe] duplicate delivery acknowledged[39m
    [35mproviderEventId[39m: "evt_failed322ef71009f04ddcb33f6a79bccee265"
    [35mtype[39m: "invoice.payment_failed"
[09:24:32] [34mDEBUG[39m: [36m[Stripe] event processed[39m
    [35meventId[39m: "01a1063a-b192-7649-85da-0b251967699f"
    [35mproviderEventId[39m: "evt_deleted322ef71009f04ddcb33f6a79bccee265"
    [35mtype[39m: "customer.subscription.deleted"
    [35moutcome[39m: "applied"
[09:24:32] [31mERROR[39m: [36m[Stripe] event dead-lettered[39m
    [35meventId[39m: "01a1063a-b1af-7db4-9804-33570d7ed42a"
    [35mproviderEventId[39m: "evt_crossstore322ef71009f04ddcb33f6a79bccee265"
    [35mtype[39m: "invoice.paid"
    [35mattempts[39m: 1
    err: {
      "type": "PaymentProviderError",
      "message": "Subscription is outside the configured billing cohort.",
      "stack":
          PaymentProviderError: Subscription is outside the configured billing cohort.
              at malformed (/home/nate/Oxy/Mercaria/.worktrees/1519-billing-cohort-functional-20261004/packages/backend/src/services/billing/stripe/subscription-events.ts:66:10)
              at handleInvoicePaid (/home/nate/Oxy/Mercaria/.worktrees/1519-billing-cohort-functional-20261004/packages/backend/src/services/billing/stripe/subscription-events.ts:256:69)
              at processTicksAndRejections (node:internal/process/task_queues:104:5)
              at processClaimedEvent (/home/nate/Oxy/Mercaria/.worktrees/1519-billing-cohort-functional-20261004/packages/backend/src/services/payments/stripe/event-processor.ts:139:15)
              at processStoredStripeEvent (/home/nate/Oxy/Mercaria/.worktrees/1519-billing-cohort-functional-20261004/packages/backend/src/services/payments/stripe/event-processor.ts:280:3)
              at ingestStripeDelivery (/home/nate/Oxy/Mercaria/.worktrees/1519-billing-cohort-functional-20261004/packages/backend/src/services/payments/stripe/ingress.ts:177:5)
              at /home/nate/Oxy/Mercaria/.worktrees/1519-billing-cohort-functional-20261004/packages/backend/src/routes/stripe-webhook.ts:103:20
      "provider": "stripe",
      "stage": "verifyEvent",
      "retryable": false,
      "name": "PaymentProviderError"
    }
[09:24:32] [32mINFO[39m: [36m[Stripe] event reopened for replay[39m
    [35meventId[39m: "01a1063a-b1c2-788f-b330-9555dbc8d381"
    [35mproviderEventId[39m: "evt_othermode322ef71009f04ddcb33f6a79bccee265"
    [35mtype[39m: "invoice.paid"
[09:24:32] [34mDEBUG[39m: [36m[Stripe] event processed[39m
    [35meventId[39m: "01a1063a-b1c2-788f-b330-9555dbc8d381"
    [35mproviderEventId[39m: "evt_othermode322ef71009f04ddcb33f6a79bccee265"
    [35mtype[39m: "invoice.paid"
    [35moutcome[39m: "ignored"
[90mstdout[2m | src/routes/__tests__/billing-cohort-stripe.integration.test.ts[2m > [22m[2mconcurrent distinct events wait on the canonical binding lock and book one invoice
[22m[39m{"kind":"owned-invoice-concurrency-barrier","blockedCanonicalSelects":2}

 [32m✓[39m src/routes/__tests__/billing-cohort-stripe.integration.test.ts [2m([22m[2m17 tests[22m[2m)[22m[33m 8602[2mms[22m[39m

[2m Test Files [22m [1m[32m2 passed[39m[22m[90m (2)[39m
[2m      Tests [22m [1m[32m26 passed[39m[22m[90m (26)[39m
[2m   Start at [22m 12:24:21
[2m   Duration [22m 11.18s[2m (transform 6.20s, setup 0ms, import 251ms, tests 9.54s, environment 0ms)[22m

