$ bun run --filter @mercaria/dashboard build
@mercaria/dashboard build: Expo Autolinking module resolution enabled
@mercaria/dashboard build: Starting Metro Bundler
@mercaria/dashboard build: 
@mercaria/dashboard build:  WARN  Attempted to import the module "/home/nate/Oxy/Mercaria/.worktrees/1519-final-sdk-pins-20261003/node_modules/make-plural/cardinals.mjs" which is not listed in the "exports" of "/home/nate/Oxy/Mercaria/.worktrees/1519-final-sdk-pins-20261003/node_modules/make-plural" under the requested subpath "./cardinals.mjs". Falling back to file-based resolution. Consider updating the call site or asking the package maintainer(s) to expose this API.
@mercaria/dashboard build:  WARN  Attempted to import the module "/home/nate/Oxy/Mercaria/.worktrees/1519-final-sdk-pins-20261003/node_modules/make-plural/pluralCategories.mjs" which is not listed in the "exports" of "/home/nate/Oxy/Mercaria/.worktrees/1519-final-sdk-pins-20261003/node_modules/make-plural" under the requested subpath "./pluralCategories.mjs". Falling back to file-based resolution. Consider updating the call site or asking the package maintainer(s) to expose this API.
@mercaria/dashboard build:  WARN  Attempted to import the module "/home/nate/Oxy/Mercaria/.worktrees/1519-final-sdk-pins-20261003/node_modules/@noble/hashes/crypto.js" which is not listed in the "exports" of "/home/nate/Oxy/Mercaria/.worktrees/1519-final-sdk-pins-20261003/node_modules/@noble/hashes" under the requested subpath "./crypto.js". Falling back to file-based resolution. Consider updating the call site or asking the package maintainer(s) to expose this API.
@mercaria/dashboard build: Web Bundled 14010ms packages/dashboard/index.web.tsx (5572 modules)
@mercaria/dashboard build: 
@mercaria/dashboard build: › Assets (36):
@mercaria/dashboard build: ../../node_modules/@expo/vector-icons/build/vendor/react-native-vector-icons/Fonts/FontAwesome.b06871f281fee6b241d60582ae9369b9.ttf (166KB)
@mercaria/dashboard build: ../../node_modules/@oxy.so/bloom/lib/module/fonts/assets/BlomusModernus-Bold.c8e4c906b137ccc90f9aa1fbccbe85b2.woff2 (78KB)
@mercaria/dashboard build: ../../node_modules/@oxy.so/bloom/lib/module/fonts/assets/BlomusModernus-Regular.6a898c26aeb50e6f31189d06dd2bf3e9.woff2 (78KB)
@mercaria/dashboard build: ../../node_modules/@oxy.so/bloom/lib/module/fonts/assets/InterVariable.260c81a4759baf163c025001c4f27872.woff2 (48KB)
@mercaria/dashboard build: ../../node_modules/@oxy.so/bloom/lib/module/fonts/assets/JetBrainsMono-Variable.b058178d7f309414f8f856b99fd80d9b.woff2 (40KB)
@mercaria/dashboard build: ../../node_modules/@oxy.so/services/lib/module/assets/fonts/icons/OxyServicesIonicons.48b1d8ee549a265d0c1aa67fed7fbca2.ttf (43KB)
@mercaria/dashboard build: ../../node_modules/@oxy.so/services/lib/module/assets/fonts/icons/OxyServicesMaterialCommunityIcons.88d575089a17d9d10e08c411fd7105ba.ttf (29KB)
@mercaria/dashboard build: ../../node_modules/@oxy.so/services/lib/module/assets/signIn/slide-1.b29a38b76e9e9e426cc152c3a1a56a73.jpg (102KB)
@mercaria/dashboard build: ../../node_modules/@oxy.so/services/lib/module/assets/signIn/slide-2.045f767e731a6b2801ce1ea8dbda92f5.jpg (88KB)
@mercaria/dashboard build: ../../node_modules/@oxy.so/services/lib/module/assets/signIn/slide-3.32a001447e68adf690be104bddcce0ef.jpg (59KB)
@mercaria/dashboard build: ../../node_modules/@oxy.so/services/lib/module/assets/signIn/slide-4.1de81f0781c3c99c5615d0ec8eb5dee6.jpg (47KB)
@mercaria/dashboard build: ../../node_modules/expo-router/assets/arrow_down.017bc6ba3fc25503e5eb5e53826d48a8.png (9.5KB)
@mercaria/dashboard build: ../../node_modules/expo-router/assets/error.d1ea1496f9057eb392d5bbf3732a61b7.png (469B)
@mercaria/dashboard build: ../../node_modules/expo-router/assets/file.19eeb73b9593a38f8e9f418337fc7d10.png (138B)
@mercaria/dashboard build: ../../node_modules/expo-router/assets/forward.d8b800c443b8972542883e0b9de2bdc6.png (188B)
@mercaria/dashboard build: ../../node_modules/expo-router/assets/pkg.ab19f4cbc543357183a20571f68380a3.png (364B)
@mercaria/dashboard build: ../../node_modules/expo-router/assets/react-navigation/elements/back-icon-mask.0a328cd9c1afd0afe8e3b1ec5165b1b4.png (653B)
@mercaria/dashboard build: ../../node_modules/expo-router/assets/react-navigation/elements/back-icon.35ba0eaec5a4f5ed12ca16fabeae451d.png (207B)
@mercaria/dashboard build: ../../node_modules/expo-router/assets/react-navigation/elements/clear-icon.c94f6478e7ae0cdd9f15de1fcb9e5e55.png (4 variations | 425B)
@mercaria/dashboard build: ../../node_modules/expo-router/assets/react-navigation/elements/close-icon.808e1b1b9b53114ec2838071a7e6daa7.png (4 variations | 235B)
@mercaria/dashboard build: ../../node_modules/expo-router/assets/react-navigation/elements/search-icon.286d67d3f74808a60a78d3ebf1a5fb57.png (928B)
@mercaria/dashboard build: ../../node_modules/expo-router/assets/sitemap.412dd9275b6b48ad28f5e3d81bb1f626.png (465B)
@mercaria/dashboard build: ../../node_modules/expo-router/assets/unmatched.20e71bdf79e3a97bf55fd9e164041578.png (4.8KB)
@mercaria/dashboard build: ../ui/node_modules/@oxy.so/bloom/lib/module/fonts/assets/BlomusModernus-Bold.c8e4c906b137ccc90f9aa1fbccbe85b2.woff2 (78KB)
@mercaria/dashboard build: ../ui/node_modules/@oxy.so/bloom/lib/module/fonts/assets/BlomusModernus-Regular.6a898c26aeb50e6f31189d06dd2bf3e9.woff2 (78KB)
@mercaria/dashboard build: ../ui/node_modules/@oxy.so/bloom/lib/module/fonts/assets/InterVariable.260c81a4759baf163c025001c4f27872.woff2 (48KB)
@mercaria/dashboard build: ../ui/node_modules/@oxy.so/bloom/lib/module/fonts/assets/JetBrainsMono-Variable.b058178d7f309414f8f856b99fd80d9b.woff2 (40KB)
@mercaria/dashboard build: assets/fonts/Inter-Italic-VariableFont_opsz,wght.6dce17792107f0321537c2f1e9f12866.ttf (905KB)
@mercaria/dashboard build: assets/fonts/Inter-VariableFont_opsz,wght.0a77e23a8fdbe6caefd53cb04c26fabc.ttf (875KB)
@mercaria/dashboard build: assets/fonts/SpaceMono-Regular.49a79d66bdea2debf1832bf4d7aca127.ttf (93KB)
@mercaria/dashboard build: 
@mercaria/dashboard build: › web bundles (89):
@mercaria/dashboard build: _expo/static/css/global-29926471f8fe2f118c08da159250d99c.css (63KB)
@mercaria/dashboard build: _expo/static/js/web/__common-3cfe8128762312fb0aa6b5b06fc8ea29.js (82KB)
@mercaria/dashboard build: _expo/static/js/web/__expo-metro-runtime-1f8f5d3ca6b7f58204d51e14506d73fb.js (3.8KB)
@mercaria/dashboard build: _expo/static/js/web/AccountMembersScreen-24e8942743f239579797eaf294710cc6.js (10KB)
@mercaria/dashboard build: _expo/static/js/web/AccountSettingsScreen-2baa6a446fdf4aaee4987e1689a114c7.js (6KB)
@mercaria/dashboard build: _expo/static/js/web/AccountVerificationScreen-25f0790c0cf992fc992f8a1082a6c807.js (7.3KB)
@mercaria/dashboard build: _expo/static/js/web/AppInfoScreen-9e723f7c5a5b62c2f08b8216d337f00b.js (12KB)
@mercaria/dashboard build: _expo/static/js/web/ar-ab152b1d9c29598c1e26d2850ead2ef7.js (178KB)
@mercaria/dashboard build: _expo/static/js/web/ar-bee55a40d5795e1e387a4c5ba4b096e7.js (178KB)
@mercaria/dashboard build: _expo/static/js/web/ar-SA-3916eba3a889b856a48b2ea5c1baa0bf.js (35KB)
@mercaria/dashboard build: _expo/static/js/web/AvatarCropScreen-01b2571e528d817c16916725fd1cff56.js (21KB)
@mercaria/dashboard build: _expo/static/js/web/bn-2598ebe23eb6c9a2f2611afae9ecf211.js (173KB)
@mercaria/dashboard build: _expo/static/js/web/bn-5c420846b714e1d70d18f0f3d5a33bce.js (173KB)
@mercaria/dashboard build: _expo/static/js/web/ca-b6e70686e3b5685dfa21ea6f1b17ee12.js (67KB)
@mercaria/dashboard build: _expo/static/js/web/ca-ES-4f1fbd1a4143aa831771172d7df5b429.js (13KB)
@mercaria/dashboard build: _expo/static/js/web/ca-fb108355fb99d3b1946df5f6bf4dc457.js (67KB)
@mercaria/dashboard build: _expo/static/js/web/ChangeAvatarScreen-7ea6031fc8036b019a2dc86903cfeb59.js (4.4KB)
@mercaria/dashboard build: _expo/static/js/web/ConnectedAppsScreen-1842c4e1e584606880ac62d09f167640.js (3.1KB)
@mercaria/dashboard build: _expo/static/js/web/CreateAccountScreen-1ddbf88c6a5430c156d864a0dcaef98b.js (7.5KB)
@mercaria/dashboard build: _expo/static/js/web/de-a9ae23bcee497e3fef231f11f1295e6f.js (66KB)
@mercaria/dashboard build: _expo/static/js/web/de-DE-775304e1eb34720a9a2011b882a144a4.js (14KB)
@mercaria/dashboard build: _expo/static/js/web/de-f2a887b586e319a1b94dcf3f6efcf03f.js (66KB)
@mercaria/dashboard build: _expo/static/js/web/DeleteAccountScreen-9cb4340c3f0b1371b66a12bcd3b216e7.js (352B)
@mercaria/dashboard build: _expo/static/js/web/DomainsScreen-44e14d08870c6faebfda7e16bd145c9a.js (4.4KB)
@mercaria/dashboard build: _expo/static/js/web/EditProfileFieldScreen-9851e139e323bc1e5454be7aa191c67a.js (31KB)
@mercaria/dashboard build: _expo/static/js/web/EditProfileScreen-9b673d1f54f7845007d16bd6bf0d041a.js (3.5KB)
@mercaria/dashboard build: _expo/static/js/web/empty-module-7b1ad42925148989d1d0a7580639c090.js (39B)
@mercaria/dashboard build: _expo/static/js/web/es-0b0030a62b04d593ab534070359941b0.js (67KB)
@mercaria/dashboard build: _expo/static/js/web/es-98d364e02013f6ce7a24d95eb5b41848.js (67KB)
@mercaria/dashboard build: _expo/static/js/web/es-ES-c18f3406eed65b20d0c6e9fa5f9730a0.js (67KB)
@mercaria/dashboard build: _expo/static/js/web/FileManagementScreen-61e4e65e2190146d53408bf607b39462.js (65KB)
@mercaria/dashboard build: _expo/static/js/web/FollowersListScreen-7821d5e55454425add11152a41a1d989.js (316B)
@mercaria/dashboard build: _expo/static/js/web/FollowingListScreen-f2913a0bfd4d86bd26edc2e79d3cf85b.js (316B)
@mercaria/dashboard build: _expo/static/js/web/fr-4f23892e2b0ff8f284479255e6d5b0a7.js (70KB)
@mercaria/dashboard build: _expo/static/js/web/fr-b805c6215f70ca37f28455cd49eef2a9.js (70KB)
@mercaria/dashboard build: _expo/static/js/web/fr-FR-a41f1bd6c0f1226dc144a97c65264ae1.js (14KB)
@mercaria/dashboard build: _expo/static/js/web/HelpSupportScreen-33164c21f71c8f5754f4c15f0f440a6c.js (2.9KB)
@mercaria/dashboard build: _expo/static/js/web/hi-894925caa1ca828c0c0b6d61955683a1.js (168KB)
@mercaria/dashboard build: _expo/static/js/web/hi-b56aac97923ed19f6a7eebec796e1114.js (168KB)
@mercaria/dashboard build: _expo/static/js/web/HistoryViewScreen-c0fadcb6fa57c0edb8509262aabc7fc1.js (4KB)
@mercaria/dashboard build: _expo/static/js/web/id-e61dab2ab73585487ec194e69e7ee62f.js (61KB)
@mercaria/dashboard build: _expo/static/js/web/id-e9a5b6fd878a597a50538bec46d335d7.js (61KB)
@mercaria/dashboard build: _expo/static/js/web/ImagePicker-1c3951ecaa5155f6cb3ce91dbc7d7c44.js (8.6KB)
@mercaria/dashboard build: _expo/static/js/web/index-1a577c79fecddc0b904c1cf7585d874b.js (13KB)
@mercaria/dashboard build: _expo/static/js/web/index-28925a9a11ad43df7bb15d64cd48c6fa.js (11MB)
@mercaria/dashboard build: _expo/static/js/web/index-40a8b1e171d83ccf5d9d2e2d64bf3378.js (54KB)
@mercaria/dashboard build: _expo/static/js/web/index-4c3337ebe702a0290db7a6058456be05.js (12KB)
@mercaria/dashboard build: _expo/static/js/web/index-88d1616d8752eb9fbbfd6a82398e705f.js (2.1KB)
@mercaria/dashboard build: _expo/static/js/web/internal-33935b348b66acb66b5d19e4acd61e89.js (2.4KB)
@mercaria/dashboard build: _expo/static/js/web/it-8bf08ad8499c5ea360ab1e40647d8b54.js (65KB)
@mercaria/dashboard build: _expo/static/js/web/it-ed78c3caa036f960fd7e174b98a0fbdd.js (65KB)
@mercaria/dashboard build: _expo/static/js/web/it-IT-b6bca0b1a1d2f8e44495469cfd5e4c48.js (13KB)
@mercaria/dashboard build: _expo/static/js/web/ja-5e29ce10677d1a638a862335749ac45a.js (104KB)
@mercaria/dashboard build: _expo/static/js/web/ja-a18599fc4166715e5165cd9aae2f31a2.js (104KB)
@mercaria/dashboard build: _expo/static/js/web/ja-JP-33634b9f714b037f82814003f7f9d8a6.js (26KB)
@mercaria/dashboard build: _expo/static/js/web/ko-KR-60886c7043ee4470e84777061bcc8d72.js (21KB)
@mercaria/dashboard build: _expo/static/js/web/LanguageSelectorScreen-4a9c92f160507c819fb04044b7a1319b.js (3.6KB)
@mercaria/dashboard build: _expo/static/js/web/LearnMoreUsernamesScreen-0020305c264e91fa085c5c9c9a1f348c.js (4.7KB)
@mercaria/dashboard build: _expo/static/js/web/LegalDocumentsScreen-f01b73b467e4623c46e90e4311f85753.js (4.4KB)
@mercaria/dashboard build: _expo/static/js/web/LinkCommonsScreen-aa67099232083cf0c3938576007a4e26.js (317B)
@mercaria/dashboard build: _expo/static/js/web/ManageAccountScreen-56f7fff6e8e13f8a302be602b5e0c6a1.js (22KB)
@mercaria/dashboard build: _expo/static/js/web/NotificationsScreen-80348b57419721c7cf45018b36d95c12.js (3.2KB)
@mercaria/dashboard build: _expo/static/js/web/OxyAccountDialogScreen-de420da2a81c31b874867f375bde5692.js (43KB)
@mercaria/dashboard build: _expo/static/js/web/PaymentGatewayScreen-a4715c71a62adab76e4d698dc71b50db.js (29KB)
@mercaria/dashboard build: _expo/static/js/web/PreferencesScreen-e6751b4e9a661ea5ff44b5157b75454b.js (3.4KB)
@mercaria/dashboard build: _expo/static/js/web/PrivacySettingsScreen-446ac9817d833b08f65d329320864baa.js (12KB)
@mercaria/dashboard build: _expo/static/js/web/ProfileScreen-0673137fae3096464b2c53e3ccdae6e1.js (8.3KB)
@mercaria/dashboard build: _expo/static/js/web/pt-6b71afa5c9b5fc39b32907763bc24a93.js (67KB)
@mercaria/dashboard build: _expo/static/js/web/pt-8c24571515b366b0e0eb47660aadb330.js (67KB)
@mercaria/dashboard build: _expo/static/js/web/pt-PT-87fbfb07b3572b657738a791d9ba52ca.js (14KB)
@mercaria/dashboard build: _expo/static/js/web/ru-5faea22fe12ffd2faae724e13d92c496.js (199KB)
@mercaria/dashboard build: _expo/static/js/web/ru-f945b597d7cea4cb81ebc48408a83518.js (199KB)
@mercaria/dashboard build: _expo/static/js/web/SearchSettingsScreen-0b774ca57113393f9bf8af588af08efa.js (2.5KB)
@mercaria/dashboard build: _expo/static/js/web/SecureStore-adf4aeadd1665de4613d0d3011370cb1.js (2.4KB)
@mercaria/dashboard build: _expo/static/js/web/SignInAuthenticatorScreen-29bae86da1de3560dff89e13b3ee6b47.js (319B)
@mercaria/dashboard build: _expo/static/js/web/SignInPasswordScreen-dc335d7f7722c596dbd5d9b030098d8a.js (359B)
@mercaria/dashboard build: _expo/static/js/web/tr-59b8fe990cdd323b152b6d3baeacb444.js (71KB)
@mercaria/dashboard build: _expo/static/js/web/tr-f9ed68356e2646f164fee31b3e03010a.js (71KB)
@mercaria/dashboard build: _expo/static/js/web/TrustAboutScreen-a75c6e6b9ddff189247302c6eba55a96.js (4.9KB)
@mercaria/dashboard build: _expo/static/js/web/TrustCenterScreen-4f503932a474b96710cf29b3005741e0.js (4.4KB)
@mercaria/dashboard build: _expo/static/js/web/TrustFAQScreen-d0f463e0dc2929560ae5107e21db6ffc.js (1.8KB)
@mercaria/dashboard build: _expo/static/js/web/TrustLeaderboardScreen-15c0ce92f1bbc894827f1c26a33a3ebc.js (4.3KB)
@mercaria/dashboard build: _expo/static/js/web/TrustRewardsScreen-c34986bf1e3476819b8075791f66e875.js (9.4KB)
@mercaria/dashboard build: _expo/static/js/web/TrustRulesScreen-5705fba1f2c13330db584efcf4c78c1d.js (2.2KB)
@mercaria/dashboard build: _expo/static/js/web/UserLinksScreen-46b31e871bf6fa966c2e26697d3c43b7.js (1.1KB)
@mercaria/dashboard build: _expo/static/js/web/WelcomeNewUserScreen-2dea1b4770ba54f29990174776bfabdb.js (8.7KB)
@mercaria/dashboard build: _expo/static/js/web/zh-01f7ec7291c887ec3df18122c2a0971c.js (81KB)
@mercaria/dashboard build: _expo/static/js/web/zh-691d484e74c9da4ee7f28f3e3a3ed16c.js (81KB)
@mercaria/dashboard build: _expo/static/js/web/zh-CN-9ad80f5de4a2a9020a9bd46e5263fd41.js (18KB)
@mercaria/dashboard build: 
@mercaria/dashboard build: › Files (3):
@mercaria/dashboard build: favicon.ico (15KB)
@mercaria/dashboard build: index.html (1.6KB)
@mercaria/dashboard build: metadata.json (49B)
@mercaria/dashboard build: 
@mercaria/dashboard build: Exported: dist
@mercaria/dashboard build: Exited with code 0
