$ bun run --filter @mercaria/frontend build
@mercaria/frontend build: Expo Autolinking module resolution enabled
@mercaria/frontend build: Starting Metro Bundler
@mercaria/frontend build: 
@mercaria/frontend build:  WARN  Attempted to import the module "/home/nate/Oxy/Mercaria/.worktrees/1519-final-sdk-pins-20261003/node_modules/make-plural/cardinals.mjs" which is not listed in the "exports" of "/home/nate/Oxy/Mercaria/.worktrees/1519-final-sdk-pins-20261003/node_modules/make-plural" under the requested subpath "./cardinals.mjs". Falling back to file-based resolution. Consider updating the call site or asking the package maintainer(s) to expose this API.
@mercaria/frontend build:  WARN  Attempted to import the module "/home/nate/Oxy/Mercaria/.worktrees/1519-final-sdk-pins-20261003/node_modules/make-plural/pluralCategories.mjs" which is not listed in the "exports" of "/home/nate/Oxy/Mercaria/.worktrees/1519-final-sdk-pins-20261003/node_modules/make-plural" under the requested subpath "./pluralCategories.mjs". Falling back to file-based resolution. Consider updating the call site or asking the package maintainer(s) to expose this API.
@mercaria/frontend build:  WARN  Attempted to import the module "/home/nate/Oxy/Mercaria/.worktrees/1519-final-sdk-pins-20261003/node_modules/@noble/hashes/crypto.js" which is not listed in the "exports" of "/home/nate/Oxy/Mercaria/.worktrees/1519-final-sdk-pins-20261003/node_modules/@noble/hashes" under the requested subpath "./crypto.js". Falling back to file-based resolution. Consider updating the call site or asking the package maintainer(s) to expose this API.
@mercaria/frontend build: Web Bundled 14348ms packages/frontend/index.web.tsx (5745 modules)
@mercaria/frontend build: 
@mercaria/frontend build: › Assets (36):
@mercaria/frontend build: ../../node_modules/@expo/vector-icons/build/vendor/react-native-vector-icons/Fonts/FontAwesome.b06871f281fee6b241d60582ae9369b9.ttf (166KB)
@mercaria/frontend build: ../../node_modules/@oxy.so/bloom/lib/module/fonts/assets/BlomusModernus-Bold.c8e4c906b137ccc90f9aa1fbccbe85b2.woff2 (78KB)
@mercaria/frontend build: ../../node_modules/@oxy.so/bloom/lib/module/fonts/assets/BlomusModernus-Regular.6a898c26aeb50e6f31189d06dd2bf3e9.woff2 (78KB)
@mercaria/frontend build: ../../node_modules/@oxy.so/bloom/lib/module/fonts/assets/InterVariable.260c81a4759baf163c025001c4f27872.woff2 (48KB)
@mercaria/frontend build: ../../node_modules/@oxy.so/bloom/lib/module/fonts/assets/JetBrainsMono-Variable.b058178d7f309414f8f856b99fd80d9b.woff2 (40KB)
@mercaria/frontend build: ../../node_modules/@oxy.so/services/lib/module/assets/fonts/icons/OxyServicesIonicons.48b1d8ee549a265d0c1aa67fed7fbca2.ttf (43KB)
@mercaria/frontend build: ../../node_modules/@oxy.so/services/lib/module/assets/fonts/icons/OxyServicesMaterialCommunityIcons.88d575089a17d9d10e08c411fd7105ba.ttf (29KB)
@mercaria/frontend build: ../../node_modules/@oxy.so/services/lib/module/assets/signIn/slide-1.b29a38b76e9e9e426cc152c3a1a56a73.jpg (102KB)
@mercaria/frontend build: ../../node_modules/@oxy.so/services/lib/module/assets/signIn/slide-2.045f767e731a6b2801ce1ea8dbda92f5.jpg (88KB)
@mercaria/frontend build: ../../node_modules/@oxy.so/services/lib/module/assets/signIn/slide-3.32a001447e68adf690be104bddcce0ef.jpg (59KB)
@mercaria/frontend build: ../../node_modules/@oxy.so/services/lib/module/assets/signIn/slide-4.1de81f0781c3c99c5615d0ec8eb5dee6.jpg (47KB)
@mercaria/frontend build: ../../node_modules/expo-router/assets/arrow_down.017bc6ba3fc25503e5eb5e53826d48a8.png (9.5KB)
@mercaria/frontend build: ../../node_modules/expo-router/assets/error.d1ea1496f9057eb392d5bbf3732a61b7.png (469B)
@mercaria/frontend build: ../../node_modules/expo-router/assets/file.19eeb73b9593a38f8e9f418337fc7d10.png (138B)
@mercaria/frontend build: ../../node_modules/expo-router/assets/forward.d8b800c443b8972542883e0b9de2bdc6.png (188B)
@mercaria/frontend build: ../../node_modules/expo-router/assets/pkg.ab19f4cbc543357183a20571f68380a3.png (364B)
@mercaria/frontend build: ../../node_modules/expo-router/assets/react-navigation/elements/back-icon-mask.0a328cd9c1afd0afe8e3b1ec5165b1b4.png (653B)
@mercaria/frontend build: ../../node_modules/expo-router/assets/react-navigation/elements/back-icon.35ba0eaec5a4f5ed12ca16fabeae451d.png (207B)
@mercaria/frontend build: ../../node_modules/expo-router/assets/react-navigation/elements/clear-icon.c94f6478e7ae0cdd9f15de1fcb9e5e55.png (4 variations | 425B)
@mercaria/frontend build: ../../node_modules/expo-router/assets/react-navigation/elements/close-icon.808e1b1b9b53114ec2838071a7e6daa7.png (4 variations | 235B)
@mercaria/frontend build: ../../node_modules/expo-router/assets/react-navigation/elements/search-icon.286d67d3f74808a60a78d3ebf1a5fb57.png (928B)
@mercaria/frontend build: ../../node_modules/expo-router/assets/sitemap.412dd9275b6b48ad28f5e3d81bb1f626.png (465B)
@mercaria/frontend build: ../../node_modules/expo-router/assets/unmatched.20e71bdf79e3a97bf55fd9e164041578.png (4.8KB)
@mercaria/frontend build: ../ui/node_modules/@oxy.so/bloom/lib/module/fonts/assets/BlomusModernus-Bold.c8e4c906b137ccc90f9aa1fbccbe85b2.woff2 (78KB)
@mercaria/frontend build: ../ui/node_modules/@oxy.so/bloom/lib/module/fonts/assets/BlomusModernus-Regular.6a898c26aeb50e6f31189d06dd2bf3e9.woff2 (78KB)
@mercaria/frontend build: ../ui/node_modules/@oxy.so/bloom/lib/module/fonts/assets/InterVariable.260c81a4759baf163c025001c4f27872.woff2 (48KB)
@mercaria/frontend build: ../ui/node_modules/@oxy.so/bloom/lib/module/fonts/assets/JetBrainsMono-Variable.b058178d7f309414f8f856b99fd80d9b.woff2 (40KB)
@mercaria/frontend build: assets/fonts/Inter-Italic-VariableFont_opsz,wght.6dce17792107f0321537c2f1e9f12866.ttf (905KB)
@mercaria/frontend build: assets/fonts/Inter-VariableFont_opsz,wght.0a77e23a8fdbe6caefd53cb04c26fabc.ttf (875KB)
@mercaria/frontend build: assets/fonts/SpaceMono-Regular.49a79d66bdea2debf1832bf4d7aca127.ttf (93KB)
@mercaria/frontend build: 
@mercaria/frontend build: › web bundles (88):
@mercaria/frontend build: _expo/static/css/global-04c9e9c3ef9ed605c07199ce63562c2e.css (71KB)
@mercaria/frontend build: _expo/static/js/web/__common-cfd077810b61098d9289c8390658de79.js (73KB)
@mercaria/frontend build: _expo/static/js/web/__expo-metro-runtime-1f8f5d3ca6b7f58204d51e14506d73fb.js (3.8KB)
@mercaria/frontend build: _expo/static/js/web/AccountMembersScreen-d865f7e9af729973996403ab3e61a124.js (10KB)
@mercaria/frontend build: _expo/static/js/web/AccountSettingsScreen-61a0c2dc7cee815ddbf344bd2f2fb8c8.js (6KB)
@mercaria/frontend build: _expo/static/js/web/AccountVerificationScreen-a2a07c22166d22222a4486cdb7fadfcd.js (7.3KB)
@mercaria/frontend build: _expo/static/js/web/AppInfoScreen-7d805c8515d11517602d8b1f3d1135a4.js (12KB)
@mercaria/frontend build: _expo/static/js/web/ar-a439ba9db2ac1388140874223466d3a1.js (178KB)
@mercaria/frontend build: _expo/static/js/web/ar-c8bd9a28195afdba89b0b7b78cf8fc0c.js (178KB)
@mercaria/frontend build: _expo/static/js/web/ar-SA-3616047c03b92d6522d92af232abd02d.js (35KB)
@mercaria/frontend build: _expo/static/js/web/AvatarCropScreen-9a001a16a4e4be1f14674a78e367ff71.js (21KB)
@mercaria/frontend build: _expo/static/js/web/bn-62c1510f5c77faf7027ce72cf444cec9.js (173KB)
@mercaria/frontend build: _expo/static/js/web/bn-fe67ef11c9797ed12db2b13c52fb3c8e.js (173KB)
@mercaria/frontend build: _expo/static/js/web/ca-32529245bf1c321ff8948d22541f6746.js (67KB)
@mercaria/frontend build: _expo/static/js/web/ca-66e209848a446736b11dcfadaee1a4c1.js (67KB)
@mercaria/frontend build: _expo/static/js/web/ca-ES-0bf147572954cabd58356899d74886ba.js (13KB)
@mercaria/frontend build: _expo/static/js/web/ChangeAvatarScreen-03f385fa2ff7f3c6923ee57ea81d38e7.js (4.4KB)
@mercaria/frontend build: _expo/static/js/web/ConnectedAppsScreen-12d0088b91fb0401c0713e1b2bebf85e.js (3.1KB)
@mercaria/frontend build: _expo/static/js/web/CreateAccountScreen-aae8818a1632c49356aa90f854780489.js (7.5KB)
@mercaria/frontend build: _expo/static/js/web/de-4035b180766ec8e931c0ef9e952ca509.js (66KB)
@mercaria/frontend build: _expo/static/js/web/de-DE-733585c2d40bab1a68e3dcf8d2a676c8.js (14KB)
@mercaria/frontend build: _expo/static/js/web/de-e28a674ed0d06b50a51036655d7b90ab.js (66KB)
@mercaria/frontend build: _expo/static/js/web/DeleteAccountScreen-0b7764c2ca8125801022a1794ef111c2.js (352B)
@mercaria/frontend build: _expo/static/js/web/DomainsScreen-b3b2b8f41904098f9c2c79552fbf728f.js (4.4KB)
@mercaria/frontend build: _expo/static/js/web/EditProfileFieldScreen-5db338102b9f34a178ee73cce276ce3b.js (31KB)
@mercaria/frontend build: _expo/static/js/web/EditProfileScreen-2a26e1a03acf3ed8582eb112470415b8.js (3.5KB)
@mercaria/frontend build: _expo/static/js/web/empty-module-6591f9230f84bbfd5bd6997bf1874716.js (39B)
@mercaria/frontend build: _expo/static/js/web/es-80ed649a4c281fef7ddaabfc94c21fc7.js (67KB)
@mercaria/frontend build: _expo/static/js/web/es-d2ad4378617108c8e9f17d37a6acec49.js (67KB)
@mercaria/frontend build: _expo/static/js/web/es-ES-e9f414536bca15ab7c59344bfe748da6.js (67KB)
@mercaria/frontend build: _expo/static/js/web/FileManagementScreen-997a06d3f1d82649de3ed17e9f3294d4.js (65KB)
@mercaria/frontend build: _expo/static/js/web/FollowersListScreen-f4eec9aa160817b888f24206971f620e.js (316B)
@mercaria/frontend build: _expo/static/js/web/FollowingListScreen-a14eea21ba18c79feb514c440bb524c4.js (316B)
@mercaria/frontend build: _expo/static/js/web/fr-528c31b0822f39fcc144245f5c5e79c6.js (70KB)
@mercaria/frontend build: _expo/static/js/web/fr-5bb1ea79ebe63ca4ad9e6f05b39eb268.js (70KB)
@mercaria/frontend build: _expo/static/js/web/fr-FR-3ed72acd6538b4d82237cbde622cd3f6.js (14KB)
@mercaria/frontend build: _expo/static/js/web/HelpSupportScreen-fa47b6f936ba21bfae65ac2cf6ce1fb8.js (2.9KB)
@mercaria/frontend build: _expo/static/js/web/hi-37fd11e9e451cb1f58e24d77f963ac58.js (168KB)
@mercaria/frontend build: _expo/static/js/web/hi-c4b68bdbb373ce36c8b2e75cd0556e84.js (168KB)
@mercaria/frontend build: _expo/static/js/web/HistoryViewScreen-9692de32bfab88d5df08817c77770b63.js (4KB)
@mercaria/frontend build: _expo/static/js/web/id-78dd58091ad82c1e4356b61205a97fc4.js (61KB)
@mercaria/frontend build: _expo/static/js/web/id-d5fc5d7b883832bff8d9ae709e9efef9.js (61KB)
@mercaria/frontend build: _expo/static/js/web/ImagePicker-8463b8235fad1f8244d00c3a75d18022.js (8.6KB)
@mercaria/frontend build: _expo/static/js/web/index-2e99849935e42ba97e16b907c73fcd09.js (11MB)
@mercaria/frontend build: _expo/static/js/web/index-42d1563ee941865d514527c6f2529353.js (2.1KB)
@mercaria/frontend build: _expo/static/js/web/index-92b6390d08242970be76e4434947fff1.js (12KB)
@mercaria/frontend build: _expo/static/js/web/index-ddec3557fafbe9d8dc6662f4cac0571a.js (13KB)
@mercaria/frontend build: _expo/static/js/web/internal-aa760936e9c90ba7d54147a0d2ffd81a.js (2.4KB)
@mercaria/frontend build: _expo/static/js/web/it-24872306d89f8cd4297f0b3d472987c9.js (65KB)
@mercaria/frontend build: _expo/static/js/web/it-e8709f85a6ccd475035cc3babbc1a3ab.js (65KB)
@mercaria/frontend build: _expo/static/js/web/it-IT-372665ce9a35d67cfca63d0b9c304abd.js (13KB)
@mercaria/frontend build: _expo/static/js/web/ja-b871e82f2785c14ad04374de75505cfa.js (104KB)
@mercaria/frontend build: _expo/static/js/web/ja-d4de760b7c0c90411a43ce87789e5eb3.js (104KB)
@mercaria/frontend build: _expo/static/js/web/ja-JP-4f3b563dc8566af2e1543e65beea6e6a.js (26KB)
@mercaria/frontend build: _expo/static/js/web/ko-KR-7f0d5c6911b11dec2a64dc5aaf85e3f9.js (21KB)
@mercaria/frontend build: _expo/static/js/web/LanguageSelectorScreen-980e7819c33c493c1416ac924af3c684.js (3.6KB)
@mercaria/frontend build: _expo/static/js/web/LearnMoreUsernamesScreen-b3974aef4c1f1d514c83131415bb8af9.js (4.7KB)
@mercaria/frontend build: _expo/static/js/web/LegalDocumentsScreen-7371a116ceabcbc0fa7391329c014fa6.js (4.4KB)
@mercaria/frontend build: _expo/static/js/web/LinkCommonsScreen-ad58f30f39e13f3687192182e19c089f.js (317B)
@mercaria/frontend build: _expo/static/js/web/ManageAccountScreen-b0edbd40e7197d3c970ffd5fb62d1b69.js (22KB)
@mercaria/frontend build: _expo/static/js/web/NotificationsScreen-85ccf897cc16325b543100235f3021c8.js (3.2KB)
@mercaria/frontend build: _expo/static/js/web/OxyAccountDialogScreen-47f0d0557f4c84fd17d0d1dc7d8bc399.js (43KB)
@mercaria/frontend build: _expo/static/js/web/PaymentGatewayScreen-cce63d9fc459a3eacaa53a2c9febd04a.js (29KB)
@mercaria/frontend build: _expo/static/js/web/PreferencesScreen-bdb82b616e135dc6ab660c3c538a4eb7.js (3.4KB)
@mercaria/frontend build: _expo/static/js/web/PrivacySettingsScreen-06aca186676418c29b3269121f8c0214.js (12KB)
@mercaria/frontend build: _expo/static/js/web/ProfileScreen-e6dfa117df7551dd290582a6159ef22a.js (8.3KB)
@mercaria/frontend build: _expo/static/js/web/pt-394ee8ee31eb30723935d7ac60be9806.js (67KB)
@mercaria/frontend build: _expo/static/js/web/pt-587ce1f0062dd791eeea7cae05cf62d2.js (67KB)
@mercaria/frontend build: _expo/static/js/web/pt-PT-71ef1df8022235c926298f9510db630d.js (14KB)
@mercaria/frontend build: _expo/static/js/web/ru-0c64847214769c5350919cd0270ca7bd.js (199KB)
@mercaria/frontend build: _expo/static/js/web/ru-5b03dda49501cdb7335a079e3d118fb9.js (199KB)
@mercaria/frontend build: _expo/static/js/web/SearchSettingsScreen-9006dbe7194365753ac198119a53d69b.js (2.5KB)
@mercaria/frontend build: _expo/static/js/web/SignInAuthenticatorScreen-e80e2d6bc81935dd04e8ea6057fd6af8.js (319B)
@mercaria/frontend build: _expo/static/js/web/SignInPasswordScreen-7457a0a06cf5b07034884c024823b20d.js (359B)
@mercaria/frontend build: _expo/static/js/web/tr-376e46ffb06ea15653484cb299777298.js (71KB)
@mercaria/frontend build: _expo/static/js/web/tr-e045e75724c47357f60e9251e3bcc280.js (71KB)
@mercaria/frontend build: _expo/static/js/web/TrustAboutScreen-c0c2450e90c2bfc00288457624bd86e7.js (4.9KB)
@mercaria/frontend build: _expo/static/js/web/TrustCenterScreen-066f5b7947112a1b7631cc32238499b9.js (4.4KB)
@mercaria/frontend build: _expo/static/js/web/TrustFAQScreen-6ec189ca44a856c7b976441782038748.js (1.8KB)
@mercaria/frontend build: _expo/static/js/web/TrustLeaderboardScreen-4e37457046aa2c92fcd597bc3360dabb.js (4.3KB)
@mercaria/frontend build: _expo/static/js/web/TrustRewardsScreen-f2b840d88d7532122fca62ffd5ed7b6b.js (9.4KB)
@mercaria/frontend build: _expo/static/js/web/TrustRulesScreen-93b2fc90eec84d711ce4c9956706255e.js (2.2KB)
@mercaria/frontend build: _expo/static/js/web/UserLinksScreen-c3f503d44d1f3d5b1e118bf76e8d4dc1.js (1.1KB)
@mercaria/frontend build: _expo/static/js/web/WebBrowser-f05389f725f399965d8ea9728c37af22.js (8.4KB)
@mercaria/frontend build: _expo/static/js/web/WelcomeNewUserScreen-0141176a3ab7108fc892322126c2b817.js (8.7KB)
@mercaria/frontend build: _expo/static/js/web/zh-3e2e235f06f6e55925fff4bfb55c4dce.js (81KB)
@mercaria/frontend build: _expo/static/js/web/zh-CN-07dc79be3c459aa6d4f33220a0d186d6.js (18KB)
@mercaria/frontend build: _expo/static/js/web/zh-e07b0ed3476c7a423404d9844b14ee6a.js (81KB)
@mercaria/frontend build: 
@mercaria/frontend build: › Files (3):
@mercaria/frontend build: favicon.ico (15KB)
@mercaria/frontend build: index.html (1.6KB)
@mercaria/frontend build: metadata.json (49B)
@mercaria/frontend build: 
@mercaria/frontend build: Exported: dist
@mercaria/frontend build: Exited with code 0
