$ bun run --filter @mercaria/pos build
@mercaria/pos build: Expo Autolinking module resolution enabled
@mercaria/pos build: Starting Metro Bundler
@mercaria/pos build: 
@mercaria/pos build:  WARN  Attempted to import the module "/home/nate/Oxy/Mercaria/.worktrees/1519-final-sdk-pins-20261003/node_modules/make-plural/cardinals.mjs" which is not listed in the "exports" of "/home/nate/Oxy/Mercaria/.worktrees/1519-final-sdk-pins-20261003/node_modules/make-plural" under the requested subpath "./cardinals.mjs". Falling back to file-based resolution. Consider updating the call site or asking the package maintainer(s) to expose this API.
@mercaria/pos build:  WARN  Attempted to import the module "/home/nate/Oxy/Mercaria/.worktrees/1519-final-sdk-pins-20261003/node_modules/make-plural/pluralCategories.mjs" which is not listed in the "exports" of "/home/nate/Oxy/Mercaria/.worktrees/1519-final-sdk-pins-20261003/node_modules/make-plural" under the requested subpath "./pluralCategories.mjs". Falling back to file-based resolution. Consider updating the call site or asking the package maintainer(s) to expose this API.
@mercaria/pos build:  WARN  Attempted to import the module "/home/nate/Oxy/Mercaria/.worktrees/1519-final-sdk-pins-20261003/node_modules/@noble/hashes/crypto.js" which is not listed in the "exports" of "/home/nate/Oxy/Mercaria/.worktrees/1519-final-sdk-pins-20261003/node_modules/@noble/hashes" under the requested subpath "./crypto.js". Falling back to file-based resolution. Consider updating the call site or asking the package maintainer(s) to expose this API.
@mercaria/pos build: Web Bundled 13077ms packages/pos/index.web.tsx (5504 modules)
@mercaria/pos build: 
@mercaria/pos build: › Assets (36):
@mercaria/pos build: ../../node_modules/@expo/vector-icons/build/vendor/react-native-vector-icons/Fonts/FontAwesome.b06871f281fee6b241d60582ae9369b9.ttf (166KB)
@mercaria/pos build: ../../node_modules/@oxy.so/bloom/lib/module/fonts/assets/BlomusModernus-Bold.c8e4c906b137ccc90f9aa1fbccbe85b2.woff2 (78KB)
@mercaria/pos build: ../../node_modules/@oxy.so/bloom/lib/module/fonts/assets/BlomusModernus-Regular.6a898c26aeb50e6f31189d06dd2bf3e9.woff2 (78KB)
@mercaria/pos build: ../../node_modules/@oxy.so/bloom/lib/module/fonts/assets/InterVariable.260c81a4759baf163c025001c4f27872.woff2 (48KB)
@mercaria/pos build: ../../node_modules/@oxy.so/bloom/lib/module/fonts/assets/JetBrainsMono-Variable.b058178d7f309414f8f856b99fd80d9b.woff2 (40KB)
@mercaria/pos build: ../../node_modules/@oxy.so/services/lib/module/assets/fonts/icons/OxyServicesIonicons.48b1d8ee549a265d0c1aa67fed7fbca2.ttf (43KB)
@mercaria/pos build: ../../node_modules/@oxy.so/services/lib/module/assets/fonts/icons/OxyServicesMaterialCommunityIcons.88d575089a17d9d10e08c411fd7105ba.ttf (29KB)
@mercaria/pos build: ../../node_modules/@oxy.so/services/lib/module/assets/signIn/slide-1.b29a38b76e9e9e426cc152c3a1a56a73.jpg (102KB)
@mercaria/pos build: ../../node_modules/@oxy.so/services/lib/module/assets/signIn/slide-2.045f767e731a6b2801ce1ea8dbda92f5.jpg (88KB)
@mercaria/pos build: ../../node_modules/@oxy.so/services/lib/module/assets/signIn/slide-3.32a001447e68adf690be104bddcce0ef.jpg (59KB)
@mercaria/pos build: ../../node_modules/@oxy.so/services/lib/module/assets/signIn/slide-4.1de81f0781c3c99c5615d0ec8eb5dee6.jpg (47KB)
@mercaria/pos build: ../../node_modules/expo-router/assets/arrow_down.017bc6ba3fc25503e5eb5e53826d48a8.png (9.5KB)
@mercaria/pos build: ../../node_modules/expo-router/assets/error.d1ea1496f9057eb392d5bbf3732a61b7.png (469B)
@mercaria/pos build: ../../node_modules/expo-router/assets/file.19eeb73b9593a38f8e9f418337fc7d10.png (138B)
@mercaria/pos build: ../../node_modules/expo-router/assets/forward.d8b800c443b8972542883e0b9de2bdc6.png (188B)
@mercaria/pos build: ../../node_modules/expo-router/assets/pkg.ab19f4cbc543357183a20571f68380a3.png (364B)
@mercaria/pos build: ../../node_modules/expo-router/assets/react-navigation/elements/back-icon-mask.0a328cd9c1afd0afe8e3b1ec5165b1b4.png (653B)
@mercaria/pos build: ../../node_modules/expo-router/assets/react-navigation/elements/back-icon.35ba0eaec5a4f5ed12ca16fabeae451d.png (207B)
@mercaria/pos build: ../../node_modules/expo-router/assets/react-navigation/elements/clear-icon.c94f6478e7ae0cdd9f15de1fcb9e5e55.png (4 variations | 425B)
@mercaria/pos build: ../../node_modules/expo-router/assets/react-navigation/elements/close-icon.808e1b1b9b53114ec2838071a7e6daa7.png (4 variations | 235B)
@mercaria/pos build: ../../node_modules/expo-router/assets/react-navigation/elements/search-icon.286d67d3f74808a60a78d3ebf1a5fb57.png (928B)
@mercaria/pos build: ../../node_modules/expo-router/assets/sitemap.412dd9275b6b48ad28f5e3d81bb1f626.png (465B)
@mercaria/pos build: ../../node_modules/expo-router/assets/unmatched.20e71bdf79e3a97bf55fd9e164041578.png (4.8KB)
@mercaria/pos build: ../ui/node_modules/@oxy.so/bloom/lib/module/fonts/assets/BlomusModernus-Bold.c8e4c906b137ccc90f9aa1fbccbe85b2.woff2 (78KB)
@mercaria/pos build: ../ui/node_modules/@oxy.so/bloom/lib/module/fonts/assets/BlomusModernus-Regular.6a898c26aeb50e6f31189d06dd2bf3e9.woff2 (78KB)
@mercaria/pos build: ../ui/node_modules/@oxy.so/bloom/lib/module/fonts/assets/InterVariable.260c81a4759baf163c025001c4f27872.woff2 (48KB)
@mercaria/pos build: ../ui/node_modules/@oxy.so/bloom/lib/module/fonts/assets/JetBrainsMono-Variable.b058178d7f309414f8f856b99fd80d9b.woff2 (40KB)
@mercaria/pos build: assets/fonts/Inter-Italic-VariableFont_opsz,wght.6dce17792107f0321537c2f1e9f12866.ttf (905KB)
@mercaria/pos build: assets/fonts/Inter-VariableFont_opsz,wght.0a77e23a8fdbe6caefd53cb04c26fabc.ttf (875KB)
@mercaria/pos build: assets/fonts/SpaceMono-Regular.49a79d66bdea2debf1832bf4d7aca127.ttf (93KB)
@mercaria/pos build: 
@mercaria/pos build: › web bundles (90):
@mercaria/pos build: _expo/static/css/global-fd8660ff81b4fd52a13ab500a79e01ce.css (63KB)
@mercaria/pos build: _expo/static/js/web/__common-ef4debad365836e74f4c4228ebd20b4c.js (82KB)
@mercaria/pos build: _expo/static/js/web/__expo-metro-runtime-1f8f5d3ca6b7f58204d51e14506d73fb.js (3.8KB)
@mercaria/pos build: _expo/static/js/web/AccountMembersScreen-b805b66ea0b2eaf78cced48f4c3aa9e7.js (10KB)
@mercaria/pos build: _expo/static/js/web/AccountSettingsScreen-1c67248ac907fe1742bf53121e4423ce.js (6KB)
@mercaria/pos build: _expo/static/js/web/AccountVerificationScreen-d9775331bc0664c9aed98a372ce18401.js (7.3KB)
@mercaria/pos build: _expo/static/js/web/AppInfoScreen-0d5dace7350bf4ba3f5b4e24d1302d7d.js (12KB)
@mercaria/pos build: _expo/static/js/web/ar-30d023adc140221170eb13bb68ff6fb1.js (178KB)
@mercaria/pos build: _expo/static/js/web/ar-d0dc9904eb8bbd1d885d8be8d046c4f7.js (178KB)
@mercaria/pos build: _expo/static/js/web/ar-SA-70848e6a58c54e00ef4a6b80d400e717.js (35KB)
@mercaria/pos build: _expo/static/js/web/AvatarCropScreen-372b5a0635460b0840348839daaa888c.js (21KB)
@mercaria/pos build: _expo/static/js/web/bn-883b7df40ceb7c5a0336a12f2b542bd5.js (173KB)
@mercaria/pos build: _expo/static/js/web/bn-b19c97e9ce58ddcf637410aed43fe33e.js (173KB)
@mercaria/pos build: _expo/static/js/web/ca-23e7fdda1717acd0fe5a61d41708bff2.js (67KB)
@mercaria/pos build: _expo/static/js/web/ca-e0649c081087c421b4ef206d8e21f65f.js (67KB)
@mercaria/pos build: _expo/static/js/web/ca-ES-1b78234262ed5eafbe1d514a28930be2.js (13KB)
@mercaria/pos build: _expo/static/js/web/ChangeAvatarScreen-101c54763b9f7edf98ed5cd929078e79.js (4.4KB)
@mercaria/pos build: _expo/static/js/web/ConnectedAppsScreen-3fbfda70f0fe32b7aec4a1d321d936c5.js (3.1KB)
@mercaria/pos build: _expo/static/js/web/CreateAccountScreen-21c761a4529a1a57a58324ce3721b61e.js (7.5KB)
@mercaria/pos build: _expo/static/js/web/de-3e10e566bd976c9e825c13bbcf51d171.js (66KB)
@mercaria/pos build: _expo/static/js/web/de-6a42285dcd8f84c6bf71bcbc0424b7b0.js (66KB)
@mercaria/pos build: _expo/static/js/web/de-DE-cef61eedaaa1dd40cf96ea19b14f33b5.js (14KB)
@mercaria/pos build: _expo/static/js/web/DeleteAccountScreen-643861231a86414527625772e19aa2c0.js (352B)
@mercaria/pos build: _expo/static/js/web/DomainsScreen-1ae25fa884a6eea5502e3448e975918d.js (4.4KB)
@mercaria/pos build: _expo/static/js/web/EditProfileFieldScreen-4aaba6233579a84824100437115f46d1.js (31KB)
@mercaria/pos build: _expo/static/js/web/EditProfileScreen-e4394c6cc076c784a32ae783f0d31313.js (3.5KB)
@mercaria/pos build: _expo/static/js/web/empty-module-69ca7cb40615c5d377da6cd649e03198.js (39B)
@mercaria/pos build: _expo/static/js/web/es-56e8bbe0638f5c62f74e9f7341e45a70.js (67KB)
@mercaria/pos build: _expo/static/js/web/es-5dce7ef1862576d24e12f6a8f698b955.js (67KB)
@mercaria/pos build: _expo/static/js/web/es-ES-031584e07f8d62ebdeb18a5a17fc93e7.js (67KB)
@mercaria/pos build: _expo/static/js/web/FileManagementScreen-2bdc517e623b962883c05fc535a18309.js (65KB)
@mercaria/pos build: _expo/static/js/web/FollowersListScreen-3b8206983a122cfc6be182ad5e424ef8.js (316B)
@mercaria/pos build: _expo/static/js/web/FollowingListScreen-d85df309036a1471981af66f047c71d9.js (316B)
@mercaria/pos build: _expo/static/js/web/fr-13a4d08af1132c66d7f9e5ff540a8555.js (70KB)
@mercaria/pos build: _expo/static/js/web/fr-4af40724050ccd086897b189ab47de84.js (70KB)
@mercaria/pos build: _expo/static/js/web/fr-FR-5306e593befe41b584573dd679ca1888.js (14KB)
@mercaria/pos build: _expo/static/js/web/HelpSupportScreen-11b71db071e86a2ef714af0ceb5ba9db.js (2.9KB)
@mercaria/pos build: _expo/static/js/web/hi-411a656905676339dea66a863f3d7870.js (168KB)
@mercaria/pos build: _expo/static/js/web/hi-7cf8e29c38d6fa8169840807c962ffef.js (168KB)
@mercaria/pos build: _expo/static/js/web/HistoryViewScreen-91337b9b6abaa96c387e048eec48551d.js (4KB)
@mercaria/pos build: _expo/static/js/web/id-c18a2889bc9ac0e177dc92581580778d.js (61KB)
@mercaria/pos build: _expo/static/js/web/id-e4a35d7c990c6ddc135e11216d11ee5c.js (61KB)
@mercaria/pos build: _expo/static/js/web/ImagePicker-ad6e654c623fa0e18dec9e02bf539c95.js (8.6KB)
@mercaria/pos build: _expo/static/js/web/index-021d029d75bcf4b374e193d6bc3d1252.js (2.1KB)
@mercaria/pos build: _expo/static/js/web/index-14072797406ba7c9d24f87cf05071e50.js (54KB)
@mercaria/pos build: _expo/static/js/web/index-281891a1b11418979ec21568ab8f4e93.js (12KB)
@mercaria/pos build: _expo/static/js/web/index-a325d876391c4b421a14cad84917050e.js (13KB)
@mercaria/pos build: _expo/static/js/web/index-c6d7dd2036e415a5d6ddf6c1007b3aab.js (9.2MB)
@mercaria/pos build: _expo/static/js/web/internal-bb03f32b71fbb76642e8616ddc347f81.js (2.4KB)
@mercaria/pos build: _expo/static/js/web/it-72befc4cfd40c1b809029c0cd4044286.js (65KB)
@mercaria/pos build: _expo/static/js/web/it-fecd7af1973d517525288452c36ec893.js (65KB)
@mercaria/pos build: _expo/static/js/web/it-IT-ebb7688d861c8a530bf410a848d2deb8.js (13KB)
@mercaria/pos build: _expo/static/js/web/ja-474c2abe2b8fcbb98460a4f38c2aad82.js (104KB)
@mercaria/pos build: _expo/static/js/web/ja-fd6a67675f34b03c52fe0883096b2b60.js (104KB)
@mercaria/pos build: _expo/static/js/web/ja-JP-aee216b28c5cd51cf034697885aaa8be.js (26KB)
@mercaria/pos build: _expo/static/js/web/ko-KR-5d54b05f04f96b4aac0b277763488805.js (21KB)
@mercaria/pos build: _expo/static/js/web/LanguageSelectorScreen-d1d5c06774ee50c33121e5913fd05bf7.js (3.6KB)
@mercaria/pos build: _expo/static/js/web/LearnMoreUsernamesScreen-4fc6ed4f34a34086150a10f5e098cf42.js (4.7KB)
@mercaria/pos build: _expo/static/js/web/LegalDocumentsScreen-8b934c74d14347694e3d2b3b02c5d079.js (4.4KB)
@mercaria/pos build: _expo/static/js/web/LinkCommonsScreen-b822eb4f5f50cef57c8ac745af89948e.js (317B)
@mercaria/pos build: _expo/static/js/web/ManageAccountScreen-2f642484772935913a8d76a03023d0e0.js (22KB)
@mercaria/pos build: _expo/static/js/web/NotificationsScreen-74558faa64f6fa62735aae5267f9b011.js (3.2KB)
@mercaria/pos build: _expo/static/js/web/OxyAccountDialogScreen-1195a1d9a738f576e16225091d96c3ce.js (43KB)
@mercaria/pos build: _expo/static/js/web/PaymentGatewayScreen-6ac88644f99d68159949fa04f36f0927.js (29KB)
@mercaria/pos build: _expo/static/js/web/PreferencesScreen-e97a57662c550652d7bbe729c6162838.js (3.4KB)
@mercaria/pos build: _expo/static/js/web/PrivacySettingsScreen-9c487450fc68cd33ba03c63372761263.js (12KB)
@mercaria/pos build: _expo/static/js/web/ProfileScreen-64a874ab934a08d11cc3b33407fdd01c.js (8.3KB)
@mercaria/pos build: _expo/static/js/web/pt-e295e7c42bcd86d221bc4f2f3de83d4b.js (67KB)
@mercaria/pos build: _expo/static/js/web/pt-e7671b58597e96d727c4f961e54511ab.js (67KB)
@mercaria/pos build: _expo/static/js/web/pt-PT-4ff542477a5f8b1638d0890e83130d2e.js (14KB)
@mercaria/pos build: _expo/static/js/web/ru-752e2f2c10327e99f2f3cfe0f9380009.js (199KB)
@mercaria/pos build: _expo/static/js/web/ru-91d37d0988444c09bff882c5b5d410cb.js (199KB)
@mercaria/pos build: _expo/static/js/web/SearchSettingsScreen-486db5637dfc22d6d87369f45ae8e485.js (2.5KB)
@mercaria/pos build: _expo/static/js/web/SecureStore-002c808ce3cd8df46021c64d423077e2.js (2.4KB)
@mercaria/pos build: _expo/static/js/web/SignInAuthenticatorScreen-ba2ccc946a4189cbd30ca156180559dc.js (319B)
@mercaria/pos build: _expo/static/js/web/SignInPasswordScreen-2f2596e47d54692a930288c7850ecdaa.js (359B)
@mercaria/pos build: _expo/static/js/web/tr-334a814d0ab8a9bb06db2b622469a248.js (71KB)
@mercaria/pos build: _expo/static/js/web/tr-8665f51c4109f1c91524e2b3f71c16fd.js (71KB)
@mercaria/pos build: _expo/static/js/web/TrustAboutScreen-0bdfcd463fddffd6c11a958833616af7.js (4.9KB)
@mercaria/pos build: _expo/static/js/web/TrustCenterScreen-f53519dd24a42a64d3fde816c2e06c46.js (4.4KB)
@mercaria/pos build: _expo/static/js/web/TrustFAQScreen-5f139599437827657a3be4526da9d87f.js (1.8KB)
@mercaria/pos build: _expo/static/js/web/TrustLeaderboardScreen-a6eb4fd109680f3d911f375d32dbf500.js (4.3KB)
@mercaria/pos build: _expo/static/js/web/TrustRewardsScreen-d75d59cbc033601962910ae20faac365.js (9.4KB)
@mercaria/pos build: _expo/static/js/web/TrustRulesScreen-77c7e7bc0bdeb3634b1a24dc83ef4d61.js (2.2KB)
@mercaria/pos build: _expo/static/js/web/UserLinksScreen-c1d75b2baecf175f3e752e2c2ac8ab52.js (1.1KB)
@mercaria/pos build: _expo/static/js/web/WebBrowser-1a65665e41dc28165d59666249bd9cde.js (8.4KB)
@mercaria/pos build: _expo/static/js/web/WelcomeNewUserScreen-eaaa44c201dd8f1f92bf0bb5fa1eaa66.js (8.7KB)
@mercaria/pos build: _expo/static/js/web/zh-bd51a54a79fbf2a42f1dae829094c824.js (81KB)
@mercaria/pos build: _expo/static/js/web/zh-bdd2f592084e6c194c5c7bee08ddc219.js (81KB)
@mercaria/pos build: _expo/static/js/web/zh-CN-9c8448e2a558b699854d1c55b38d149c.js (18KB)
@mercaria/pos build: 
@mercaria/pos build: › Files (3):
@mercaria/pos build: favicon.ico (15KB)
@mercaria/pos build: index.html (1.6KB)
@mercaria/pos build: metadata.json (49B)
@mercaria/pos build: 
@mercaria/pos build: Exported: dist
@mercaria/pos build: Exited with code 0
