$ bun run --filter @mercaria/dashboard build
@mercaria/dashboard build: Expo Autolinking module resolution enabled
@mercaria/dashboard build: Starting Metro Bundler
@mercaria/dashboard build: 
@mercaria/dashboard build:  WARN  Attempted to import the module "/home/nate/Oxy/Mercaria/.worktrees/1519-final-sdk-pins-20261003/node_modules/make-plural/cardinals.mjs" which is not listed in the "exports" of "/home/nate/Oxy/Mercaria/.worktrees/1519-final-sdk-pins-20261003/node_modules/make-plural" under the requested subpath "./cardinals.mjs". Falling back to file-based resolution. Consider updating the call site or asking the package maintainer(s) to expose this API.
@mercaria/dashboard build:  WARN  Attempted to import the module "/home/nate/Oxy/Mercaria/.worktrees/1519-final-sdk-pins-20261003/node_modules/make-plural/pluralCategories.mjs" which is not listed in the "exports" of "/home/nate/Oxy/Mercaria/.worktrees/1519-final-sdk-pins-20261003/node_modules/make-plural" under the requested subpath "./pluralCategories.mjs". Falling back to file-based resolution. Consider updating the call site or asking the package maintainer(s) to expose this API.
@mercaria/dashboard build:  WARN  Attempted to import the module "/home/nate/Oxy/Mercaria/.worktrees/1519-final-sdk-pins-20261003/node_modules/@noble/hashes/crypto.js" which is not listed in the "exports" of "/home/nate/Oxy/Mercaria/.worktrees/1519-final-sdk-pins-20261003/node_modules/@noble/hashes" under the requested subpath "./crypto.js". Falling back to file-based resolution. Consider updating the call site or asking the package maintainer(s) to expose this API.
@mercaria/dashboard build: Web Bundled 3174ms packages/dashboard/index.web.tsx (5335 modules)
@mercaria/dashboard build: 
@mercaria/dashboard build: › Assets (32):
@mercaria/dashboard build: ../../node_modules/@expo/vector-icons/build/vendor/react-native-vector-icons/Fonts/FontAwesome.b06871f281fee6b241d60582ae9369b9.ttf (166KB)
@mercaria/dashboard build: ../../node_modules/@oxy.so/bloom/lib/module/fonts/assets/BlomusModernus-Bold.c8e4c906b137ccc90f9aa1fbccbe85b2.woff2 (78KB)
@mercaria/dashboard build: ../../node_modules/@oxy.so/bloom/lib/module/fonts/assets/BlomusModernus-Regular.6a898c26aeb50e6f31189d06dd2bf3e9.woff2 (78KB)
@mercaria/dashboard build: ../../node_modules/@oxy.so/bloom/lib/module/fonts/assets/InterVariable.260c81a4759baf163c025001c4f27872.woff2 (48KB)
@mercaria/dashboard build: ../../node_modules/@oxy.so/bloom/lib/module/fonts/assets/JetBrainsMono-Variable.b058178d7f309414f8f856b99fd80d9b.woff2 (40KB)
@mercaria/dashboard build: ../../node_modules/@oxy.so/services/lib/module/assets/fonts/icons/OxyServicesIonicons.48b1d8ee549a265d0c1aa67fed7fbca2.ttf (43KB)
@mercaria/dashboard build: ../../node_modules/@oxy.so/services/lib/module/assets/fonts/icons/OxyServicesMaterialCommunityIcons.88d575089a17d9d10e08c411fd7105ba.ttf (29KB)
@mercaria/dashboard build: ../../node_modules/@oxy.so/services/lib/module/assets/signIn/slide-1.b29a38b76e9e9e426cc152c3a1a56a73.jpg (102KB)
@mercaria/dashboard build: ../../node_modules/@oxy.so/services/lib/module/assets/signIn/slide-2.045f767e731a6b2801ce1ea8dbda92f5.jpg (88KB)
@mercaria/dashboard build: ../../node_modules/@oxy.so/services/lib/module/assets/signIn/slide-3.32a001447e68adf690be104bddcce0ef.jpg (59KB)
@mercaria/dashboard build: ../../node_modules/@oxy.so/services/lib/module/assets/signIn/slide-4.1de81f0781c3c99c5615d0ec8eb5dee6.jpg (47KB)
@mercaria/dashboard build: ../../node_modules/expo-router/assets/arrow_down.017bc6ba3fc25503e5eb5e53826d48a8.png (9.5KB)
@mercaria/dashboard build: ../../node_modules/expo-router/assets/error.d1ea1496f9057eb392d5bbf3732a61b7.png (469B)
@mercaria/dashboard build: ../../node_modules/expo-router/assets/file.19eeb73b9593a38f8e9f418337fc7d10.png (138B)
@mercaria/dashboard build: ../../node_modules/expo-router/assets/forward.d8b800c443b8972542883e0b9de2bdc6.png (188B)
@mercaria/dashboard build: ../../node_modules/expo-router/assets/pkg.ab19f4cbc543357183a20571f68380a3.png (364B)
@mercaria/dashboard build: ../../node_modules/expo-router/assets/react-navigation/elements/back-icon-mask.0a328cd9c1afd0afe8e3b1ec5165b1b4.png (653B)
@mercaria/dashboard build: ../../node_modules/expo-router/assets/react-navigation/elements/back-icon.35ba0eaec5a4f5ed12ca16fabeae451d.png (207B)
@mercaria/dashboard build: ../../node_modules/expo-router/assets/react-navigation/elements/clear-icon.c94f6478e7ae0cdd9f15de1fcb9e5e55.png (4 variations | 425B)
@mercaria/dashboard build: ../../node_modules/expo-router/assets/react-navigation/elements/close-icon.808e1b1b9b53114ec2838071a7e6daa7.png (4 variations | 235B)
@mercaria/dashboard build: ../../node_modules/expo-router/assets/react-navigation/elements/search-icon.286d67d3f74808a60a78d3ebf1a5fb57.png (928B)
@mercaria/dashboard build: ../../node_modules/expo-router/assets/sitemap.412dd9275b6b48ad28f5e3d81bb1f626.png (465B)
@mercaria/dashboard build: ../../node_modules/expo-router/assets/unmatched.20e71bdf79e3a97bf55fd9e164041578.png (4.8KB)
@mercaria/dashboard build: assets/fonts/Inter-Italic-VariableFont_opsz,wght.6dce17792107f0321537c2f1e9f12866.ttf (905KB)
@mercaria/dashboard build: assets/fonts/Inter-VariableFont_opsz,wght.0a77e23a8fdbe6caefd53cb04c26fabc.ttf (875KB)
@mercaria/dashboard build: assets/fonts/SpaceMono-Regular.49a79d66bdea2debf1832bf4d7aca127.ttf (93KB)
@mercaria/dashboard build: 
@mercaria/dashboard build: › web bundles (75):
@mercaria/dashboard build: _expo/static/css/global-29926471f8fe2f118c08da159250d99c.css (63KB)
@mercaria/dashboard build: _expo/static/js/web/__common-89e49d96f0e8c8103afc0f6bbb10a7ba.js (72KB)
@mercaria/dashboard build: _expo/static/js/web/__expo-metro-runtime-1f8f5d3ca6b7f58204d51e14506d73fb.js (3.8KB)
@mercaria/dashboard build: _expo/static/js/web/AccountMembersScreen-18eec2b24a871d967430ef9ad5fad053.js (10KB)
@mercaria/dashboard build: _expo/static/js/web/AccountSettingsScreen-2798c34a31d7aa015ef98e6b51a004f1.js (6KB)
@mercaria/dashboard build: _expo/static/js/web/AccountVerificationScreen-4d96318d0e7748d48ebdde063b89a07f.js (4.9KB)
@mercaria/dashboard build: _expo/static/js/web/AppInfoScreen-32138153e67e22cd0caa2c1c704a1e1a.js (12KB)
@mercaria/dashboard build: _expo/static/js/web/ar-638102d3b1f0e7eb4ae6287b098d62a2.js (178KB)
@mercaria/dashboard build: _expo/static/js/web/ar-SA-1bb03559a59d31d52ebf2de2d4590a85.js (35KB)
@mercaria/dashboard build: _expo/static/js/web/AvatarCropScreen-0bac5419b3d12ea603fb2dacb2179508.js (21KB)
@mercaria/dashboard build: _expo/static/js/web/bn-060cb39b2e7776aab09a805301238a18.js (173KB)
@mercaria/dashboard build: _expo/static/js/web/ca-3baca37ec465f24a646ee214f19e56fa.js (67KB)
@mercaria/dashboard build: _expo/static/js/web/ca-ES-cb7783d4598b24e4fa2ef0762672e5cb.js (13KB)
@mercaria/dashboard build: _expo/static/js/web/ChangeAvatarScreen-871841b9137436dfc595ae428d0805bc.js (4.4KB)
@mercaria/dashboard build: _expo/static/js/web/ConnectedAppsScreen-5a6eae2337c00c2814da29426e07a797.js (3.1KB)
@mercaria/dashboard build: _expo/static/js/web/CreateAccountScreen-eb1717e4ebd8f2840b7af02dc3276311.js (7.5KB)
@mercaria/dashboard build: _expo/static/js/web/de-DE-06d386d02c718ec3e1842cf6bc716c43.js (14KB)
@mercaria/dashboard build: _expo/static/js/web/de-e3ad0ea24717b03fde385499dd76c191.js (66KB)
@mercaria/dashboard build: _expo/static/js/web/DeleteAccountScreen-e0c4c4310eb8fca5750b2ea0afdf345b.js (352B)
@mercaria/dashboard build: _expo/static/js/web/DomainsScreen-960b13b93382a18182f52663edb715d5.js (4.4KB)
@mercaria/dashboard build: _expo/static/js/web/EditProfileFieldScreen-6e84ba004efd21daf70cd5206c224154.js (31KB)
@mercaria/dashboard build: _expo/static/js/web/EditProfileScreen-6aa6041db5d6d87ef82c9bba62a92997.js (3.5KB)
@mercaria/dashboard build: _expo/static/js/web/empty-module-70ec0d2e7933b940a2cff716ca5a69bc.js (39B)
@mercaria/dashboard build: _expo/static/js/web/es-6542c260764899ee2433a9477c866bc8.js (67KB)
@mercaria/dashboard build: _expo/static/js/web/es-ES-bf6ff2eedca9fb530541c0ead858c33c.js (67KB)
@mercaria/dashboard build: _expo/static/js/web/FileManagementScreen-1e7bd7b236256469a6dcba3074e7f08e.js (65KB)
@mercaria/dashboard build: _expo/static/js/web/FollowersListScreen-47caff758e159ea740f4816370073869.js (316B)
@mercaria/dashboard build: _expo/static/js/web/FollowingListScreen-0f19a330a79ef2526666aa5ffa5b3a97.js (316B)
@mercaria/dashboard build: _expo/static/js/web/fr-878c47592094f951278d2be5930a1acc.js (70KB)
@mercaria/dashboard build: _expo/static/js/web/fr-FR-611f185036ef708356c9c1f5191c7c11.js (14KB)
@mercaria/dashboard build: _expo/static/js/web/HelpSupportScreen-44fd3099627805b42dd0cbdb012ea4fc.js (2.9KB)
@mercaria/dashboard build: _expo/static/js/web/hi-65f77703b565daebb338601e300f1f8d.js (168KB)
@mercaria/dashboard build: _expo/static/js/web/HistoryViewScreen-7526a946f4cea6dca1e99fdff6be1804.js (4KB)
@mercaria/dashboard build: _expo/static/js/web/id-fec79b6ea1c5e3b90f06bd48fdeb305e.js (61KB)
@mercaria/dashboard build: _expo/static/js/web/ImagePicker-173f220f93903350f36bf298bdace129.js (8.6KB)
@mercaria/dashboard build: _expo/static/js/web/index-1c34de9db146d9128c70b1edd2d83988.js (13KB)
@mercaria/dashboard build: _expo/static/js/web/index-2a559f47b37a120e11ac5b4926e47d83.js (54KB)
@mercaria/dashboard build: _expo/static/js/web/index-73a7a5d093d840b74b496ea2e7b4fe73.js (11MB)
@mercaria/dashboard build: _expo/static/js/web/index-81305cbf8b2158341e5aadba149ec431.js (12KB)
@mercaria/dashboard build: _expo/static/js/web/index-accdbbbd0f39249c48c24a2c873d485d.js (2.1KB)
@mercaria/dashboard build: _expo/static/js/web/internal-32de497856e4b6c13e5100ae4f09e07b.js (2.4KB)
@mercaria/dashboard build: _expo/static/js/web/it-a3f2c265e1d862f93d7f612b921dddcb.js (65KB)
@mercaria/dashboard build: _expo/static/js/web/it-IT-78df82b7c64fd78d0faea11fc447dfa7.js (13KB)
@mercaria/dashboard build: _expo/static/js/web/ja-f3a738d4c1356f6f52074aaa3f8bb089.js (104KB)
@mercaria/dashboard build: _expo/static/js/web/ja-JP-7542c8f371cf675a290253365ac8fe82.js (26KB)
@mercaria/dashboard build: _expo/static/js/web/ko-KR-c8ab2502b16d3a29e43af4fc59ea1cfd.js (21KB)
@mercaria/dashboard build: _expo/static/js/web/LanguageSelectorScreen-3e433efe2a59b40990ff9699a15712b8.js (3.6KB)
@mercaria/dashboard build: _expo/static/js/web/LearnMoreUsernamesScreen-e693fbb5981018e7e048dece6849792d.js (2.5KB)
@mercaria/dashboard build: _expo/static/js/web/LegalDocumentsScreen-c2fa3b2536da7c890a5e6b7550a02947.js (4.4KB)
@mercaria/dashboard build: _expo/static/js/web/LinkCommonsScreen-560e0fbd242dec8e7359355548c1de26.js (317B)
@mercaria/dashboard build: _expo/static/js/web/ManageAccountScreen-01ac28d54590f348bbb14d99c3fa0a44.js (22KB)
@mercaria/dashboard build: _expo/static/js/web/NotificationsScreen-aeddacd20e35f34fd0ea9d14670a3579.js (3.2KB)
@mercaria/dashboard build: _expo/static/js/web/OxyAccountDialogScreen-d5548d6fcddc3ac43b4bcc5187d6bbb1.js (43KB)
@mercaria/dashboard build: _expo/static/js/web/PaymentGatewayScreen-b5654d586961f88630a87cae3bc31408.js (29KB)
@mercaria/dashboard build: _expo/static/js/web/PreferencesScreen-8a993ad866e3826813ae822d2519c336.js (3.4KB)
@mercaria/dashboard build: _expo/static/js/web/PrivacySettingsScreen-b11ac3ea51eb1ea91e778351737adfed.js (12KB)
@mercaria/dashboard build: _expo/static/js/web/ProfileScreen-650a26f3c0b51ab753bb14a2d23745b3.js (8.3KB)
@mercaria/dashboard build: _expo/static/js/web/pt-e881bc8a246dd8969774b2b06257d6ce.js (67KB)
@mercaria/dashboard build: _expo/static/js/web/pt-PT-98b2a3e1184386e802e128ff1cac7c7c.js (14KB)
@mercaria/dashboard build: _expo/static/js/web/ru-997808ba7aed75bd588796c2917d17c3.js (199KB)
@mercaria/dashboard build: _expo/static/js/web/SearchSettingsScreen-3825d22ab2c2491df8fefe899578c527.js (2.5KB)
@mercaria/dashboard build: _expo/static/js/web/SecureStore-ecc3438a447c2ed086a2236001c62bf0.js (2.4KB)
@mercaria/dashboard build: _expo/static/js/web/SignInAuthenticatorScreen-a0c50f3b8a28d4e514bb4fefba125f2c.js (319B)
@mercaria/dashboard build: _expo/static/js/web/SignInPasswordScreen-01664cde5c52087b91342358d981181b.js (359B)
@mercaria/dashboard build: _expo/static/js/web/tr-688e1878ece5bc522717980a5ba2a3b4.js (71KB)
@mercaria/dashboard build: _expo/static/js/web/TrustAboutScreen-67b2cc45eb71936d9c469f607d9b1c95.js (2.6KB)
@mercaria/dashboard build: _expo/static/js/web/TrustCenterScreen-4991029e08227e1f002c1f443493bec2.js (4.4KB)
@mercaria/dashboard build: _expo/static/js/web/TrustFAQScreen-220ecb366e137c14f043b17bcb5b01a2.js (1.8KB)
@mercaria/dashboard build: _expo/static/js/web/TrustLeaderboardScreen-6f671636972a3d0d4b23881084c42549.js (4.3KB)
@mercaria/dashboard build: _expo/static/js/web/TrustRewardsScreen-9c91659abbe5462bca1b73592a4626b3.js (9.4KB)
@mercaria/dashboard build: _expo/static/js/web/TrustRulesScreen-5ebca225a37a075524515902ccbbbaa0.js (2.2KB)
@mercaria/dashboard build: _expo/static/js/web/UserLinksScreen-0510b3107870e47d7aff10d239a8091f.js (1.1KB)
@mercaria/dashboard build: _expo/static/js/web/WelcomeNewUserScreen-c91a8f43f2613545cb473dff1c54b4bb.js (8.7KB)
@mercaria/dashboard build: _expo/static/js/web/zh-681c292bf8fbf5047a7b48c3415b345c.js (81KB)
@mercaria/dashboard build: _expo/static/js/web/zh-CN-42aee57e6f23ba83f340c1df93872e8d.js (18KB)
@mercaria/dashboard build: 
@mercaria/dashboard build: › Files (3):
@mercaria/dashboard build: favicon.ico (15KB)
@mercaria/dashboard build: index.html (1.6KB)
@mercaria/dashboard build: metadata.json (49B)
@mercaria/dashboard build: 
@mercaria/dashboard build: Exported: dist
@mercaria/dashboard build: Exited with code 0
