$ bun run --filter @mercaria/frontend build
@mercaria/frontend build: Expo Autolinking module resolution enabled
@mercaria/frontend build: Starting Metro Bundler
@mercaria/frontend build: 
@mercaria/frontend build:  WARN  Attempted to import the module "/home/nate/Oxy/Mercaria/.worktrees/1519-final-sdk-pins-20261003/node_modules/make-plural/cardinals.mjs" which is not listed in the "exports" of "/home/nate/Oxy/Mercaria/.worktrees/1519-final-sdk-pins-20261003/node_modules/make-plural" under the requested subpath "./cardinals.mjs". Falling back to file-based resolution. Consider updating the call site or asking the package maintainer(s) to expose this API.
@mercaria/frontend build:  WARN  Attempted to import the module "/home/nate/Oxy/Mercaria/.worktrees/1519-final-sdk-pins-20261003/node_modules/make-plural/pluralCategories.mjs" which is not listed in the "exports" of "/home/nate/Oxy/Mercaria/.worktrees/1519-final-sdk-pins-20261003/node_modules/make-plural" under the requested subpath "./pluralCategories.mjs". Falling back to file-based resolution. Consider updating the call site or asking the package maintainer(s) to expose this API.
@mercaria/frontend build:  WARN  Attempted to import the module "/home/nate/Oxy/Mercaria/.worktrees/1519-final-sdk-pins-20261003/node_modules/@noble/hashes/crypto.js" which is not listed in the "exports" of "/home/nate/Oxy/Mercaria/.worktrees/1519-final-sdk-pins-20261003/node_modules/@noble/hashes" under the requested subpath "./crypto.js". Falling back to file-based resolution. Consider updating the call site or asking the package maintainer(s) to expose this API.
@mercaria/frontend build: Web Bundled 3238ms packages/frontend/index.web.tsx (5498 modules)
@mercaria/frontend build: 
@mercaria/frontend build: › Assets (32):
@mercaria/frontend build: ../../node_modules/@expo/vector-icons/build/vendor/react-native-vector-icons/Fonts/FontAwesome.b06871f281fee6b241d60582ae9369b9.ttf (166KB)
@mercaria/frontend build: ../../node_modules/@oxy.so/bloom/lib/module/fonts/assets/BlomusModernus-Bold.c8e4c906b137ccc90f9aa1fbccbe85b2.woff2 (78KB)
@mercaria/frontend build: ../../node_modules/@oxy.so/bloom/lib/module/fonts/assets/BlomusModernus-Regular.6a898c26aeb50e6f31189d06dd2bf3e9.woff2 (78KB)
@mercaria/frontend build: ../../node_modules/@oxy.so/bloom/lib/module/fonts/assets/InterVariable.260c81a4759baf163c025001c4f27872.woff2 (48KB)
@mercaria/frontend build: ../../node_modules/@oxy.so/bloom/lib/module/fonts/assets/JetBrainsMono-Variable.b058178d7f309414f8f856b99fd80d9b.woff2 (40KB)
@mercaria/frontend build: ../../node_modules/@oxy.so/services/lib/module/assets/fonts/icons/OxyServicesIonicons.48b1d8ee549a265d0c1aa67fed7fbca2.ttf (43KB)
@mercaria/frontend build: ../../node_modules/@oxy.so/services/lib/module/assets/fonts/icons/OxyServicesMaterialCommunityIcons.88d575089a17d9d10e08c411fd7105ba.ttf (29KB)
@mercaria/frontend build: ../../node_modules/@oxy.so/services/lib/module/assets/signIn/slide-1.b29a38b76e9e9e426cc152c3a1a56a73.jpg (102KB)
@mercaria/frontend build: ../../node_modules/@oxy.so/services/lib/module/assets/signIn/slide-2.045f767e731a6b2801ce1ea8dbda92f5.jpg (88KB)
@mercaria/frontend build: ../../node_modules/@oxy.so/services/lib/module/assets/signIn/slide-3.32a001447e68adf690be104bddcce0ef.jpg (59KB)
@mercaria/frontend build: ../../node_modules/@oxy.so/services/lib/module/assets/signIn/slide-4.1de81f0781c3c99c5615d0ec8eb5dee6.jpg (47KB)
@mercaria/frontend build: ../../node_modules/expo-router/assets/arrow_down.017bc6ba3fc25503e5eb5e53826d48a8.png (9.5KB)
@mercaria/frontend build: ../../node_modules/expo-router/assets/error.d1ea1496f9057eb392d5bbf3732a61b7.png (469B)
@mercaria/frontend build: ../../node_modules/expo-router/assets/file.19eeb73b9593a38f8e9f418337fc7d10.png (138B)
@mercaria/frontend build: ../../node_modules/expo-router/assets/forward.d8b800c443b8972542883e0b9de2bdc6.png (188B)
@mercaria/frontend build: ../../node_modules/expo-router/assets/pkg.ab19f4cbc543357183a20571f68380a3.png (364B)
@mercaria/frontend build: ../../node_modules/expo-router/assets/react-navigation/elements/back-icon-mask.0a328cd9c1afd0afe8e3b1ec5165b1b4.png (653B)
@mercaria/frontend build: ../../node_modules/expo-router/assets/react-navigation/elements/back-icon.35ba0eaec5a4f5ed12ca16fabeae451d.png (207B)
@mercaria/frontend build: ../../node_modules/expo-router/assets/react-navigation/elements/clear-icon.c94f6478e7ae0cdd9f15de1fcb9e5e55.png (4 variations | 425B)
@mercaria/frontend build: ../../node_modules/expo-router/assets/react-navigation/elements/close-icon.808e1b1b9b53114ec2838071a7e6daa7.png (4 variations | 235B)
@mercaria/frontend build: ../../node_modules/expo-router/assets/react-navigation/elements/search-icon.286d67d3f74808a60a78d3ebf1a5fb57.png (928B)
@mercaria/frontend build: ../../node_modules/expo-router/assets/sitemap.412dd9275b6b48ad28f5e3d81bb1f626.png (465B)
@mercaria/frontend build: ../../node_modules/expo-router/assets/unmatched.20e71bdf79e3a97bf55fd9e164041578.png (4.8KB)
@mercaria/frontend build: assets/fonts/Inter-Italic-VariableFont_opsz,wght.6dce17792107f0321537c2f1e9f12866.ttf (905KB)
@mercaria/frontend build: assets/fonts/Inter-VariableFont_opsz,wght.0a77e23a8fdbe6caefd53cb04c26fabc.ttf (875KB)
@mercaria/frontend build: assets/fonts/SpaceMono-Regular.49a79d66bdea2debf1832bf4d7aca127.ttf (93KB)
@mercaria/frontend build: 
@mercaria/frontend build: › web bundles (74):
@mercaria/frontend build: _expo/static/css/global-04c9e9c3ef9ed605c07199ce63562c2e.css (71KB)
@mercaria/frontend build: _expo/static/js/web/__common-592d49a0de4d3d4e14db8ffc11230513.js (62KB)
@mercaria/frontend build: _expo/static/js/web/__expo-metro-runtime-1f8f5d3ca6b7f58204d51e14506d73fb.js (3.8KB)
@mercaria/frontend build: _expo/static/js/web/AccountMembersScreen-c75fef7ea2bc9c1cb899cb4a5510c484.js (10KB)
@mercaria/frontend build: _expo/static/js/web/AccountSettingsScreen-f8d172669879f3fb3029c520ec463df7.js (6KB)
@mercaria/frontend build: _expo/static/js/web/AccountVerificationScreen-952f9fe180fd291f36f41b7ad1c7d2fd.js (4.9KB)
@mercaria/frontend build: _expo/static/js/web/AppInfoScreen-6b6cf188a2905c6ca72c19b40636309a.js (12KB)
@mercaria/frontend build: _expo/static/js/web/ar-d41c91c1964186bc1fc69ec5390c0c1a.js (178KB)
@mercaria/frontend build: _expo/static/js/web/ar-SA-eb6d052c9f44c82e76848fb83e4c3ac6.js (35KB)
@mercaria/frontend build: _expo/static/js/web/AvatarCropScreen-ba789355d618581a91ae45bd57f4316f.js (21KB)
@mercaria/frontend build: _expo/static/js/web/bn-b2c099863da0f9ed0bf61527f569d263.js (173KB)
@mercaria/frontend build: _expo/static/js/web/ca-cdae93fe2c94ebfbb30d8c50b0e0ea0e.js (67KB)
@mercaria/frontend build: _expo/static/js/web/ca-ES-65d4481da88a35ef387692efbfffd43f.js (13KB)
@mercaria/frontend build: _expo/static/js/web/ChangeAvatarScreen-2fd2c4bd5620506f9cc46d1867306aec.js (4.4KB)
@mercaria/frontend build: _expo/static/js/web/ConnectedAppsScreen-4d7ff98a18ff42dc84ca167ada8120d6.js (3.1KB)
@mercaria/frontend build: _expo/static/js/web/CreateAccountScreen-a1dd12cc1b0e7f70c40c92f3cac6e2f7.js (7.5KB)
@mercaria/frontend build: _expo/static/js/web/de-c9cfacfe2c4749d212afe43e30e7110d.js (66KB)
@mercaria/frontend build: _expo/static/js/web/de-DE-1ec8c81cc7a59a2baa23725977c859e6.js (14KB)
@mercaria/frontend build: _expo/static/js/web/DeleteAccountScreen-362a1f775b1be3a41b7b39b59b6e7a89.js (352B)
@mercaria/frontend build: _expo/static/js/web/DomainsScreen-fc56bf43f033197a976540b48eff70eb.js (4.4KB)
@mercaria/frontend build: _expo/static/js/web/EditProfileFieldScreen-ba25ba1f293f1af844d3ce6400600c94.js (31KB)
@mercaria/frontend build: _expo/static/js/web/EditProfileScreen-8eb975573dc7fa3911bb5497fb034790.js (3.5KB)
@mercaria/frontend build: _expo/static/js/web/empty-module-4303c79a5e5361120a29d0e94d0cf366.js (39B)
@mercaria/frontend build: _expo/static/js/web/es-e72176b7b60f38487137f5518db1bc30.js (67KB)
@mercaria/frontend build: _expo/static/js/web/es-ES-3168c91466ef278e320ddcfe937421ef.js (67KB)
@mercaria/frontend build: _expo/static/js/web/FileManagementScreen-8f9ae1df12dc93af8f6f7d0a84dd7554.js (65KB)
@mercaria/frontend build: _expo/static/js/web/FollowersListScreen-7dc04bad6469af984f0c03b778623464.js (316B)
@mercaria/frontend build: _expo/static/js/web/FollowingListScreen-f16cb5c371ccb784bc481d7d43d96d34.js (316B)
@mercaria/frontend build: _expo/static/js/web/fr-a979d0d7e0152b1253096a15b92fa4bf.js (70KB)
@mercaria/frontend build: _expo/static/js/web/fr-FR-355e514c18226aa74aaa89df7577f087.js (14KB)
@mercaria/frontend build: _expo/static/js/web/HelpSupportScreen-55419a355926db0a7a2062c720efdb62.js (2.9KB)
@mercaria/frontend build: _expo/static/js/web/hi-e67d3a36c6c94597c75e05f92a8ac45f.js (168KB)
@mercaria/frontend build: _expo/static/js/web/HistoryViewScreen-27021b90b2060374197326167793081a.js (4KB)
@mercaria/frontend build: _expo/static/js/web/id-b2dbfc72f68c3f4c9c9fd18dbd2189cc.js (61KB)
@mercaria/frontend build: _expo/static/js/web/ImagePicker-bb8c55eb832c6023e0ac502018a2bc27.js (8.6KB)
@mercaria/frontend build: _expo/static/js/web/index-00a19a965cf14c6b66a7446cc7b03b55.js (11MB)
@mercaria/frontend build: _expo/static/js/web/index-283d0eb67b33c4f2eda78193d169eecc.js (13KB)
@mercaria/frontend build: _expo/static/js/web/index-321303db757967cc6985511ad8e68c26.js (12KB)
@mercaria/frontend build: _expo/static/js/web/index-aa561872eeba6640e3f45937329d47ef.js (2.1KB)
@mercaria/frontend build: _expo/static/js/web/internal-9c4fff7d571bb2b341c09b67e57d027c.js (2.4KB)
@mercaria/frontend build: _expo/static/js/web/it-4d581a3639e6df3e9bd42bea86cd780b.js (65KB)
@mercaria/frontend build: _expo/static/js/web/it-IT-fab0ae7b9335674041ca960f85863c74.js (13KB)
@mercaria/frontend build: _expo/static/js/web/ja-4ff63281b72944f521d5e27fee1dff46.js (104KB)
@mercaria/frontend build: _expo/static/js/web/ja-JP-0e0e8eb896374490db953b50ad1ac522.js (26KB)
@mercaria/frontend build: _expo/static/js/web/ko-KR-f58367b77c9c92342f193561d0a16927.js (21KB)
@mercaria/frontend build: _expo/static/js/web/LanguageSelectorScreen-948ec6ce695fbc5bec38fe93421a49f5.js (3.6KB)
@mercaria/frontend build: _expo/static/js/web/LearnMoreUsernamesScreen-d21e4036a63a203e5b982698c6561d38.js (2.5KB)
@mercaria/frontend build: _expo/static/js/web/LegalDocumentsScreen-43cb6911de478957e64b5d26c92b03a5.js (4.4KB)
@mercaria/frontend build: _expo/static/js/web/LinkCommonsScreen-a5dcaf91fd233fc174b84d81e0ca3632.js (317B)
@mercaria/frontend build: _expo/static/js/web/ManageAccountScreen-aca306db71f027950ea6a14b1160eeed.js (22KB)
@mercaria/frontend build: _expo/static/js/web/NotificationsScreen-8152f852eed059358cc8ee01c82db78c.js (3.2KB)
@mercaria/frontend build: _expo/static/js/web/OxyAccountDialogScreen-1668076b8f174656b5b6b72ee2e2ba00.js (43KB)
@mercaria/frontend build: _expo/static/js/web/PaymentGatewayScreen-2c4cd2581b9728d351320bdcf2d6bb32.js (29KB)
@mercaria/frontend build: _expo/static/js/web/PreferencesScreen-c3b820abf44dfc324ae59cb67c7d2858.js (3.4KB)
@mercaria/frontend build: _expo/static/js/web/PrivacySettingsScreen-39d9427b9105d23b00d78f12f5f220ea.js (12KB)
@mercaria/frontend build: _expo/static/js/web/ProfileScreen-2985862324148ae8ef12849755ab2c80.js (8.3KB)
@mercaria/frontend build: _expo/static/js/web/pt-74b72196515aec8f347de3c333e781eb.js (67KB)
@mercaria/frontend build: _expo/static/js/web/pt-PT-73afa94ddbc36394725533d88d096015.js (14KB)
@mercaria/frontend build: _expo/static/js/web/ru-65a1d175e226607584a56a749fd7bcc3.js (199KB)
@mercaria/frontend build: _expo/static/js/web/SearchSettingsScreen-5c80cddfb82482a3aec5538f3d1ec077.js (2.5KB)
@mercaria/frontend build: _expo/static/js/web/SignInAuthenticatorScreen-3031e191ba3c39e77583dabf1f2d79d5.js (319B)
@mercaria/frontend build: _expo/static/js/web/SignInPasswordScreen-e8a73ebf706217a1adaa212dd7a6c735.js (359B)
@mercaria/frontend build: _expo/static/js/web/tr-78c9289df60a4cfde243bf43d861a9bf.js (71KB)
@mercaria/frontend build: _expo/static/js/web/TrustAboutScreen-36afa5f405a7815079cb8adee430697c.js (2.6KB)
@mercaria/frontend build: _expo/static/js/web/TrustCenterScreen-8140dbbf4f0ee29fdf09e7823e256509.js (4.4KB)
@mercaria/frontend build: _expo/static/js/web/TrustFAQScreen-25763c97bc03850b3b794604f0e47fa9.js (1.8KB)
@mercaria/frontend build: _expo/static/js/web/TrustLeaderboardScreen-00fd3fb69247a3f0e3922b7f0689e246.js (4.3KB)
@mercaria/frontend build: _expo/static/js/web/TrustRewardsScreen-01ff08b040fd822b4de8d837baf1ee40.js (9.4KB)
@mercaria/frontend build: _expo/static/js/web/TrustRulesScreen-910036aa3bd11faf5213cafc50f985e4.js (2.2KB)
@mercaria/frontend build: _expo/static/js/web/UserLinksScreen-3767b41f0b5ddecdd648af9caea5b79e.js (1.1KB)
@mercaria/frontend build: _expo/static/js/web/WebBrowser-3ca9ea2c879b92ebcee9f4cbd83333e3.js (8.4KB)
@mercaria/frontend build: _expo/static/js/web/WelcomeNewUserScreen-e0bbbe3eccf6237f53be2244a1eae79f.js (8.7KB)
@mercaria/frontend build: _expo/static/js/web/zh-b318498f65a0a1967481986cb6918711.js (81KB)
@mercaria/frontend build: _expo/static/js/web/zh-CN-4320338a1f47f67eb52f76c0a2cbf62f.js (18KB)
@mercaria/frontend build: 
@mercaria/frontend build: › Files (3):
@mercaria/frontend build: favicon.ico (15KB)
@mercaria/frontend build: index.html (1.6KB)
@mercaria/frontend build: metadata.json (49B)
@mercaria/frontend build: 
@mercaria/frontend build: Exported: dist
@mercaria/frontend build: Exited with code 0
