$ bun run --filter @mercaria/pos build
@mercaria/pos build: Expo Autolinking module resolution enabled
@mercaria/pos build: Starting Metro Bundler
@mercaria/pos build: 
@mercaria/pos build:  WARN  Attempted to import the module "/home/nate/Oxy/Mercaria/.worktrees/1519-final-sdk-pins-20261003/node_modules/make-plural/cardinals.mjs" which is not listed in the "exports" of "/home/nate/Oxy/Mercaria/.worktrees/1519-final-sdk-pins-20261003/node_modules/make-plural" under the requested subpath "./cardinals.mjs". Falling back to file-based resolution. Consider updating the call site or asking the package maintainer(s) to expose this API.
@mercaria/pos build:  WARN  Attempted to import the module "/home/nate/Oxy/Mercaria/.worktrees/1519-final-sdk-pins-20261003/node_modules/make-plural/pluralCategories.mjs" which is not listed in the "exports" of "/home/nate/Oxy/Mercaria/.worktrees/1519-final-sdk-pins-20261003/node_modules/make-plural" under the requested subpath "./pluralCategories.mjs". Falling back to file-based resolution. Consider updating the call site or asking the package maintainer(s) to expose this API.
@mercaria/pos build:  WARN  Attempted to import the module "/home/nate/Oxy/Mercaria/.worktrees/1519-final-sdk-pins-20261003/node_modules/@noble/hashes/crypto.js" which is not listed in the "exports" of "/home/nate/Oxy/Mercaria/.worktrees/1519-final-sdk-pins-20261003/node_modules/@noble/hashes" under the requested subpath "./crypto.js". Falling back to file-based resolution. Consider updating the call site or asking the package maintainer(s) to expose this API.
@mercaria/pos build: Web Bundled 3403ms packages/pos/index.web.tsx (5261 modules)
@mercaria/pos build: 
@mercaria/pos build: › Assets (32):
@mercaria/pos build: ../../node_modules/@expo/vector-icons/build/vendor/react-native-vector-icons/Fonts/FontAwesome.b06871f281fee6b241d60582ae9369b9.ttf (166KB)
@mercaria/pos build: ../../node_modules/@oxy.so/bloom/lib/module/fonts/assets/BlomusModernus-Bold.c8e4c906b137ccc90f9aa1fbccbe85b2.woff2 (78KB)
@mercaria/pos build: ../../node_modules/@oxy.so/bloom/lib/module/fonts/assets/BlomusModernus-Regular.6a898c26aeb50e6f31189d06dd2bf3e9.woff2 (78KB)
@mercaria/pos build: ../../node_modules/@oxy.so/bloom/lib/module/fonts/assets/InterVariable.260c81a4759baf163c025001c4f27872.woff2 (48KB)
@mercaria/pos build: ../../node_modules/@oxy.so/bloom/lib/module/fonts/assets/JetBrainsMono-Variable.b058178d7f309414f8f856b99fd80d9b.woff2 (40KB)
@mercaria/pos build: ../../node_modules/@oxy.so/services/lib/module/assets/fonts/icons/OxyServicesIonicons.48b1d8ee549a265d0c1aa67fed7fbca2.ttf (43KB)
@mercaria/pos build: ../../node_modules/@oxy.so/services/lib/module/assets/fonts/icons/OxyServicesMaterialCommunityIcons.88d575089a17d9d10e08c411fd7105ba.ttf (29KB)
@mercaria/pos build: ../../node_modules/@oxy.so/services/lib/module/assets/signIn/slide-1.b29a38b76e9e9e426cc152c3a1a56a73.jpg (102KB)
@mercaria/pos build: ../../node_modules/@oxy.so/services/lib/module/assets/signIn/slide-2.045f767e731a6b2801ce1ea8dbda92f5.jpg (88KB)
@mercaria/pos build: ../../node_modules/@oxy.so/services/lib/module/assets/signIn/slide-3.32a001447e68adf690be104bddcce0ef.jpg (59KB)
@mercaria/pos build: ../../node_modules/@oxy.so/services/lib/module/assets/signIn/slide-4.1de81f0781c3c99c5615d0ec8eb5dee6.jpg (47KB)
@mercaria/pos build: ../../node_modules/expo-router/assets/arrow_down.017bc6ba3fc25503e5eb5e53826d48a8.png (9.5KB)
@mercaria/pos build: ../../node_modules/expo-router/assets/error.d1ea1496f9057eb392d5bbf3732a61b7.png (469B)
@mercaria/pos build: ../../node_modules/expo-router/assets/file.19eeb73b9593a38f8e9f418337fc7d10.png (138B)
@mercaria/pos build: ../../node_modules/expo-router/assets/forward.d8b800c443b8972542883e0b9de2bdc6.png (188B)
@mercaria/pos build: ../../node_modules/expo-router/assets/pkg.ab19f4cbc543357183a20571f68380a3.png (364B)
@mercaria/pos build: ../../node_modules/expo-router/assets/react-navigation/elements/back-icon-mask.0a328cd9c1afd0afe8e3b1ec5165b1b4.png (653B)
@mercaria/pos build: ../../node_modules/expo-router/assets/react-navigation/elements/back-icon.35ba0eaec5a4f5ed12ca16fabeae451d.png (207B)
@mercaria/pos build: ../../node_modules/expo-router/assets/react-navigation/elements/clear-icon.c94f6478e7ae0cdd9f15de1fcb9e5e55.png (4 variations | 425B)
@mercaria/pos build: ../../node_modules/expo-router/assets/react-navigation/elements/close-icon.808e1b1b9b53114ec2838071a7e6daa7.png (4 variations | 235B)
@mercaria/pos build: ../../node_modules/expo-router/assets/react-navigation/elements/search-icon.286d67d3f74808a60a78d3ebf1a5fb57.png (928B)
@mercaria/pos build: ../../node_modules/expo-router/assets/sitemap.412dd9275b6b48ad28f5e3d81bb1f626.png (465B)
@mercaria/pos build: ../../node_modules/expo-router/assets/unmatched.20e71bdf79e3a97bf55fd9e164041578.png (4.8KB)
@mercaria/pos build: assets/fonts/Inter-Italic-VariableFont_opsz,wght.6dce17792107f0321537c2f1e9f12866.ttf (905KB)
@mercaria/pos build: assets/fonts/Inter-VariableFont_opsz,wght.0a77e23a8fdbe6caefd53cb04c26fabc.ttf (875KB)
@mercaria/pos build: assets/fonts/SpaceMono-Regular.49a79d66bdea2debf1832bf4d7aca127.ttf (93KB)
@mercaria/pos build: 
@mercaria/pos build: › web bundles (76):
@mercaria/pos build: _expo/static/css/global-fd8660ff81b4fd52a13ab500a79e01ce.css (63KB)
@mercaria/pos build: _expo/static/js/web/__common-3c966f3705f3480936a3773cf6ba27e5.js (72KB)
@mercaria/pos build: _expo/static/js/web/__expo-metro-runtime-1f8f5d3ca6b7f58204d51e14506d73fb.js (3.8KB)
@mercaria/pos build: _expo/static/js/web/AccountMembersScreen-8639df15f6350950303954b05d24dc9c.js (10KB)
@mercaria/pos build: _expo/static/js/web/AccountSettingsScreen-7c0e5352aa7f3231088bf248aeff75fd.js (6KB)
@mercaria/pos build: _expo/static/js/web/AccountVerificationScreen-55ad9d230439f5f56ec096251d1369dc.js (4.9KB)
@mercaria/pos build: _expo/static/js/web/AppInfoScreen-6ed7f944927f8b7f6a7f844f4e269dd1.js (12KB)
@mercaria/pos build: _expo/static/js/web/ar-16df0e922585d18859b2424c0af89bc4.js (178KB)
@mercaria/pos build: _expo/static/js/web/ar-SA-5d444b040a78eab566cb5a776bcea3e7.js (35KB)
@mercaria/pos build: _expo/static/js/web/AvatarCropScreen-c18b8573b9682791da24208b15e0c0cd.js (21KB)
@mercaria/pos build: _expo/static/js/web/bn-af5f84c00a315899e1ca2736d669cfcc.js (173KB)
@mercaria/pos build: _expo/static/js/web/ca-0af28166d8be33b34d821527eb89918a.js (67KB)
@mercaria/pos build: _expo/static/js/web/ca-ES-17b2a3a35646bb7fced5f63737071c4c.js (13KB)
@mercaria/pos build: _expo/static/js/web/ChangeAvatarScreen-77b9d25cf3f7ed0fad455041a6ea244b.js (4.4KB)
@mercaria/pos build: _expo/static/js/web/ConnectedAppsScreen-60494c2f4ee5b4c91b194834ccfefb9b.js (3.1KB)
@mercaria/pos build: _expo/static/js/web/CreateAccountScreen-195098c2eb738f1a2fdc20d78a8d918b.js (7.5KB)
@mercaria/pos build: _expo/static/js/web/de-1dba5808f243671629cc0dcb856c6fb5.js (66KB)
@mercaria/pos build: _expo/static/js/web/de-DE-b6194ed8f83c27cf98700117461dafa3.js (14KB)
@mercaria/pos build: _expo/static/js/web/DeleteAccountScreen-05b024640a0bc9d0b907083d21af12e4.js (352B)
@mercaria/pos build: _expo/static/js/web/DomainsScreen-4eaf0a24526eee6a3fdb6a408fd442ca.js (4.4KB)
@mercaria/pos build: _expo/static/js/web/EditProfileFieldScreen-19c6f01b122654a9896f64e75572f01f.js (31KB)
@mercaria/pos build: _expo/static/js/web/EditProfileScreen-79f048aa0898fe03bc5c805d1d0071ae.js (3.5KB)
@mercaria/pos build: _expo/static/js/web/empty-module-06ceca4a60a6a78fee206dea05117124.js (39B)
@mercaria/pos build: _expo/static/js/web/es-63bd0467285f542b4a8f44b25721187d.js (67KB)
@mercaria/pos build: _expo/static/js/web/es-ES-645c6ea65f52bb1e3cf74442f0998a9f.js (67KB)
@mercaria/pos build: _expo/static/js/web/FileManagementScreen-7dc510c14b11d0ba7fa7fc2bf0f141ae.js (65KB)
@mercaria/pos build: _expo/static/js/web/FollowersListScreen-41df4472ba2e4940ba375aa57041c4e4.js (316B)
@mercaria/pos build: _expo/static/js/web/FollowingListScreen-55baa7f7742cec5e8f5e62048ee90d10.js (316B)
@mercaria/pos build: _expo/static/js/web/fr-98f1fa1bd7b55694ebedcdbc12c41247.js (70KB)
@mercaria/pos build: _expo/static/js/web/fr-FR-9855864a800f248629f392d38eebc905.js (14KB)
@mercaria/pos build: _expo/static/js/web/HelpSupportScreen-c282d15ea57e4156466e0636c83b11e0.js (2.9KB)
@mercaria/pos build: _expo/static/js/web/hi-e37ce6d1c441040724862f9654f9bc86.js (168KB)
@mercaria/pos build: _expo/static/js/web/HistoryViewScreen-f955b77dd76777f5dedae1c05b9fd647.js (4KB)
@mercaria/pos build: _expo/static/js/web/id-bce4dad21f21e0f0798b4b74ce9f5718.js (61KB)
@mercaria/pos build: _expo/static/js/web/ImagePicker-7bda4e0fa90a04bca5337243b6597a42.js (8.6KB)
@mercaria/pos build: _expo/static/js/web/index-05929799041e3c500cb60678f93771fb.js (12KB)
@mercaria/pos build: _expo/static/js/web/index-2dd658b663777a3e1fba978202294fab.js (54KB)
@mercaria/pos build: _expo/static/js/web/index-37fb24eab33288456753e28a4d8061c6.js (13KB)
@mercaria/pos build: _expo/static/js/web/index-8be5e888ddafeb793d2b0dac3c4d7e14.js (9MB)
@mercaria/pos build: _expo/static/js/web/index-a2c0126bcf3e385b6546e88867ec0119.js (2.1KB)
@mercaria/pos build: _expo/static/js/web/internal-d6206816e6b94d46571504002615ca01.js (2.4KB)
@mercaria/pos build: _expo/static/js/web/it-02f9f65076149577b2f915a5021c26de.js (65KB)
@mercaria/pos build: _expo/static/js/web/it-IT-8ae2aa72462df527a1bef15bc001a2dc.js (13KB)
@mercaria/pos build: _expo/static/js/web/ja-d0675bf82491f24f28a38eaf8ff48b00.js (104KB)
@mercaria/pos build: _expo/static/js/web/ja-JP-d0a7353b719e631c3caa4a7defebe3fc.js (26KB)
@mercaria/pos build: _expo/static/js/web/ko-KR-bbf410af738bf657710d95006b5ea848.js (21KB)
@mercaria/pos build: _expo/static/js/web/LanguageSelectorScreen-57e18151d3b75e3e4b00d1b75e067858.js (3.6KB)
@mercaria/pos build: _expo/static/js/web/LearnMoreUsernamesScreen-57b2a7db7db806cfdd5f6a7c2277c75f.js (2.5KB)
@mercaria/pos build: _expo/static/js/web/LegalDocumentsScreen-b789761410a1711dbdd167d0cc7c0fd8.js (4.4KB)
@mercaria/pos build: _expo/static/js/web/LinkCommonsScreen-2e1eed2e8b2fe63daf05ac4887878cdc.js (317B)
@mercaria/pos build: _expo/static/js/web/ManageAccountScreen-735740baa2edc29013757690a6873802.js (22KB)
@mercaria/pos build: _expo/static/js/web/NotificationsScreen-73afb5d9f2cfecb5d3e66266f17584ae.js (3.2KB)
@mercaria/pos build: _expo/static/js/web/OxyAccountDialogScreen-789757e70e8560eec6609510bb54d01a.js (43KB)
@mercaria/pos build: _expo/static/js/web/PaymentGatewayScreen-8e98b70d81d8708436eb16e2e97ad401.js (29KB)
@mercaria/pos build: _expo/static/js/web/PreferencesScreen-f2ea5e01aee67bdf872f8915b85c55f6.js (3.4KB)
@mercaria/pos build: _expo/static/js/web/PrivacySettingsScreen-c8171a89f67bd4adb5f8bdf9d5559eae.js (12KB)
@mercaria/pos build: _expo/static/js/web/ProfileScreen-41f8a7839904483c31544c4f17794c16.js (8.3KB)
@mercaria/pos build: _expo/static/js/web/pt-0e9dbc2b00318c6c226a45ea4517b13f.js (67KB)
@mercaria/pos build: _expo/static/js/web/pt-PT-5ac4ce20213ce36834096c1ef2211967.js (14KB)
@mercaria/pos build: _expo/static/js/web/ru-523d955cbd0046a25d1a1fa560c5eed9.js (199KB)
@mercaria/pos build: _expo/static/js/web/SearchSettingsScreen-09737ea482a6c5d596c2b4bda3d070fa.js (2.5KB)
@mercaria/pos build: _expo/static/js/web/SecureStore-68b63de0fbb1e4710bffda08cf1725ca.js (2.4KB)
@mercaria/pos build: _expo/static/js/web/SignInAuthenticatorScreen-5f6b26b51770d77c7b18fa6b18270728.js (319B)
@mercaria/pos build: _expo/static/js/web/SignInPasswordScreen-17dfd9a24cb4a836c9e2cb7b11536ba9.js (359B)
@mercaria/pos build: _expo/static/js/web/tr-5a9d7d05c345e5037ebb282c4540b3c8.js (71KB)
@mercaria/pos build: _expo/static/js/web/TrustAboutScreen-1f0ecc6c9ea2037d02a287f83e8dad01.js (2.6KB)
@mercaria/pos build: _expo/static/js/web/TrustCenterScreen-5287fb27493b45bdfda59a7d8fae400a.js (4.4KB)
@mercaria/pos build: _expo/static/js/web/TrustFAQScreen-179cc4b9570b9fa851ba4c3e601122c9.js (1.8KB)
@mercaria/pos build: _expo/static/js/web/TrustLeaderboardScreen-09beaa4d704550faa0c6569dd7c45d26.js (4.3KB)
@mercaria/pos build: _expo/static/js/web/TrustRewardsScreen-d639625aa05ae39ac266d5d0d2c22c58.js (9.4KB)
@mercaria/pos build: _expo/static/js/web/TrustRulesScreen-c24151ec6bfb162c1731b88b63bbb953.js (2.2KB)
@mercaria/pos build: _expo/static/js/web/UserLinksScreen-d856b3a333217092e26097d92c55ad47.js (1.1KB)
@mercaria/pos build: _expo/static/js/web/WebBrowser-c71cd55c974b04cd2c5cd5d26a788546.js (8.4KB)
@mercaria/pos build: _expo/static/js/web/WelcomeNewUserScreen-9a094100c634d93f44e9874ed168ac24.js (8.7KB)
@mercaria/pos build: _expo/static/js/web/zh-9f4474f8b15fe114b3e63c7faf85e869.js (81KB)
@mercaria/pos build: _expo/static/js/web/zh-CN-45bd6a2e98885eca22358b5ee473752d.js (18KB)
@mercaria/pos build: 
@mercaria/pos build: › Files (3):
@mercaria/pos build: favicon.ico (15KB)
@mercaria/pos build: index.html (1.6KB)
@mercaria/pos build: metadata.json (49B)
@mercaria/pos build: 
@mercaria/pos build: Exported: dist
@mercaria/pos build: Exited with code 0
