$ vitest run src/services/billing/__tests__/subscription-reconciliation.realdb.test.ts

[1m[30m[46m RUN [49m[39m[22m [36mv4.1.10 [39m[90m/home/nate/Oxy/Mercaria/.worktrees/1519-clean-cut-billing-20261004/packages/backend[39m

[13:39:44] [32mINFO[39m: [36mConnected to PostgreSQL successfully[39m
    [35mmaxPoolSize[39m: 4
[13:39:44] [33mWARN[39m: [36m[MerchantBilling] a subscription could not be reconciled[39m
    [35msubscriptionId[39m: "00000000-0000-7000-8001-d2d11111adfe"
    error: {
      "provider": "stripe",
      "stage": "retrieveSubscription",
      "retryable": true,
      "code": "billing_outcome_unknown",
      "name": "BillingProviderError"
    }
[13:39:44] [32mINFO[39m: [36m[MerchantBilling] subscription reconciliation pass[39m
    [35mexamined[39m: 1
    [35mapplied[39m: 0
    [35mfailed[39m: 1
    [35mnextAfterId[39m: "00000000-0000-7000-8001-d2d11111adfe"
    [35mgraceAnnounced[39m: 0
[13:39:44] [32mINFO[39m: [36m[MerchantBilling] subscription reconciliation pass[39m
    [35mexamined[39m: 1
    [35mapplied[39m: 1
    [35mfailed[39m: 0
    [35mnextAfterId[39m: "00000000-0000-7000-8002-d2d11111adfe"
    [35mgraceAnnounced[39m: 0
[13:39:44] [33mWARN[39m: [36m[MerchantBilling] a subscription could not be reconciled[39m
    [35msubscriptionId[39m: "00000000-0000-7000-7fff-d2d11111adfe"
    error: {}
[13:39:44] [32mINFO[39m: [36m[MerchantBilling] subscription reconciliation pass[39m
    [35mexamined[39m: 0
    [35mapplied[39m: 0
    [35mfailed[39m: 0
    [35mnextAfterId[39m: null
    [35mgraceAnnounced[39m: 1
[13:39:44] [32mINFO[39m: [36m[MerchantBilling] subscription reconciliation pass[39m
    [35mexamined[39m: 0
    [35mapplied[39m: 0
    [35mfailed[39m: 0
    [35mnextAfterId[39m: null
    [35mgraceAnnounced[39m: 1
[13:39:44] [32mINFO[39m: [36m[MerchantBilling] subscription reconciliation pass[39m
    [35mexamined[39m: 0
    [35mapplied[39m: 0
    [35mfailed[39m: 0
    [35mnextAfterId[39m: null
    [35mgraceAnnounced[39m: 1
[13:39:44] [32mINFO[39m: [36m[MerchantBilling] subscription reconciliation pass[39m
    [35mexamined[39m: 0
    [35mapplied[39m: 0
    [35mfailed[39m: 0
    [35mnextAfterId[39m: null
    [35mgraceAnnounced[39m: 1
 [32m✓[39m src/services/billing/__tests__/subscription-reconciliation.realdb.test.ts [2m([22m[2m5 tests[22m[2m)[22m[33m 702[2mms[22m[39m

[2m Test Files [22m [1m[32m1 passed[39m[22m[90m (1)[39m
[2m      Tests [22m [1m[32m5 passed[39m[22m[90m (5)[39m
[2m   Start at [22m 16:39:35
[2m   Duration [22m 9.67s[2m (transform 1.89s, setup 0ms, import 2.90s, tests 702ms, environment 0ms)[22m

