$ vitest run src/services/payments/__tests__/peable-provider.test.ts -t interrupted

 RUN  v4.1.10 /home/nate/Oxy/Mercaria/.worktrees/1519-i08-peable-adoption-20261003/packages/backend

 ❯ src/services/payments/__tests__/peable-provider.test.ts (40 tests | 3 failed | 34 skipped) 110ms
     × interrupted HTTP400 body preserves known refusal classification 32ms
     × interrupted HTTP403 body preserves known refusal classification 14ms
     × interrupted HTTP409 body preserves known refusal classification 14ms

⎯⎯⎯⎯⎯⎯⎯ Failed Tests 3 ⎯⎯⎯⎯⎯⎯⎯

 FAIL  src/services/payments/__tests__/peable-provider.test.ts > published SDK HTTP parity > interrupted HTTP400 body preserves known refusal classification
 FAIL  src/services/payments/__tests__/peable-provider.test.ts > published SDK HTTP parity > interrupted HTTP403 body preserves known refusal classification
 FAIL  src/services/payments/__tests__/peable-provider.test.ts > published SDK HTTP parity > interrupted HTTP409 body preserves known refusal classification
AssertionError: expected PaymentProviderError: The Peable operatio… { …(4) } to match object { provider: 'peable', …(2) }
(2 matching properties omitted from actual)

- Expected
+ Received

- {
+ PaymentProviderError {
    "provider": "peable",
-   "retryable": false,
+   "retryable": true,
    "stage": "createPayment",
  }

 ❯ src/services/payments/__tests__/peable-provider.test.ts:606:24
    604|     const provider = new PeablePaymentProvider(); forcedStatus = statu…
    605|     const result = provider.createPayment(request);
    606|     await expect(result).rejects.toMatchObject({ provider: 'peable', s…
       |                        ^
    607|     await expect(result).rejects.not.toThrow('synthetic-sensitive-deta…
    608|     expect(wire).toHaveLength(1); expect(intents.size).toBe(0);

⎯⎯⎯⎯⎯⎯⎯⎯⎯⎯⎯⎯⎯⎯⎯⎯⎯⎯⎯⎯⎯⎯⎯⎯[1/3]⎯


 Test Files  1 failed (1)
      Tests  3 failed | 3 passed | 34 skipped (40)
   Start at  10:53:34
   Duration  3.45s (transform 420ms, setup 0ms, import 564ms, tests 110ms, environment 0ms)

error: script "test" exited with code 1
