$ vitest run src/services/billing/peable/__tests__ src/services/billing/stripe/__tests__ src/routes/__tests__/peable-webhook.integration.test.ts

[1m[30m[46m RUN [49m[39m[22m [36mv4.1.10 [39m[90m/home/nate/Oxy/Mercaria/.worktrees/1519-billing-cohort-independent-20261004/packages/backend[39m

 [32m✓[39m src/services/billing/stripe/__tests__/cohort-reader.test.ts [2m([22m[2m9 tests[22m[2m)[22m[32m 18[2mms[22m[39m
 [32m✓[39m src/services/billing/stripe/__tests__/stripe-billing.test.ts [2m([22m[2m5 tests[22m[2m)[22m[32m 3[2mms[22m[39m
 [32m✓[39m src/services/billing/peable/__tests__/register.test.ts [2m([22m[2m12 tests[22m[2m)[22m[32m 9[2mms[22m[39m
[06:40:29] [32mINFO[39m: [36mRate limiter using in-memory store (REDIS_URL not set)[39m
    [35mscope[39m: "feedback"
[06:40:29] [32mINFO[39m: [36mRate limiter using in-memory store (REDIS_URL not set)[39m
    [35mscope[39m: "feedback"
[06:40:29] [32mINFO[39m: [36mRate limiter using in-memory store (REDIS_URL not set)[39m
    [35mscope[39m: "feedback"
[06:40:29] [32mINFO[39m: [36mRate limiter using in-memory store (REDIS_URL not set)[39m
    [35mscope[39m: "feedback"
[06:40:29] [32mINFO[39m: [36mRate limiter using in-memory store (REDIS_URL not set)[39m
    [35mscope[39m: "feedback"
[06:40:29] [32mINFO[39m: [36mRate limiter using in-memory store (REDIS_URL not set)[39m
    [35mscope[39m: "feedback"
[06:40:29] [33mWARN[39m: [36mVAPID keys not set — web push notifications disabled[39m
[06:40:29] [33mWARN[39m: [36mVAPID keys not set — web push notifications disabled[39m
[06:40:29] [32mINFO[39m: [36mConnected to PostgreSQL successfully[39m
    [35mmaxPoolSize[39m: 4
[06:40:30] [31mERROR[39m: [36mFailed to start a plan checkout[39m
    err: {
      "type": "MercariaError",
      "message": "A stable Idempotency-Key is required for this billing action.",
      "stack":
          MercariaError: A stable Idempotency-Key is required for this billing action.
              at validationError (/home/nate/Oxy/Mercaria/.worktrees/1519-billing-cohort-independent-20261004/packages/backend/src/lib/errors/error-codes.ts:106:10)
              at requireIntent (/home/nate/Oxy/Mercaria/.worktrees/1519-billing-cohort-independent-20261004/packages/backend/src/services/billing/subscription.service.ts:89:11)
              at startMerchantPlanCheckout (/home/nate/Oxy/Mercaria/.worktrees/1519-billing-cohort-independent-20261004/packages/backend/src/services/billing/subscription.service.ts:149:3)
              at startPlanCheckoutHandler (/home/nate/Oxy/Mercaria/.worktrees/1519-billing-cohort-independent-20261004/packages/backend/src/controllers/merchant-plans.controller.ts:89:27)
              at Layer.handle [as handle_request] (/home/nate/Oxy/Mercaria/.worktrees/1519-billing-cohort-independent-20261004/node_modules/express/lib/router/layer.js:95:5)
              at next (/home/nate/Oxy/Mercaria/.worktrees/1519-billing-cohort-independent-20261004/node_modules/express/lib/router/route.js:149:13)
              at Route.dispatch (/home/nate/Oxy/Mercaria/.worktrees/1519-billing-cohort-independent-20261004/node_modules/express/lib/router/route.js:119:3)
              at Layer.handle [as handle_request] (/home/nate/Oxy/Mercaria/.worktrees/1519-billing-cohort-independent-20261004/node_modules/express/lib/router/layer.js:95:5)
              at /home/nate/Oxy/Mercaria/.worktrees/1519-billing-cohort-independent-20261004/node_modules/express/lib/router/index.js:284:15
              at param (/home/nate/Oxy/Mercaria/.worktrees/1519-billing-cohort-independent-20261004/node_modules/express/lib/router/index.js:365:14)
      "code": "VALIDATION_ERROR",
      "httpStatus": 400,
      "name": "MercariaError"
    }
[06:40:30] [31mERROR[39m: [36mFailed to start a plan checkout[39m
    err: {
      "type": "MercariaError",
      "message": "Invalid Idempotency-Key.",
      "stack":
          MercariaError: Invalid Idempotency-Key.
              at validationError (/home/nate/Oxy/Mercaria/.worktrees/1519-billing-cohort-independent-20261004/packages/backend/src/lib/errors/error-codes.ts:106:10)
              at billingIntent (/home/nate/Oxy/Mercaria/.worktrees/1519-billing-cohort-independent-20261004/packages/backend/src/controllers/merchant-plans.controller.ts:52:11)
              at startPlanCheckoutHandler (/home/nate/Oxy/Mercaria/.worktrees/1519-billing-cohort-independent-20261004/packages/backend/src/controllers/merchant-plans.controller.ts:99:23)
              at Layer.handle [as handle_request] (/home/nate/Oxy/Mercaria/.worktrees/1519-billing-cohort-independent-20261004/node_modules/express/lib/router/layer.js:95:5)
              at next (/home/nate/Oxy/Mercaria/.worktrees/1519-billing-cohort-independent-20261004/node_modules/express/lib/router/route.js:149:13)
              at Route.dispatch (/home/nate/Oxy/Mercaria/.worktrees/1519-billing-cohort-independent-20261004/node_modules/express/lib/router/route.js:119:3)
              at Layer.handle [as handle_request] (/home/nate/Oxy/Mercaria/.worktrees/1519-billing-cohort-independent-20261004/node_modules/express/lib/router/layer.js:95:5)
              at /home/nate/Oxy/Mercaria/.worktrees/1519-billing-cohort-independent-20261004/node_modules/express/lib/router/index.js:284:15
              at param (/home/nate/Oxy/Mercaria/.worktrees/1519-billing-cohort-independent-20261004/node_modules/express/lib/router/index.js:365:14)
              at param (/home/nate/Oxy/Mercaria/.worktrees/1519-billing-cohort-independent-20261004/node_modules/express/lib/router/index.js:376:14)
      "code": "VALIDATION_ERROR",
      "httpStatus": 400,
      "name": "MercariaError"
    }
[06:40:30] [31mERROR[39m: [36mFailed to open the billing portal[39m
    err: {
      "type": "BillingProviderError",
      "message": "The hosted billing link expired. Start a new intent.",
      "stack":
          BillingProviderError: The hosted billing link expired. Start a new intent.
              at CohortBillingProvider.call (/home/nate/Oxy/Mercaria/.worktrees/1519-billing-cohort-independent-20261004/packages/backend/src/services/billing/peable/adapter.ts:70:15)
              at processTicksAndRejections (node:internal/process/task_queues:104:5)
              at openMerchantBillingPortal (/home/nate/Oxy/Mercaria/.worktrees/1519-billing-cohort-independent-20261004/packages/backend/src/services/billing/subscription.service.ts:234:19)
              at openPlanPortalHandler (/home/nate/Oxy/Mercaria/.worktrees/1519-billing-cohort-independent-20261004/packages/backend/src/controllers/merchant-plans.controller.ts:111:22)
      "provider": "stripe",
      "stage": "createPortalSession",
      "retryable": false,
      "code": "billing_result_expired",
      "name": "BillingProviderError"
    }
[06:40:30] [31mERROR[39m: [36mFailed to open the billing portal[39m
    err: {
      "type": "MercariaError",
      "message": "Paid plans are not available on this deployment.",
      "stack":
          MercariaError: Paid plans are not available on this deployment.
              at conflict (/home/nate/Oxy/Mercaria/.worktrees/1519-billing-cohort-independent-20261004/packages/backend/src/lib/errors/error-codes.ts:101:10)
              at openMerchantBillingPortal (/home/nate/Oxy/Mercaria/.worktrees/1519-billing-cohort-independent-20261004/packages/backend/src/services/billing/subscription.service.ts:222:11)
              at openPlanPortalHandler (/home/nate/Oxy/Mercaria/.worktrees/1519-billing-cohort-independent-20261004/packages/backend/src/controllers/merchant-plans.controller.ts:111:28)
              at Layer.handle [as handle_request] (/home/nate/Oxy/Mercaria/.worktrees/1519-billing-cohort-independent-20261004/node_modules/express/lib/router/layer.js:95:5)
              at next (/home/nate/Oxy/Mercaria/.worktrees/1519-billing-cohort-independent-20261004/node_modules/express/lib/router/route.js:149:13)
              at Route.dispatch (/home/nate/Oxy/Mercaria/.worktrees/1519-billing-cohort-independent-20261004/node_modules/express/lib/router/route.js:119:3)
              at Layer.handle [as handle_request] (/home/nate/Oxy/Mercaria/.worktrees/1519-billing-cohort-independent-20261004/node_modules/express/lib/router/layer.js:95:5)
              at /home/nate/Oxy/Mercaria/.worktrees/1519-billing-cohort-independent-20261004/node_modules/express/lib/router/index.js:284:15
              at param (/home/nate/Oxy/Mercaria/.worktrees/1519-billing-cohort-independent-20261004/node_modules/express/lib/router/index.js:365:14)
              at param (/home/nate/Oxy/Mercaria/.worktrees/1519-billing-cohort-independent-20261004/node_modules/express/lib/router/index.js:376:14)
      "code": "CONFLICT",
      "httpStatus": 409,
      "name": "MercariaError"
    }
 [32m✓[39m src/services/billing/peable/__tests__/adapter.realdb.test.ts [2m([22m[2m16 tests[22m[2m)[22m[33m 450[2mms[22m[39m
[06:40:30] [32mINFO[39m: [36mRate limiter using in-memory store (REDIS_URL not set)[39m
    [35mscope[39m: "listings"
[06:40:30] [32mINFO[39m: [36mRate limiter using in-memory store (REDIS_URL not set)[39m
    [35mscope[39m: "listings"
[06:40:30] [32mINFO[39m: [36mRate limiter using in-memory store (REDIS_URL not set)[39m
    [35mscope[39m: "search"
[06:40:30] [32mINFO[39m: [36mRate limiter using in-memory store (REDIS_URL not set)[39m
    [35mscope[39m: "search"
[06:40:30] [32mINFO[39m: [36mRate limiter using in-memory store (REDIS_URL not set)[39m
    [35mscope[39m: "feed"
[06:40:30] [32mINFO[39m: [36mRate limiter using in-memory store (REDIS_URL not set)[39m
    [35mscope[39m: "feed"
[06:40:30] [32mINFO[39m: [36mRate limiter using in-memory store (REDIS_URL not set)[39m
    [35mscope[39m: "discovery"
[06:40:30] [32mINFO[39m: [36mRate limiter using in-memory store (REDIS_URL not set)[39m
    [35mscope[39m: "discovery"
[06:40:31] [32mINFO[39m: [36mRate limiter using in-memory store (REDIS_URL not set)[39m
    [35mscope[39m: "listings"
[06:40:31] [32mINFO[39m: [36mRate limiter using in-memory store (REDIS_URL not set)[39m
    [35mscope[39m: "listings"
[06:40:31] [32mINFO[39m: [36mRate limiter using in-memory store (REDIS_URL not set)[39m
    [35mscope[39m: "stores"
[06:40:31] [32mINFO[39m: [36mRate limiter using in-memory store (REDIS_URL not set)[39m
    [35mscope[39m: "stores"
[06:40:31] [32mINFO[39m: [36mRate limiter using in-memory store (REDIS_URL not set)[39m
    [35mscope[39m: "listings"
[06:40:31] [32mINFO[39m: [36mRate limiter using in-memory store (REDIS_URL not set)[39m
    [35mscope[39m: "listings"
[06:40:31] [32mINFO[39m: [36mRate limiter using in-memory store (REDIS_URL not set)[39m
    [35mscope[39m: "listings"
[06:40:31] [32mINFO[39m: [36mRate limiter using in-memory store (REDIS_URL not set)[39m
    [35mscope[39m: "listings"
[06:40:31] [32mINFO[39m: [36mRate limiter using in-memory store (REDIS_URL not set)[39m
    [35mscope[39m: "listings"
[06:40:31] [32mINFO[39m: [36mRate limiter using in-memory store (REDIS_URL not set)[39m
    [35mscope[39m: "listings"
[06:40:31] [32mINFO[39m: [36mRate limiter using in-memory store (REDIS_URL not set)[39m
    [35mscope[39m: "listings"
[06:40:31] [32mINFO[39m: [36mRate limiter using in-memory store (REDIS_URL not set)[39m
    [35mscope[39m: "listings"
[06:40:31] [32mINFO[39m: [36mRate limiter using in-memory store (REDIS_URL not set)[39m
    [35mscope[39m: "listings"
[06:40:31] [32mINFO[39m: [36mRate limiter using in-memory store (REDIS_URL not set)[39m
    [35mscope[39m: "listings"
[06:40:31] [32mINFO[39m: [36mRate limiter using in-memory store (REDIS_URL not set)[39m
    [35mscope[39m: "listings"
[06:40:31] [32mINFO[39m: [36mRate limiter using in-memory store (REDIS_URL not set)[39m
    [35mscope[39m: "listings"
[06:40:31] [32mINFO[39m: [36mRate limiter using in-memory store (REDIS_URL not set)[39m
    [35mscope[39m: "cart"
[06:40:31] [32mINFO[39m: [36mRate limiter using in-memory store (REDIS_URL not set)[39m
    [35mscope[39m: "cart"
[06:40:31] [32mINFO[39m: [36mRate limiter using in-memory store (REDIS_URL not set)[39m
    [35mscope[39m: "cart"
[06:40:31] [32mINFO[39m: [36mRate limiter using in-memory store (REDIS_URL not set)[39m
    [35mscope[39m: "cart"
[06:40:31] [32mINFO[39m: [36mRate limiter using in-memory store (REDIS_URL not set)[39m
    [35mscope[39m: "cart"
[06:40:31] [32mINFO[39m: [36mRate limiter using in-memory store (REDIS_URL not set)[39m
    [35mscope[39m: "cart"
[06:40:31] [32mINFO[39m: [36mRate limiter using in-memory store (REDIS_URL not set)[39m
    [35mscope[39m: "cart"
[06:40:31] [32mINFO[39m: [36mRate limiter using in-memory store (REDIS_URL not set)[39m
    [35mscope[39m: "cart-merge"
[06:40:31] [32mINFO[39m: [36mRate limiter using in-memory store (REDIS_URL not set)[39m
    [35mscope[39m: "cart"
[06:40:31] [32mINFO[39m: [36mRate limiter using in-memory store (REDIS_URL not set)[39m
    [35mscope[39m: "cart"
[06:40:31] [32mINFO[39m: [36mRate limiter using in-memory store (REDIS_URL not set)[39m
    [35mscope[39m: "cart"
[06:40:31] [32mINFO[39m: [36mRate limiter using in-memory store (REDIS_URL not set)[39m
    [35mscope[39m: "cart"
[06:40:31] [32mINFO[39m: [36mRate limiter using in-memory store (REDIS_URL not set)[39m
    [35mscope[39m: "cart"
[06:40:31] [32mINFO[39m: [36mRate limiter using in-memory store (REDIS_URL not set)[39m
    [35mscope[39m: "cart-merge"
[06:40:31] [32mINFO[39m: [36mRate limiter using in-memory store (REDIS_URL not set)[39m
    [35mscope[39m: "orders"
[06:40:31] [32mINFO[39m: [36mRate limiter using in-memory store (REDIS_URL not set)[39m
    [35mscope[39m: "orders"
[06:40:31] [32mINFO[39m: [36mRate limiter using in-memory store (REDIS_URL not set)[39m
    [35mscope[39m: "orders"
[06:40:31] [32mINFO[39m: [36mRate limiter using in-memory store (REDIS_URL not set)[39m
    [35mscope[39m: "orders"
[06:40:31] [32mINFO[39m: [36mRate limiter using in-memory store (REDIS_URL not set)[39m
    [35mscope[39m: "orders"
[06:40:31] [32mINFO[39m: [36mRate limiter using in-memory store (REDIS_URL not set)[39m
    [35mscope[39m: "orders"
[06:40:31] [32mINFO[39m: [36mRate limiter using in-memory store (REDIS_URL not set)[39m
    [35mscope[39m: "orders"
[06:40:31] [32mINFO[39m: [36mRate limiter using in-memory store (REDIS_URL not set)[39m
    [35mscope[39m: "orders"
[06:40:31] [32mINFO[39m: [36mRate limiter using in-memory store (REDIS_URL not set)[39m
    [35mscope[39m: "checkout"
[06:40:31] [32mINFO[39m: [36mRate limiter using in-memory store (REDIS_URL not set)[39m
    [35mscope[39m: "checkout"
[06:40:31] [32mINFO[39m: [36mRate limiter using in-memory store (REDIS_URL not set)[39m
    [35mscope[39m: "orders"
[06:40:31] [32mINFO[39m: [36mRate limiter using in-memory store (REDIS_URL not set)[39m
    [35mscope[39m: "orders"
[06:40:31] [32mINFO[39m: [36mRate limiter using in-memory store (REDIS_URL not set)[39m
    [35mscope[39m: "buyer-requests"
[06:40:31] [32mINFO[39m: [36mRate limiter using in-memory store (REDIS_URL not set)[39m
    [35mscope[39m: "buyer-requests"
[06:40:31] [32mINFO[39m: [36mRate limiter using in-memory store (REDIS_URL not set)[39m
    [35mscope[39m: "buyer-requests"
[06:40:31] [32mINFO[39m: [36mRate limiter using in-memory store (REDIS_URL not set)[39m
    [35mscope[39m: "buyer-requests"
[06:40:31] [32mINFO[39m: [36mRate limiter using in-memory store (REDIS_URL not set)[39m
    [35mscope[39m: "orders"
[06:40:31] [32mINFO[39m: [36mRate limiter using in-memory store (REDIS_URL not set)[39m
    [35mscope[39m: "orders"
[06:40:31] [32mINFO[39m: [36mRate limiter using in-memory store (REDIS_URL not set)[39m
    [35mscope[39m: "orders"
[06:40:31] [32mINFO[39m: [36mRate limiter using in-memory store (REDIS_URL not set)[39m
    [35mscope[39m: "orders"
[06:40:31] [32mINFO[39m: [36mRate limiter using in-memory store (REDIS_URL not set)[39m
    [35mscope[39m: "orders"
[06:40:31] [32mINFO[39m: [36mRate limiter using in-memory store (REDIS_URL not set)[39m
    [35mscope[39m: "orders"
[06:40:31] [32mINFO[39m: [36mRate limiter using in-memory store (REDIS_URL not set)[39m
    [35mscope[39m: "orders"
[06:40:31] [32mINFO[39m: [36mRate limiter using in-memory store (REDIS_URL not set)[39m
    [35mscope[39m: "orders"
[06:40:31] [32mINFO[39m: [36mRate limiter using in-memory store (REDIS_URL not set)[39m
    [35mscope[39m: "orders"
[06:40:31] [32mINFO[39m: [36mRate limiter using in-memory store (REDIS_URL not set)[39m
    [35mscope[39m: "orders"
[06:40:31] [32mINFO[39m: [36mRate limiter using in-memory store (REDIS_URL not set)[39m
    [35mscope[39m: "admin"
[06:40:31] [32mINFO[39m: [36mRate limiter using in-memory store (REDIS_URL not set)[39m
    [35mscope[39m: "admin"
[06:40:31] [32mINFO[39m: [36mRate limiter using in-memory store (REDIS_URL not set)[39m
    [35mscope[39m: "orders"
[06:40:31] [32mINFO[39m: [36mRate limiter using in-memory store (REDIS_URL not set)[39m
    [35mscope[39m: "orders"
[06:40:31] [32mINFO[39m: [36mRate limiter using in-memory store (REDIS_URL not set)[39m
    [35mscope[39m: "reviews"
[06:40:31] [32mINFO[39m: [36mRate limiter using in-memory store (REDIS_URL not set)[39m
    [35mscope[39m: "reviews"
[06:40:31] [32mINFO[39m: [36mRate limiter using in-memory store (REDIS_URL not set)[39m
    [35mscope[39m: "stores"
[06:40:31] [32mINFO[39m: [36mRate limiter using in-memory store (REDIS_URL not set)[39m
    [35mscope[39m: "stores"
[06:40:31] [32mINFO[39m: [36mRate limiter using in-memory store (REDIS_URL not set)[39m
    [35mscope[39m: "stores"
[06:40:31] [32mINFO[39m: [36mRate limiter using in-memory store (REDIS_URL not set)[39m
    [35mscope[39m: "stores"
[06:40:31] [32mINFO[39m: [36mRate limiter using in-memory store (REDIS_URL not set)[39m
    [35mscope[39m: "stores"
[06:40:31] [32mINFO[39m: [36mRate limiter using in-memory store (REDIS_URL not set)[39m
    [35mscope[39m: "payments"
[06:40:31] [32mINFO[39m: [36mRate limiter using in-memory store (REDIS_URL not set)[39m
    [35mscope[39m: "listings"
[06:40:31] [32mINFO[39m: [36mRate limiter using in-memory store (REDIS_URL not set)[39m
    [35mscope[39m: "listings"
[06:40:31] [32mINFO[39m: [36mRate limiter using in-memory store (REDIS_URL not set)[39m
    [35mscope[39m: "listings"
[06:40:31] [32mINFO[39m: [36mRate limiter using in-memory store (REDIS_URL not set)[39m
    [35mscope[39m: "listings"
[06:40:31] [32mINFO[39m: [36mRate limiter using in-memory store (REDIS_URL not set)[39m
    [35mscope[39m: "listings"
[06:40:31] [32mINFO[39m: [36mRate limiter using in-memory store (REDIS_URL not set)[39m
    [35mscope[39m: "listings"
[06:40:31] [32mINFO[39m: [36mRate limiter using in-memory store (REDIS_URL not set)[39m
    [35mscope[39m: "listings"
[06:40:31] [32mINFO[39m: [36mRate limiter using in-memory store (REDIS_URL not set)[39m
    [35mscope[39m: "listings"
[06:40:31] [32mINFO[39m: [36mRate limiter using in-memory store (REDIS_URL not set)[39m
    [35mscope[39m: "listings"
[06:40:31] [32mINFO[39m: [36mRate limiter using in-memory store (REDIS_URL not set)[39m
    [35mscope[39m: "listings"
[06:40:31] [32mINFO[39m: [36mRate limiter using in-memory store (REDIS_URL not set)[39m
    [35mscope[39m: "listings"
[06:40:31] [32mINFO[39m: [36mRate limiter using in-memory store (REDIS_URL not set)[39m
    [35mscope[39m: "listings"
[06:40:31] [32mINFO[39m: [36mRate limiter using in-memory store (REDIS_URL not set)[39m
    [35mscope[39m: "listings"
[06:40:31] [32mINFO[39m: [36mRate limiter using in-memory store (REDIS_URL not set)[39m
    [35mscope[39m: "listings"
[06:40:31] [32mINFO[39m: [36mRate limiter using in-memory store (REDIS_URL not set)[39m
    [35mscope[39m: "listings"
[06:40:31] [32mINFO[39m: [36mRate limiter using in-memory store (REDIS_URL not set)[39m
    [35mscope[39m: "listings"
[06:40:31] [32mINFO[39m: [36mRate limiter using in-memory store (REDIS_URL not set)[39m
    [35mscope[39m: "orders"
[06:40:31] [32mINFO[39m: [36mRate limiter using in-memory store (REDIS_URL not set)[39m
    [35mscope[39m: "orders"
[06:40:31] [32mINFO[39m: [36mRate limiter using in-memory store (REDIS_URL not set)[39m
    [35mscope[39m: "stores"
[06:40:31] [32mINFO[39m: [36mRate limiter using in-memory store (REDIS_URL not set)[39m
    [35mscope[39m: "stores"
[06:40:31] [32mINFO[39m: [36mRate limiter using in-memory store (REDIS_URL not set)[39m
    [35mscope[39m: "stores"
[06:40:31] [32mINFO[39m: [36mRate limiter using in-memory store (REDIS_URL not set)[39m
    [35mscope[39m: "payments"
[06:40:31] [32mINFO[39m: [36mRate limiter using in-memory store (REDIS_URL not set)[39m
    [35mscope[39m: "listings"
[06:40:31] [32mINFO[39m: [36mRate limiter using in-memory store (REDIS_URL not set)[39m
    [35mscope[39m: "listings"
[06:40:31] [32mINFO[39m: [36mRate limiter using in-memory store (REDIS_URL not set)[39m
    [35mscope[39m: "listings"
[06:40:31] [32mINFO[39m: [36mRate limiter using in-memory store (REDIS_URL not set)[39m
    [35mscope[39m: "listings"
[06:40:31] [32mINFO[39m: [36mRate limiter using in-memory store (REDIS_URL not set)[39m
    [35mscope[39m: "listings"
[06:40:31] [32mINFO[39m: [36mRate limiter using in-memory store (REDIS_URL not set)[39m
    [35mscope[39m: "listings"
[06:40:31] [32mINFO[39m: [36mRate limiter using in-memory store (REDIS_URL not set)[39m
    [35mscope[39m: "listings"
[06:40:31] [32mINFO[39m: [36mRate limiter using in-memory store (REDIS_URL not set)[39m
    [35mscope[39m: "listings"
[06:40:31] [32mINFO[39m: [36mRate limiter using in-memory store (REDIS_URL not set)[39m
    [35mscope[39m: "listings"
[06:40:31] [32mINFO[39m: [36mRate limiter using in-memory store (REDIS_URL not set)[39m
    [35mscope[39m: "listings"
[06:40:31] [32mINFO[39m: [36mRate limiter using in-memory store (REDIS_URL not set)[39m
    [35mscope[39m: "listings"
[06:40:31] [32mINFO[39m: [36mRate limiter using in-memory store (REDIS_URL not set)[39m
    [35mscope[39m: "listings"
[06:40:31] [32mINFO[39m: [36mRate limiter using in-memory store (REDIS_URL not set)[39m
    [35mscope[39m: "listings"
[06:40:31] [32mINFO[39m: [36mRate limiter using in-memory store (REDIS_URL not set)[39m
    [35mscope[39m: "listings"
[06:40:31] [32mINFO[39m: [36mRate limiter using in-memory store (REDIS_URL not set)[39m
    [35mscope[39m: "listings"
[06:40:31] [32mINFO[39m: [36mRate limiter using in-memory store (REDIS_URL not set)[39m
    [35mscope[39m: "listings"
[06:40:31] [32mINFO[39m: [36mRate limiter using in-memory store (REDIS_URL not set)[39m
    [35mscope[39m: "orders"
[06:40:31] [32mINFO[39m: [36mRate limiter using in-memory store (REDIS_URL not set)[39m
    [35mscope[39m: "orders"
[06:40:32] [32mINFO[39m: [36mRate limiter using in-memory store (REDIS_URL not set)[39m
    [35mscope[39m: "referral-partner"
[06:40:32] [32mINFO[39m: [36mRate limiter using in-memory store (REDIS_URL not set)[39m
    [35mscope[39m: "referral-partner"
[06:40:32] [32mINFO[39m: [36mRate limiter using in-memory store (REDIS_URL not set)[39m
    [35mscope[39m: "sellers"
[06:40:32] [32mINFO[39m: [36mRate limiter using in-memory store (REDIS_URL not set)[39m
    [35mscope[39m: "sellers"
[06:40:32] [32mINFO[39m: [36mRate limiter using in-memory store (REDIS_URL not set)[39m
    [35mscope[39m: "rates"
[06:40:32] [32mINFO[39m: [36mRate limiter using in-memory store (REDIS_URL not set)[39m
    [35mscope[39m: "rates"
[06:40:32] [32mINFO[39m: [36mRate limiter using in-memory store (REDIS_URL not set)[39m
    [35mscope[39m: "channels"
[06:40:32] [32mINFO[39m: [36mRate limiter using in-memory store (REDIS_URL not set)[39m
    [35mscope[39m: "channels"
[06:40:32] [32mINFO[39m: [36mRate limiter using in-memory store (REDIS_URL not set)[39m
    [35mscope[39m: "channels"
[06:40:32] [32mINFO[39m: [36mRate limiter using in-memory store (REDIS_URL not set)[39m
    [35mscope[39m: "channels"
[06:40:32] [32mINFO[39m: [36mRate limiter using in-memory store (REDIS_URL not set)[39m
    [35mscope[39m: "channels"
[06:40:32] [32mINFO[39m: [36mRate limiter using in-memory store (REDIS_URL not set)[39m
    [35mscope[39m: "channels"
[06:40:32] [32mINFO[39m: [36mRate limiter using in-memory store (REDIS_URL not set)[39m
    [35mscope[39m: "channels"
[06:40:32] [32mINFO[39m: [36mRate limiter using in-memory store (REDIS_URL not set)[39m
    [35mscope[39m: "channels"
[06:40:32] [32mINFO[39m: [36mRate limiter using in-memory store (REDIS_URL not set)[39m
    [35mscope[39m: "channels"
[06:40:32] [32mINFO[39m: [36mRate limiter using in-memory store (REDIS_URL not set)[39m
    [35mscope[39m: "channels"
[06:40:32] [32mINFO[39m: [36mRate limiter using in-memory store (REDIS_URL not set)[39m
    [35mscope[39m: "channels"
[06:40:32] [32mINFO[39m: [36mRate limiter using in-memory store (REDIS_URL not set)[39m
    [35mscope[39m: "channels"
[06:40:32] [32mINFO[39m: [36mRate limiter using in-memory store (REDIS_URL not set)[39m
    [35mscope[39m: "payments"
[06:40:32] [32mINFO[39m: [36mRate limiter using in-memory store (REDIS_URL not set)[39m
    [35mscope[39m: "payments"
[06:40:32] [32mINFO[39m: [36mRate limiter using in-memory store (REDIS_URL not set)[39m
    [35mscope[39m: "feed-import"
[06:40:32] [32mINFO[39m: [36mRate limiter using in-memory store (REDIS_URL not set)[39m
    [35mscope[39m: "feed-import"
[06:40:32] [32mINFO[39m: [36mRate limiter using in-memory store (REDIS_URL not set)[39m
    [35mscope[39m: "feed-import-fetch"
[06:40:32] [32mINFO[39m: [36mRate limiter using in-memory store (REDIS_URL not set)[39m
    [35mscope[39m: "feed-import-fetch"
[06:40:32] [32mINFO[39m: [36mRate limiter using in-memory store (REDIS_URL not set)[39m
    [35mscope[39m: "referral-partner"
[06:40:32] [32mINFO[39m: [36mRate limiter using in-memory store (REDIS_URL not set)[39m
    [35mscope[39m: "referral-partner"
[06:40:32] [32mINFO[39m: [36mRate limiter using in-memory store (REDIS_URL not set)[39m
    [35mscope[39m: "admin"
[06:40:32] [32mINFO[39m: [36mRate limiter using in-memory store (REDIS_URL not set)[39m
    [35mscope[39m: "admin"
[06:40:32] [32mINFO[39m: [36mRate limiter using in-memory store (REDIS_URL not set)[39m
    [35mscope[39m: "channels"
[06:40:32] [32mINFO[39m: [36mRate limiter using in-memory store (REDIS_URL not set)[39m
    [35mscope[39m: "channels"
[06:40:32] [32mINFO[39m: [36mRate limiter using in-memory store (REDIS_URL not set)[39m
    [35mscope[39m: "channels"
[06:40:32] [32mINFO[39m: [36mRate limiter using in-memory store (REDIS_URL not set)[39m
    [35mscope[39m: "channels"
[06:40:32] [32mINFO[39m: [36mRate limiter using in-memory store (REDIS_URL not set)[39m
    [35mscope[39m: "channels"
[06:40:32] [32mINFO[39m: [36mRate limiter using in-memory store (REDIS_URL not set)[39m
    [35mscope[39m: "channels"
[06:40:32] [32mINFO[39m: [36mRate limiter using in-memory store (REDIS_URL not set)[39m
    [35mscope[39m: "channels"
[06:40:32] [32mINFO[39m: [36mRate limiter using in-memory store (REDIS_URL not set)[39m
    [35mscope[39m: "channels"
[06:40:32] [32mINFO[39m: [36mRate limiter using in-memory store (REDIS_URL not set)[39m
    [35mscope[39m: "reports"
[06:40:32] [32mINFO[39m: [36mRate limiter using in-memory store (REDIS_URL not set)[39m
    [35mscope[39m: "reports"
[06:40:32] [32mINFO[39m: [36mRate limiter using in-memory store (REDIS_URL not set)[39m
    [35mscope[39m: "reports"
[06:40:32] [32mINFO[39m: [36mRate limiter using in-memory store (REDIS_URL not set)[39m
    [35mscope[39m: "reports"
[06:40:32] [32mINFO[39m: [36mRate limiter using in-memory store (REDIS_URL not set)[39m
    [35mscope[39m: "payments"
[06:40:32] [32mINFO[39m: [36mRate limiter using in-memory store (REDIS_URL not set)[39m
    [35mscope[39m: "payments"
[06:40:33] [32mINFO[39m: [36mRate limiter using in-memory store (REDIS_URL not set)[39m
    [35mscope[39m: "payments"
[06:40:33] [32mINFO[39m: [36mRate limiter using in-memory store (REDIS_URL not set)[39m
    [35mscope[39m: "payments"
[06:40:33] [32mINFO[39m: [36mRate limiter using in-memory store (REDIS_URL not set)[39m
    [35mscope[39m: "listings"
[06:40:33] [32mINFO[39m: [36mRate limiter using in-memory store (REDIS_URL not set)[39m
    [35mscope[39m: "listings"
[06:40:33] [32mINFO[39m: [36mRate limiter using in-memory store (REDIS_URL not set)[39m
    [35mscope[39m: "listings"
[06:40:33] [32mINFO[39m: [36mRate limiter using in-memory store (REDIS_URL not set)[39m
    [35mscope[39m: "listings"
[06:40:33] [32mINFO[39m: [36mRate limiter using in-memory store (REDIS_URL not set)[39m
    [35mscope[39m: "listings"
[06:40:33] [32mINFO[39m: [36mRate limiter using in-memory store (REDIS_URL not set)[39m
    [35mscope[39m: "listings"
[06:40:33] [32mINFO[39m: [36mRate limiter using in-memory store (REDIS_URL not set)[39m
    [35mscope[39m: "listings"
[06:40:33] [32mINFO[39m: [36mRate limiter using in-memory store (REDIS_URL not set)[39m
    [35mscope[39m: "listings"
[06:40:33] [32mINFO[39m: [36mRate limiter using in-memory store (REDIS_URL not set)[39m
    [35mscope[39m: "listings"
[06:40:33] [32mINFO[39m: [36mRate limiter using in-memory store (REDIS_URL not set)[39m
    [35mscope[39m: "listings"
[06:40:33] [32mINFO[39m: [36mRate limiter using in-memory store (REDIS_URL not set)[39m
    [35mscope[39m: "listings"
[06:40:33] [32mINFO[39m: [36mRate limiter using in-memory store (REDIS_URL not set)[39m
    [35mscope[39m: "listings"
[06:40:33] [32mINFO[39m: [36mRate limiter using in-memory store (REDIS_URL not set)[39m
    [35mscope[39m: "listings"
[06:40:33] [32mINFO[39m: [36mRate limiter using in-memory store (REDIS_URL not set)[39m
    [35mscope[39m: "listings"
[06:40:33] [32mINFO[39m: [36mRate limiter using in-memory store (REDIS_URL not set)[39m
    [35mscope[39m: "listings"
[06:40:33] [32mINFO[39m: [36mRate limiter using in-memory store (REDIS_URL not set)[39m
    [35mscope[39m: "listings"
[06:40:33] [32mINFO[39m: [36mRate limiter using in-memory store (REDIS_URL not set)[39m
    [35mscope[39m: "listings"
[06:40:33] [32mINFO[39m: [36mRate limiter using in-memory store (REDIS_URL not set)[39m
    [35mscope[39m: "listings"
[06:40:33] [32mINFO[39m: [36mRate limiter using in-memory store (REDIS_URL not set)[39m
    [35mscope[39m: "nearby"
[06:40:33] [32mINFO[39m: [36mRate limiter using in-memory store (REDIS_URL not set)[39m
    [35mscope[39m: "nearby"
[06:40:33] [32mINFO[39m: [36mRate limiter using in-memory store (REDIS_URL not set)[39m
    [35mscope[39m: "listings"
[06:40:33] [32mINFO[39m: [36mRate limiter using in-memory store (REDIS_URL not set)[39m
    [35mscope[39m: "listings"
[06:40:33] [32mINFO[39m: [36mRate limiter using in-memory store (REDIS_URL not set)[39m
    [35mscope[39m: "search-intent"
[06:40:33] [32mINFO[39m: [36mRate limiter using in-memory store (REDIS_URL not set)[39m
    [35mscope[39m: "search-intent"
[06:40:33] [32mINFO[39m: [36mRate limiter using in-memory store (REDIS_URL not set)[39m
    [35mscope[39m: "admin"
[06:40:33] [32mINFO[39m: [36mRate limiter using in-memory store (REDIS_URL not set)[39m
    [35mscope[39m: "admin"
[06:40:33] [32mINFO[39m: [36mRate limiter using in-memory store (REDIS_URL not set)[39m
    [35mscope[39m: "listings"
[06:40:33] [32mINFO[39m: [36mRate limiter using in-memory store (REDIS_URL not set)[39m
    [35mscope[39m: "listings"
[06:40:33] [32mINFO[39m: [36mRate limiter using in-memory store (REDIS_URL not set)[39m
    [35mscope[39m: "listings"
[06:40:33] [32mINFO[39m: [36mRate limiter using in-memory store (REDIS_URL not set)[39m
    [35mscope[39m: "listings"
[06:40:33] [32mINFO[39m: [36mRate limiter using in-memory store (REDIS_URL not set)[39m
    [35mscope[39m: "listings"
[06:40:33] [32mINFO[39m: [36mRate limiter using in-memory store (REDIS_URL not set)[39m
    [35mscope[39m: "listings"
[06:40:34] [32mINFO[39m: [36mRate limiter using in-memory store (REDIS_URL not set)[39m
    [35mscope[39m: "seo"
[06:40:34] [32mINFO[39m: [36mRate limiter using in-memory store (REDIS_URL not set)[39m
    [35mscope[39m: "seo"
[06:40:34] [32mINFO[39m: [36mRate limiter using in-memory store (REDIS_URL not set)[39m
    [35mscope[39m: "listings"
[06:40:34] [32mINFO[39m: [36mRate limiter using in-memory store (REDIS_URL not set)[39m
    [35mscope[39m: "listings"
[06:40:34] [32mINFO[39m: [36mRate limiter using in-memory store (REDIS_URL not set)[39m
    [35mscope[39m: "merchantCompetitiveness"
[06:40:34] [32mINFO[39m: [36mRate limiter using in-memory store (REDIS_URL not set)[39m
    [35mscope[39m: "merchantCompetitiveness"
[06:40:34] [32mINFO[39m: [36mRate limiter using in-memory store (REDIS_URL not set)[39m
    [35mscope[39m: "listings"
[06:40:34] [32mINFO[39m: [36mRate limiter using in-memory store (REDIS_URL not set)[39m
    [35mscope[39m: "listings"
[06:40:34] [32mINFO[39m: [36mRate limiter using in-memory store (REDIS_URL not set)[39m
    [35mscope[39m: "listings"
[06:40:34] [32mINFO[39m: [36mRate limiter using in-memory store (REDIS_URL not set)[39m
    [35mscope[39m: "listings"
[06:40:34] [32mINFO[39m: [36mRate limiter using in-memory store (REDIS_URL not set)[39m
    [35mscope[39m: "listings"
[06:40:34] [32mINFO[39m: [36mRate limiter using in-memory store (REDIS_URL not set)[39m
    [35mscope[39m: "listings"
[06:40:34] [32mINFO[39m: [36mRate limiter using in-memory store (REDIS_URL not set)[39m
    [35mscope[39m: "listings"
[06:40:34] [32mINFO[39m: [36mRate limiter using in-memory store (REDIS_URL not set)[39m
    [35mscope[39m: "listings"
[06:40:34] [32mINFO[39m: [36mRate limiter using in-memory store (REDIS_URL not set)[39m
    [35mscope[39m: "feed-import-fetch"
[06:40:34] [32mINFO[39m: [36mRate limiter using in-memory store (REDIS_URL not set)[39m
    [35mscope[39m: "feed-import-fetch"
[06:40:34] [32mINFO[39m: [36mRate limiter using in-memory store (REDIS_URL not set)[39m
    [35mscope[39m: "merchant-claims"
[06:40:34] [32mINFO[39m: [36mRate limiter using in-memory store (REDIS_URL not set)[39m
    [35mscope[39m: "merchant-claims"
[06:40:34] [32mINFO[39m: [36mRate limiter using in-memory store (REDIS_URL not set)[39m
    [35mscope[39m: "merchant-claims"
[06:40:34] [32mINFO[39m: [36mRate limiter using in-memory store (REDIS_URL not set)[39m
    [35mscope[39m: "merchant-claims"
[06:40:34] [32mINFO[39m: [36mRate limiter using in-memory store (REDIS_URL not set)[39m
    [35mscope[39m: "referral-redirect"
[06:40:34] [32mINFO[39m: [36mRate limiter using in-memory store (REDIS_URL not set)[39m
    [35mscope[39m: "referral-redirect"
[06:40:34] [32mINFO[39m: [36mRate limiter using in-memory store (REDIS_URL not set)[39m
    [35mscope[39m: "outbound"
[06:40:34] [32mINFO[39m: [36mRate limiter using in-memory store (REDIS_URL not set)[39m
    [35mscope[39m: "outbound"
[06:40:34] [32mINFO[39m: [36mRate limiter using in-memory store (REDIS_URL not set)[39m
    [35mscope[39m: "referral-bind"
[06:40:34] [32mINFO[39m: [36mRate limiter using in-memory store (REDIS_URL not set)[39m
    [35mscope[39m: "referral-bind"
[06:40:34] [32mINFO[39m: [36mRate limiter using in-memory store (REDIS_URL not set)[39m
    [35mscope[39m: "referral-bind"
[06:40:34] [32mINFO[39m: [36mRate limiter using in-memory store (REDIS_URL not set)[39m
    [35mscope[39m: "referral-bind"
[06:40:34] [32mINFO[39m: [36mRate limiter using in-memory store (REDIS_URL not set)[39m
    [35mscope[39m: "referral-bind"
[06:40:34] [32mINFO[39m: [36mRate limiter using in-memory store (REDIS_URL not set)[39m
    [35mscope[39m: "referral-bind"
[06:40:34] [32mINFO[39m: [36mRate limiter using in-memory store (REDIS_URL not set)[39m
    [35mscope[39m: "referral-bind"
[06:40:34] [32mINFO[39m: [36mRate limiter using in-memory store (REDIS_URL not set)[39m
    [35mscope[39m: "referral-bind"
[06:40:35] [32mINFO[39m: [36mRate limiter using in-memory store (REDIS_URL not set)[39m
    [35mscope[39m: "guest-issue"
[06:40:35] [32mINFO[39m: [36mRate limiter using in-memory store (REDIS_URL not set)[39m
    [35mscope[39m: "guest-issue"
[06:40:35] [32mINFO[39m: [36mRate limiter using in-memory store (REDIS_URL not set)[39m
    [35mscope[39m: "guest"
[06:40:35] [32mINFO[39m: [36mRate limiter using in-memory store (REDIS_URL not set)[39m
    [35mscope[39m: "guest"
[06:40:35] [32mINFO[39m: [36mRate limiter using in-memory store (REDIS_URL not set)[39m
    [35mscope[39m: "guest"
[06:40:35] [32mINFO[39m: [36mRate limiter using in-memory store (REDIS_URL not set)[39m
    [35mscope[39m: "guest"
[06:40:35] [32mINFO[39m: [36mRate limiter using in-memory store (REDIS_URL not set)[39m
    [35mscope[39m: "guest"
[06:40:35] [32mINFO[39m: [36mRate limiter using in-memory store (REDIS_URL not set)[39m
    [35mscope[39m: "guest"
[06:40:35] [32mINFO[39m: [36mRate limiter using in-memory store (REDIS_URL not set)[39m
    [35mscope[39m: "guest-recover"
[06:40:35] [32mINFO[39m: [36mRate limiter using in-memory store (REDIS_URL not set)[39m
    [35mscope[39m: "guest-recover"
[06:40:35] [32mINFO[39m: [36mRate limiter using in-memory store (REDIS_URL not set)[39m
    [35mscope[39m: "guest-portal"
[06:40:35] [32mINFO[39m: [36mRate limiter using in-memory store (REDIS_URL not set)[39m
    [35mscope[39m: "guest-portal"
[06:40:35] [32mINFO[39m: [36mRate limiter using in-memory store (REDIS_URL not set)[39m
    [35mscope[39m: "guest-portal"
[06:40:35] [32mINFO[39m: [36mRate limiter using in-memory store (REDIS_URL not set)[39m
    [35mscope[39m: "guest-portal"
[06:40:35] [32mINFO[39m: [36mRate limiter using in-memory store (REDIS_URL not set)[39m
    [35mscope[39m: "guest-portal"
[06:40:35] [32mINFO[39m: [36mRate limiter using in-memory store (REDIS_URL not set)[39m
    [35mscope[39m: "guest-portal"
[06:40:35] [32mINFO[39m: [36mRate limiter using in-memory store (REDIS_URL not set)[39m
    [35mscope[39m: "guest-portal"
[06:40:35] [32mINFO[39m: [36mRate limiter using in-memory store (REDIS_URL not set)[39m
    [35mscope[39m: "guest-portal"
[06:40:35] [32mINFO[39m: [36mRate limiter using in-memory store (REDIS_URL not set)[39m
    [35mscope[39m: "guest-claim"
[06:40:35] [32mINFO[39m: [36mRate limiter using in-memory store (REDIS_URL not set)[39m
    [35mscope[39m: "guest-claim"
[06:40:35] [32mINFO[39m: [36mRate limiter using in-memory store (REDIS_URL not set)[39m
    [35mscope[39m: "buyer-requests"
[06:40:35] [32mINFO[39m: [36mRate limiter using in-memory store (REDIS_URL not set)[39m
    [35mscope[39m: "buyer-requests"
[06:40:35] [32mINFO[39m: [36mRate limiter using in-memory store (REDIS_URL not set)[39m
    [35mscope[39m: "guest-portal"
[06:40:35] [32mINFO[39m: [36mRate limiter using in-memory store (REDIS_URL not set)[39m
    [35mscope[39m: "guest-portal"
[06:40:35] [32mINFO[39m: [36mRate limiter using in-memory store (REDIS_URL not set)[39m
    [35mscope[39m: "guest-portal"
[06:40:35] [32mINFO[39m: [36mRate limiter using in-memory store (REDIS_URL not set)[39m
    [35mscope[39m: "guest-portal"
[06:40:35] [32mINFO[39m: [36mRate limiter using in-memory store (REDIS_URL not set)[39m
    [35mscope[39m: "guest-portal"
[06:40:35] [32mINFO[39m: [36mRate limiter using in-memory store (REDIS_URL not set)[39m
    [35mscope[39m: "guest-portal"
[06:40:35] [32mINFO[39m: [36mRate limiter using in-memory store (REDIS_URL not set)[39m
    [35mscope[39m: "guest-portal"
[06:40:35] [32mINFO[39m: [36mRate limiter using in-memory store (REDIS_URL not set)[39m
    [35mscope[39m: "guest-portal"
[06:40:35] [32mINFO[39m: [36mRate limiter using in-memory store (REDIS_URL not set)[39m
    [35mscope[39m: "guest-portal"
[06:40:35] [32mINFO[39m: [36mRate limiter using in-memory store (REDIS_URL not set)[39m
    [35mscope[39m: "guest-claim"
[06:40:35] [32mINFO[39m: [36mRate limiter using in-memory store (REDIS_URL not set)[39m
    [35mscope[39m: "guest-claim"
[06:40:35] [32mINFO[39m: [36mRate limiter using in-memory store (REDIS_URL not set)[39m
    [35mscope[39m: "buyer-requests"
[06:40:35] [32mINFO[39m: [36mRate limiter using in-memory store (REDIS_URL not set)[39m
    [35mscope[39m: "buyer-requests"
[06:40:35] [32mINFO[39m: [36mRate limiter using in-memory store (REDIS_URL not set)[39m
    [35mscope[39m: "guest-portal"
[06:40:35] [32mINFO[39m: [36mRate limiter using in-memory store (REDIS_URL not set)[39m
    [35mscope[39m: "analytics-ingest"
[06:40:35] [32mINFO[39m: [36mRate limiter using in-memory store (REDIS_URL not set)[39m
    [35mscope[39m: "analytics-ingest"
[06:40:35] [32mINFO[39m: [36mRate limiter using in-memory store (REDIS_URL not set)[39m
    [35mscope[39m: "merchant-demand"
[06:40:35] [32mINFO[39m: [36mRate limiter using in-memory store (REDIS_URL not set)[39m
    [35mscope[39m: "merchant-demand"
[06:40:35] [32mINFO[39m: [36mRate limiter using in-memory store (REDIS_URL not set)[39m
    [35mscope[39m: "listings"
[06:40:35] [32mINFO[39m: [36mRate limiter using in-memory store (REDIS_URL not set)[39m
    [35mscope[39m: "listings"
[06:40:35] [32mINFO[39m: [36mRate limiter using in-memory store (REDIS_URL not set)[39m
    [35mscope[39m: "listings"
[06:40:35] [32mINFO[39m: [36mRate limiter using in-memory store (REDIS_URL not set)[39m
    [35mscope[39m: "listings"
[06:40:35] [32mINFO[39m: [36mRate limiter using in-memory store (REDIS_URL not set)[39m
    [35mscope[39m: "listings"
[06:40:35] [32mINFO[39m: [36mRate limiter using in-memory store (REDIS_URL not set)[39m
    [35mscope[39m: "listings"
[06:40:35] [32mINFO[39m: [36mRate limiter using in-memory store (REDIS_URL not set)[39m
    [35mscope[39m: "admin"
[06:40:35] [32mINFO[39m: [36mRate limiter using in-memory store (REDIS_URL not set)[39m
    [35mscope[39m: "admin"
[06:40:35] [32mINFO[39m: [36mRate limiter using in-memory store (REDIS_URL not set)[39m
    [35mscope[39m: "admin"
[06:40:35] [32mINFO[39m: [36mRate limiter using in-memory store (REDIS_URL not set)[39m
    [35mscope[39m: "admin"
[06:40:36] [32mINFO[39m: [36mRate limiter using in-memory store (REDIS_URL not set)[39m
    [35mscope[39m: "listings"
[06:40:36] [32mINFO[39m: [36mRate limiter using in-memory store (REDIS_URL not set)[39m
    [35mscope[39m: "listings"
[06:40:36] [32mINFO[39m: [36mRate limiter using in-memory store (REDIS_URL not set)[39m
    [35mscope[39m: "listings"
[06:40:36] [32mINFO[39m: [36mRate limiter using in-memory store (REDIS_URL not set)[39m
    [35mscope[39m: "listings"
[06:40:36] [32mINFO[39m: [36mRate limiter using in-memory store (REDIS_URL not set)[39m
    [35mscope[39m: "public-api"
[06:40:36] [32mINFO[39m: [36mRate limiter using in-memory store (REDIS_URL not set)[39m
    [35mscope[39m: "public-api"
[06:40:36] [32mINFO[39m: [36mRate limiter using in-memory store (REDIS_URL not set)[39m
    [35mscope[39m: "general"
 [32m✓[39m src/services/billing/peable/__tests__/cors.test.ts [2m([22m[2m1 test[22m[2m)[22m[33m 8546[2mms[22m[39m
[06:40:36] [32mINFO[39m: [36mConnected to PostgreSQL successfully[39m
    [35mmaxPoolSize[39m: 4
[06:40:36] [32mINFO[39m: [36mRate limiter using in-memory store (REDIS_URL not set)[39m
    [35mscope[39m: "general"
[06:40:36] [33mWARN[39m: [36m[Peable] event processing failed, will retry[39m
    [35meventId[39m: "01a105a4-9c84-7c1f-b0f7-9c6d4f3230b7"
    [35mproviderEventId[39m: "evt_peable_rawbody_ok"
    [35mtype[39m: "payment_intent.settled"
    [35mattempts[39m: 1
    err: {
      "type": "PaymentProviderError",
      "message": "no Mercaria payment is linked to Peable intent pi_peable_test_1 yet",
      "stack":
          PaymentProviderError: no Mercaria payment is linked to Peable intent pi_peable_test_1 yet
              at unresolved (/home/nate/Oxy/Mercaria/.worktrees/1519-billing-cohort-independent-20261004/packages/backend/src/services/payments/peable/event-router.ts:82:10)
              at applyIntentEvent (/home/nate/Oxy/Mercaria/.worktrees/1519-billing-cohort-independent-20261004/packages/backend/src/services/payments/peable/event-router.ts:115:11)
              at processTicksAndRejections (node:internal/process/task_queues:104:5)
              at /home/nate/Oxy/Mercaria/.worktrees/1519-billing-cohort-independent-20261004/packages/backend/src/services/payments/peable/event-router.ts:198:29
              at processClaimedEvent (/home/nate/Oxy/Mercaria/.worktrees/1519-billing-cohort-independent-20261004/packages/backend/src/services/payments/peable/event-processor.ts:134:15)
              at processStoredPeableEvent (/home/nate/Oxy/Mercaria/.worktrees/1519-billing-cohort-independent-20261004/packages/backend/src/services/payments/peable/event-processor.ts:266:3)
              at ingestPeableDelivery (/home/nate/Oxy/Mercaria/.worktrees/1519-billing-cohort-independent-20261004/packages/backend/src/services/payments/peable/ingress.ts:136:5)
              at handleDelivery (/home/nate/Oxy/Mercaria/.worktrees/1519-billing-cohort-independent-20261004/packages/backend/src/routes/peable-webhook.ts:72:18)
      "provider": "peable",
      "stage": "verifyEvent",
      "retryable": true,
      "name": "PaymentProviderError"
    }
[06:40:36] [32mINFO[39m: [36mRate limiter using in-memory store (REDIS_URL not set)[39m
    [35mscope[39m: "general"
[06:40:36] [33mWARN[39m: [36m[Peable] event processing failed, will retry[39m
    [35meventId[39m: "01a105a4-9caa-7756-b201-c960eba4e03c"
    [35mproviderEventId[39m: "evt_peable_utf8_invalid"
    [35mtype[39m: "payment_intent.settled"
    [35mattempts[39m: 1
    err: {
      "type": "PaymentProviderError",
      "message": "no Mercaria payment is linked to Peable intent pi_peable_test_1 yet",
      "stack":
          PaymentProviderError: no Mercaria payment is linked to Peable intent pi_peable_test_1 yet
              at unresolved (/home/nate/Oxy/Mercaria/.worktrees/1519-billing-cohort-independent-20261004/packages/backend/src/services/payments/peable/event-router.ts:82:10)
              at applyIntentEvent (/home/nate/Oxy/Mercaria/.worktrees/1519-billing-cohort-independent-20261004/packages/backend/src/services/payments/peable/event-router.ts:115:11)
              at processTicksAndRejections (node:internal/process/task_queues:104:5)
              at /home/nate/Oxy/Mercaria/.worktrees/1519-billing-cohort-independent-20261004/packages/backend/src/services/payments/peable/event-router.ts:198:29
              at processClaimedEvent (/home/nate/Oxy/Mercaria/.worktrees/1519-billing-cohort-independent-20261004/packages/backend/src/services/payments/peable/event-processor.ts:134:15)
              at processStoredPeableEvent (/home/nate/Oxy/Mercaria/.worktrees/1519-billing-cohort-independent-20261004/packages/backend/src/services/payments/peable/event-processor.ts:266:3)
              at ingestPeableDelivery (/home/nate/Oxy/Mercaria/.worktrees/1519-billing-cohort-independent-20261004/packages/backend/src/services/payments/peable/ingress.ts:136:5)
              at handleDelivery (/home/nate/Oxy/Mercaria/.worktrees/1519-billing-cohort-independent-20261004/packages/backend/src/routes/peable-webhook.ts:72:18)
      "provider": "peable",
      "stage": "verifyEvent",
      "retryable": true,
      "name": "PaymentProviderError"
    }
[06:40:36] [33mWARN[39m: [36m[Peable] webhook delivery refused[39m
    [35mreason[39m: "the Peable delivery could not be verified"
[06:40:36] [32mINFO[39m: [36mRate limiter using in-memory store (REDIS_URL not set)[39m
    [35mscope[39m: "general"
[06:40:36] [32mINFO[39m: [36mRate limiter using in-memory store (REDIS_URL not set)[39m
    [35mscope[39m: "general"
[06:40:36] [33mWARN[39m: [36m[Peable] webhook delivery refused[39m
    [35mreason[39m: "the Peable delivery could not be verified"
[06:40:36] [32mINFO[39m: [36mRate limiter using in-memory store (REDIS_URL not set)[39m
    [35mscope[39m: "general"
[06:40:36] [33mWARN[39m: [36m[Peable] event processing failed, will retry[39m
    [35meventId[39m: "01a105a4-9cfd-74e8-9820-c9cdaf7e4f57"
    [35mproviderEventId[39m: "evt_peable_rotation"
    [35mtype[39m: "payment_intent.settled"
    [35mattempts[39m: 1
    err: {
      "type": "PaymentProviderError",
      "message": "no Mercaria payment is linked to Peable intent pi_peable_test_1 yet",
      "stack":
          PaymentProviderError: no Mercaria payment is linked to Peable intent pi_peable_test_1 yet
              at unresolved (/home/nate/Oxy/Mercaria/.worktrees/1519-billing-cohort-independent-20261004/packages/backend/src/services/payments/peable/event-router.ts:82:10)
              at applyIntentEvent (/home/nate/Oxy/Mercaria/.worktrees/1519-billing-cohort-independent-20261004/packages/backend/src/services/payments/peable/event-router.ts:115:11)
              at processTicksAndRejections (node:internal/process/task_queues:104:5)
              at /home/nate/Oxy/Mercaria/.worktrees/1519-billing-cohort-independent-20261004/packages/backend/src/services/payments/peable/event-router.ts:198:29
              at processClaimedEvent (/home/nate/Oxy/Mercaria/.worktrees/1519-billing-cohort-independent-20261004/packages/backend/src/services/payments/peable/event-processor.ts:134:15)
              at processStoredPeableEvent (/home/nate/Oxy/Mercaria/.worktrees/1519-billing-cohort-independent-20261004/packages/backend/src/services/payments/peable/event-processor.ts:266:3)
              at ingestPeableDelivery (/home/nate/Oxy/Mercaria/.worktrees/1519-billing-cohort-independent-20261004/packages/backend/src/services/payments/peable/ingress.ts:136:5)
              at handleDelivery (/home/nate/Oxy/Mercaria/.worktrees/1519-billing-cohort-independent-20261004/packages/backend/src/routes/peable-webhook.ts:72:18)
      "provider": "peable",
      "stage": "verifyEvent",
      "retryable": true,
      "name": "PaymentProviderError"
    }
[06:40:36] [32mINFO[39m: [36mRate limiter using in-memory store (REDIS_URL not set)[39m
    [35mscope[39m: "general"
[06:40:36] [33mWARN[39m: [36m[Peable] webhook delivery refused[39m
    [35mreason[39m: "the Peable delivery could not be verified"
[06:40:36] [32mINFO[39m: [36mRate limiter using in-memory store (REDIS_URL not set)[39m
    [35mscope[39m: "general"
[06:40:36] [32mINFO[39m: [36mRate limiter using in-memory store (REDIS_URL not set)[39m
    [35mscope[39m: "general"
[06:40:36] [33mWARN[39m: [36m[Peable] event processing failed, will retry[39m
    [35meventId[39m: "01a105a4-9d3b-7cd7-bb89-036621fe0fb1"
    [35mproviderEventId[39m: "evt_peable_dupe"
    [35mtype[39m: "payment_intent.settled"
    [35mattempts[39m: 1
    err: {
      "type": "PaymentProviderError",
      "message": "no Mercaria payment is linked to Peable intent pi_peable_test_1 yet",
      "stack":
          PaymentProviderError: no Mercaria payment is linked to Peable intent pi_peable_test_1 yet
              at unresolved (/home/nate/Oxy/Mercaria/.worktrees/1519-billing-cohort-independent-20261004/packages/backend/src/services/payments/peable/event-router.ts:82:10)
              at applyIntentEvent (/home/nate/Oxy/Mercaria/.worktrees/1519-billing-cohort-independent-20261004/packages/backend/src/services/payments/peable/event-router.ts:115:11)
              at processTicksAndRejections (node:internal/process/task_queues:104:5)
              at /home/nate/Oxy/Mercaria/.worktrees/1519-billing-cohort-independent-20261004/packages/backend/src/services/payments/peable/event-router.ts:198:29
              at processClaimedEvent (/home/nate/Oxy/Mercaria/.worktrees/1519-billing-cohort-independent-20261004/packages/backend/src/services/payments/peable/event-processor.ts:134:15)
              at processStoredPeableEvent (/home/nate/Oxy/Mercaria/.worktrees/1519-billing-cohort-independent-20261004/packages/backend/src/services/payments/peable/event-processor.ts:266:3)
              at ingestPeableDelivery (/home/nate/Oxy/Mercaria/.worktrees/1519-billing-cohort-independent-20261004/packages/backend/src/services/payments/peable/ingress.ts:136:5)
              at handleDelivery (/home/nate/Oxy/Mercaria/.worktrees/1519-billing-cohort-independent-20261004/packages/backend/src/routes/peable-webhook.ts:72:18)
      "provider": "peable",
      "stage": "verifyEvent",
      "retryable": true,
      "name": "PaymentProviderError"
    }
[06:40:36] [34mDEBUG[39m: [36m[Peable] duplicate delivery acknowledged[39m
    [35mproviderEventId[39m: "evt_peable_dupe"
    [35mtype[39m: "payment_intent.settled"
[06:40:36] [32mINFO[39m: [36mRate limiter using in-memory store (REDIS_URL not set)[39m
    [35mscope[39m: "general"
[06:40:36] [33mWARN[39m: [36m[Peable] event processing failed, will retry[39m
    [35meventId[39m: "01a105a4-9d50-74ba-bed7-a9c7903c2819"
    [35mproviderEventId[39m: "evt_sdk_family_payment_intent.refunded_current"
    [35mtype[39m: "payment_intent.refunded"
    [35mattempts[39m: 1
    err: {
      "type": "PaymentProviderError",
      "message": "no Mercaria payment is linked to Peable intent pi_peable_test_1 yet",
      "stack":
          PaymentProviderError: no Mercaria payment is linked to Peable intent pi_peable_test_1 yet
              at unresolved (/home/nate/Oxy/Mercaria/.worktrees/1519-billing-cohort-independent-20261004/packages/backend/src/services/payments/peable/event-router.ts:82:10)
              at applyIntentEvent (/home/nate/Oxy/Mercaria/.worktrees/1519-billing-cohort-independent-20261004/packages/backend/src/services/payments/peable/event-router.ts:115:11)
              at processTicksAndRejections (node:internal/process/task_queues:104:5)
              at /home/nate/Oxy/Mercaria/.worktrees/1519-billing-cohort-independent-20261004/packages/backend/src/services/payments/peable/event-router.ts:198:29
              at processClaimedEvent (/home/nate/Oxy/Mercaria/.worktrees/1519-billing-cohort-independent-20261004/packages/backend/src/services/payments/peable/event-processor.ts:134:15)
              at processStoredPeableEvent (/home/nate/Oxy/Mercaria/.worktrees/1519-billing-cohort-independent-20261004/packages/backend/src/services/payments/peable/event-processor.ts:266:3)
              at ingestPeableDelivery (/home/nate/Oxy/Mercaria/.worktrees/1519-billing-cohort-independent-20261004/packages/backend/src/services/payments/peable/ingress.ts:136:5)
              at handleDelivery (/home/nate/Oxy/Mercaria/.worktrees/1519-billing-cohort-independent-20261004/packages/backend/src/routes/peable-webhook.ts:72:18)
      "provider": "peable",
      "stage": "verifyEvent",
      "retryable": true,
      "name": "PaymentProviderError"
    }
[06:40:36] [34mDEBUG[39m: [36m[Peable] duplicate delivery acknowledged[39m
    [35mproviderEventId[39m: "evt_sdk_family_payment_intent.refunded_current"
    [35mtype[39m: "payment_intent.refunded"
[06:40:36] [32mINFO[39m: [36mRate limiter using in-memory store (REDIS_URL not set)[39m
    [35mscope[39m: "general"
[06:40:36] [33mWARN[39m: [36m[Peable] event processing failed, will retry[39m
    [35meventId[39m: "01a105a4-9d85-7b78-bd73-423a76a26e05"
    [35mproviderEventId[39m: "evt_sdk_family_payment_intent.refunded_previous"
    [35mtype[39m: "payment_intent.refunded"
    [35mattempts[39m: 1
    err: {
      "type": "PaymentProviderError",
      "message": "no Mercaria payment is linked to Peable intent pi_peable_test_1 yet",
      "stack":
          PaymentProviderError: no Mercaria payment is linked to Peable intent pi_peable_test_1 yet
              at unresolved (/home/nate/Oxy/Mercaria/.worktrees/1519-billing-cohort-independent-20261004/packages/backend/src/services/payments/peable/event-router.ts:82:10)
              at applyIntentEvent (/home/nate/Oxy/Mercaria/.worktrees/1519-billing-cohort-independent-20261004/packages/backend/src/services/payments/peable/event-router.ts:115:11)
              at processTicksAndRejections (node:internal/process/task_queues:104:5)
              at /home/nate/Oxy/Mercaria/.worktrees/1519-billing-cohort-independent-20261004/packages/backend/src/services/payments/peable/event-router.ts:198:29
              at processClaimedEvent (/home/nate/Oxy/Mercaria/.worktrees/1519-billing-cohort-independent-20261004/packages/backend/src/services/payments/peable/event-processor.ts:134:15)
              at processStoredPeableEvent (/home/nate/Oxy/Mercaria/.worktrees/1519-billing-cohort-independent-20261004/packages/backend/src/services/payments/peable/event-processor.ts:266:3)
              at ingestPeableDelivery (/home/nate/Oxy/Mercaria/.worktrees/1519-billing-cohort-independent-20261004/packages/backend/src/services/payments/peable/ingress.ts:136:5)
              at handleDelivery (/home/nate/Oxy/Mercaria/.worktrees/1519-billing-cohort-independent-20261004/packages/backend/src/routes/peable-webhook.ts:72:18)
      "provider": "peable",
      "stage": "verifyEvent",
      "retryable": true,
      "name": "PaymentProviderError"
    }
[06:40:36] [34mDEBUG[39m: [36m[Peable] duplicate delivery acknowledged[39m
    [35mproviderEventId[39m: "evt_sdk_family_payment_intent.refunded_previous"
    [35mtype[39m: "payment_intent.refunded"
[06:40:36] [32mINFO[39m: [36mRate limiter using in-memory store (REDIS_URL not set)[39m
    [35mscope[39m: "general"
[06:40:36] [33mWARN[39m: [36m[Peable] event processing failed, will retry[39m
    [35meventId[39m: "01a105a4-9d9a-791e-8177-96fa3e4d173e"
    [35mproviderEventId[39m: "evt_sdk_family_payment_intent.partially_refunded_current"
    [35mtype[39m: "payment_intent.partially_refunded"
    [35mattempts[39m: 1
    err: {
      "type": "PaymentProviderError",
      "message": "no Mercaria payment is linked to Peable intent pi_peable_test_1 yet",
      "stack":
          PaymentProviderError: no Mercaria payment is linked to Peable intent pi_peable_test_1 yet
              at unresolved (/home/nate/Oxy/Mercaria/.worktrees/1519-billing-cohort-independent-20261004/packages/backend/src/services/payments/peable/event-router.ts:82:10)
              at applyIntentEvent (/home/nate/Oxy/Mercaria/.worktrees/1519-billing-cohort-independent-20261004/packages/backend/src/services/payments/peable/event-router.ts:115:11)
              at processTicksAndRejections (node:internal/process/task_queues:104:5)
              at /home/nate/Oxy/Mercaria/.worktrees/1519-billing-cohort-independent-20261004/packages/backend/src/services/payments/peable/event-router.ts:198:29
              at processClaimedEvent (/home/nate/Oxy/Mercaria/.worktrees/1519-billing-cohort-independent-20261004/packages/backend/src/services/payments/peable/event-processor.ts:134:15)
              at processStoredPeableEvent (/home/nate/Oxy/Mercaria/.worktrees/1519-billing-cohort-independent-20261004/packages/backend/src/services/payments/peable/event-processor.ts:266:3)
              at ingestPeableDelivery (/home/nate/Oxy/Mercaria/.worktrees/1519-billing-cohort-independent-20261004/packages/backend/src/services/payments/peable/ingress.ts:136:5)
              at handleDelivery (/home/nate/Oxy/Mercaria/.worktrees/1519-billing-cohort-independent-20261004/packages/backend/src/routes/peable-webhook.ts:72:18)
      "provider": "peable",
      "stage": "verifyEvent",
      "retryable": true,
      "name": "PaymentProviderError"
    }
[06:40:36] [34mDEBUG[39m: [36m[Peable] duplicate delivery acknowledged[39m
    [35mproviderEventId[39m: "evt_sdk_family_payment_intent.partially_refunded_current"
    [35mtype[39m: "payment_intent.partially_refunded"
[06:40:36] [32mINFO[39m: [36mRate limiter using in-memory store (REDIS_URL not set)[39m
    [35mscope[39m: "general"
[06:40:36] [33mWARN[39m: [36m[Peable] event processing failed, will retry[39m
    [35meventId[39m: "01a105a4-9daf-7287-872c-57265fbb9dd6"
    [35mproviderEventId[39m: "evt_sdk_family_payment_intent.partially_refunded_previous"
    [35mtype[39m: "payment_intent.partially_refunded"
    [35mattempts[39m: 1
    err: {
      "type": "PaymentProviderError",
      "message": "no Mercaria payment is linked to Peable intent pi_peable_test_1 yet",
      "stack":
          PaymentProviderError: no Mercaria payment is linked to Peable intent pi_peable_test_1 yet
              at unresolved (/home/nate/Oxy/Mercaria/.worktrees/1519-billing-cohort-independent-20261004/packages/backend/src/services/payments/peable/event-router.ts:82:10)
              at applyIntentEvent (/home/nate/Oxy/Mercaria/.worktrees/1519-billing-cohort-independent-20261004/packages/backend/src/services/payments/peable/event-router.ts:115:11)
              at processTicksAndRejections (node:internal/process/task_queues:104:5)
              at /home/nate/Oxy/Mercaria/.worktrees/1519-billing-cohort-independent-20261004/packages/backend/src/services/payments/peable/event-router.ts:198:29
              at processClaimedEvent (/home/nate/Oxy/Mercaria/.worktrees/1519-billing-cohort-independent-20261004/packages/backend/src/services/payments/peable/event-processor.ts:134:15)
              at processStoredPeableEvent (/home/nate/Oxy/Mercaria/.worktrees/1519-billing-cohort-independent-20261004/packages/backend/src/services/payments/peable/event-processor.ts:266:3)
              at ingestPeableDelivery (/home/nate/Oxy/Mercaria/.worktrees/1519-billing-cohort-independent-20261004/packages/backend/src/services/payments/peable/ingress.ts:136:5)
              at handleDelivery (/home/nate/Oxy/Mercaria/.worktrees/1519-billing-cohort-independent-20261004/packages/backend/src/routes/peable-webhook.ts:72:18)
      "provider": "peable",
      "stage": "verifyEvent",
      "retryable": true,
      "name": "PaymentProviderError"
    }
[06:40:36] [34mDEBUG[39m: [36m[Peable] duplicate delivery acknowledged[39m
    [35mproviderEventId[39m: "evt_sdk_family_payment_intent.partially_refunded_previous"
    [35mtype[39m: "payment_intent.partially_refunded"
[06:40:36] [32mINFO[39m: [36mRate limiter using in-memory store (REDIS_URL not set)[39m
    [35mscope[39m: "general"
[06:40:36] [34mDEBUG[39m: [36m[Peable] duplicate delivery acknowledged[39m
    [35mproviderEventId[39m: "evt_sdk_family_payment_intent.disputed_current"
    [35mtype[39m: "payment_intent.disputed"
[06:40:36] [32mINFO[39m: [36mRate limiter using in-memory store (REDIS_URL not set)[39m
    [35mscope[39m: "general"
[06:40:36] [34mDEBUG[39m: [36m[Peable] duplicate delivery acknowledged[39m
    [35mproviderEventId[39m: "evt_sdk_family_payment_intent.disputed_previous"
    [35mtype[39m: "payment_intent.disputed"
[06:40:36] [32mINFO[39m: [36mRate limiter using in-memory store (REDIS_URL not set)[39m
    [35mscope[39m: "general"
[06:40:36] [34mDEBUG[39m: [36m[Peable] duplicate delivery acknowledged[39m
    [35mproviderEventId[39m: "evt_sdk_family_payment_intent.dispute_closed_current"
    [35mtype[39m: "payment_intent.dispute_closed"
[06:40:36] [32mINFO[39m: [36mRate limiter using in-memory store (REDIS_URL not set)[39m
    [35mscope[39m: "general"
[06:40:36] [34mDEBUG[39m: [36m[Peable] duplicate delivery acknowledged[39m
    [35mproviderEventId[39m: "evt_sdk_family_payment_intent.dispute_closed_previous"
    [35mtype[39m: "payment_intent.dispute_closed"
[06:40:36] [32mINFO[39m: [36mRate limiter using in-memory store (REDIS_URL not set)[39m
    [35mscope[39m: "general"
[06:40:36] [34mDEBUG[39m: [36m[Peable] duplicate delivery acknowledged[39m
    [35mproviderEventId[39m: "evt_sdk_family_connected_account.updated_current"
    [35mtype[39m: "connected_account.updated"
[06:40:36] [32mINFO[39m: [36mRate limiter using in-memory store (REDIS_URL not set)[39m
    [35mscope[39m: "general"
[06:40:36] [34mDEBUG[39m: [36m[Peable] duplicate delivery acknowledged[39m
    [35mproviderEventId[39m: "evt_sdk_family_connected_account.updated_previous"
    [35mtype[39m: "connected_account.updated"
[06:40:36] [32mINFO[39m: [36mRate limiter using in-memory store (REDIS_URL not set)[39m
    [35mscope[39m: "general"
[06:40:36] [33mWARN[39m: [36m[Peable] webhook delivery refused[39m
    [35mreason[39m: "the Peable delivery could not be verified"
[06:40:36] [32mINFO[39m: [36mRate limiter using in-memory store (REDIS_URL not set)[39m
    [35mscope[39m: "general"
[06:40:36] [33mWARN[39m: [36m[Peable] webhook delivery refused[39m
    [35mreason[39m: "the Peable delivery could not be verified"
[06:40:36] [33mWARN[39m: [36m[Peable] webhook delivery refused[39m
    [35mreason[39m: "the Peable delivery could not be verified"
 [32m✓[39m src/routes/__tests__/peable-webhook.integration.test.ts [2m([22m[2m21 tests[22m[2m)[22m[33m 8853[2mms[22m[39m

[2m Test Files [22m [1m[32m6 passed[39m[22m[90m (6)[39m
[2m      Tests [22m [1m[32m64 passed[39m[22m[90m (64)[39m
[2m   Start at [22m 09:40:24
[2m   Duration [22m 12.40s[2m (transform 14.04s, setup 0ms, import 5.22s, tests 17.88s, environment 0ms)[22m

