$ vitest run src/services/payments/__tests__/peable-provider.test.ts src/routes/__tests__/peable-webhook.integration.test.ts src/services/billing/peable/__tests__/adapter.realdb.test.ts src/services/billing/peable/__tests__/register.test.ts

 RUN  v4.1.10 /home/nate/Oxy/Mercaria/.worktrees/1519-i08-peable-adoption-20261003/packages/backend

[07:38:18] [32mINFO[39m: [36mRate limiter using in-memory store (REDIS_URL not set)[39m
    [35mscope[39m: "feedback"
[07:38:18] [32mINFO[39m: [36mRate limiter using in-memory store (REDIS_URL not set)[39m
    [35mscope[39m: "feedback"
[07:38:18] [32mINFO[39m: [36mRate limiter using in-memory store (REDIS_URL not set)[39m
    [35mscope[39m: "feedback"
[07:38:18] [33mWARN[39m: [36mVAPID keys not set — web push notifications disabled[39m
[07:38:18] [32mINFO[39m: [36mConnected to PostgreSQL successfully[39m
    [35mmaxPoolSize[39m: 4
[07:38:19] [31mERROR[39m: [36mFailed to start a plan checkout[39m
    err: {
      "type": "MercariaError",
      "message": "A stable Idempotency-Key is required for this billing action.",
      "stack":
          MercariaError: A stable Idempotency-Key is required for this billing action.
              at validationError (/home/nate/Oxy/Mercaria/.worktrees/1519-i08-peable-adoption-20261003/packages/backend/src/lib/errors/error-codes.ts:106:10)
              at requireIntent (/home/nate/Oxy/Mercaria/.worktrees/1519-i08-peable-adoption-20261003/packages/backend/src/services/billing/subscription.service.ts:89:11)
              at startMerchantPlanCheckout (/home/nate/Oxy/Mercaria/.worktrees/1519-i08-peable-adoption-20261003/packages/backend/src/services/billing/subscription.service.ts:149:3)
              at startPlanCheckoutHandler (/home/nate/Oxy/Mercaria/.worktrees/1519-i08-peable-adoption-20261003/packages/backend/src/controllers/merchant-plans.controller.ts:89:27)
              at Layer.handle [as handle_request] (/home/nate/Oxy/Mercaria/.worktrees/1519-i08-peable-adoption-20261003/node_modules/express/lib/router/layer.js:95:5)
              at next (/home/nate/Oxy/Mercaria/.worktrees/1519-i08-peable-adoption-20261003/node_modules/express/lib/router/route.js:149:13)
              at Route.dispatch (/home/nate/Oxy/Mercaria/.worktrees/1519-i08-peable-adoption-20261003/node_modules/express/lib/router/route.js:119:3)
              at Layer.handle [as handle_request] (/home/nate/Oxy/Mercaria/.worktrees/1519-i08-peable-adoption-20261003/node_modules/express/lib/router/layer.js:95:5)
              at /home/nate/Oxy/Mercaria/.worktrees/1519-i08-peable-adoption-20261003/node_modules/express/lib/router/index.js:284:15
              at param (/home/nate/Oxy/Mercaria/.worktrees/1519-i08-peable-adoption-20261003/node_modules/express/lib/router/index.js:365:14)
      "code": "VALIDATION_ERROR",
      "httpStatus": 400,
      "name": "MercariaError"
    }
[07:38:19] [31mERROR[39m: [36mFailed to start a plan checkout[39m
    err: {
      "type": "MercariaError",
      "message": "Invalid Idempotency-Key.",
      "stack":
          MercariaError: Invalid Idempotency-Key.
              at validationError (/home/nate/Oxy/Mercaria/.worktrees/1519-i08-peable-adoption-20261003/packages/backend/src/lib/errors/error-codes.ts:106:10)
              at billingIntent (/home/nate/Oxy/Mercaria/.worktrees/1519-i08-peable-adoption-20261003/packages/backend/src/controllers/merchant-plans.controller.ts:52:11)
              at startPlanCheckoutHandler (/home/nate/Oxy/Mercaria/.worktrees/1519-i08-peable-adoption-20261003/packages/backend/src/controllers/merchant-plans.controller.ts:99:23)
              at Layer.handle [as handle_request] (/home/nate/Oxy/Mercaria/.worktrees/1519-i08-peable-adoption-20261003/node_modules/express/lib/router/layer.js:95:5)
              at next (/home/nate/Oxy/Mercaria/.worktrees/1519-i08-peable-adoption-20261003/node_modules/express/lib/router/route.js:149:13)
              at Route.dispatch (/home/nate/Oxy/Mercaria/.worktrees/1519-i08-peable-adoption-20261003/node_modules/express/lib/router/route.js:119:3)
              at Layer.handle [as handle_request] (/home/nate/Oxy/Mercaria/.worktrees/1519-i08-peable-adoption-20261003/node_modules/express/lib/router/layer.js:95:5)
              at /home/nate/Oxy/Mercaria/.worktrees/1519-i08-peable-adoption-20261003/node_modules/express/lib/router/index.js:284:15
              at param (/home/nate/Oxy/Mercaria/.worktrees/1519-i08-peable-adoption-20261003/node_modules/express/lib/router/index.js:365:14)
              at param (/home/nate/Oxy/Mercaria/.worktrees/1519-i08-peable-adoption-20261003/node_modules/express/lib/router/index.js:376:14)
      "code": "VALIDATION_ERROR",
      "httpStatus": 400,
      "name": "MercariaError"
    }
[07:38:19] [31mERROR[39m: [36mFailed to open the billing portal[39m
    err: {
      "type": "BillingProviderError",
      "message": "The hosted billing link expired. Start a new intent.",
      "stack":
          BillingProviderError: The hosted billing link expired. Start a new intent.
              at CohortBillingProvider.call (/home/nate/Oxy/Mercaria/.worktrees/1519-i08-peable-adoption-20261003/packages/backend/src/services/billing/peable/adapter.ts:70:15)
              at processTicksAndRejections (node:internal/process/task_queues:104:5)
              at openMerchantBillingPortal (/home/nate/Oxy/Mercaria/.worktrees/1519-i08-peable-adoption-20261003/packages/backend/src/services/billing/subscription.service.ts:234:19)
              at openPlanPortalHandler (/home/nate/Oxy/Mercaria/.worktrees/1519-i08-peable-adoption-20261003/packages/backend/src/controllers/merchant-plans.controller.ts:111:22)
      "provider": "stripe",
      "stage": "createPortalSession",
      "retryable": false,
      "code": "billing_result_expired",
      "name": "BillingProviderError"
    }
[07:38:19] [31mERROR[39m: [36mFailed to open the billing portal[39m
    err: {
      "type": "MercariaError",
      "message": "Paid plans are not available on this deployment.",
      "stack":
          MercariaError: Paid plans are not available on this deployment.
              at conflict (/home/nate/Oxy/Mercaria/.worktrees/1519-i08-peable-adoption-20261003/packages/backend/src/lib/errors/error-codes.ts:101:10)
              at openMerchantBillingPortal (/home/nate/Oxy/Mercaria/.worktrees/1519-i08-peable-adoption-20261003/packages/backend/src/services/billing/subscription.service.ts:222:11)
              at openPlanPortalHandler (/home/nate/Oxy/Mercaria/.worktrees/1519-i08-peable-adoption-20261003/packages/backend/src/controllers/merchant-plans.controller.ts:111:28)
              at Layer.handle [as handle_request] (/home/nate/Oxy/Mercaria/.worktrees/1519-i08-peable-adoption-20261003/node_modules/express/lib/router/layer.js:95:5)
              at next (/home/nate/Oxy/Mercaria/.worktrees/1519-i08-peable-adoption-20261003/node_modules/express/lib/router/route.js:149:13)
              at Route.dispatch (/home/nate/Oxy/Mercaria/.worktrees/1519-i08-peable-adoption-20261003/node_modules/express/lib/router/route.js:119:3)
              at Layer.handle [as handle_request] (/home/nate/Oxy/Mercaria/.worktrees/1519-i08-peable-adoption-20261003/node_modules/express/lib/router/layer.js:95:5)
              at /home/nate/Oxy/Mercaria/.worktrees/1519-i08-peable-adoption-20261003/node_modules/express/lib/router/index.js:284:15
              at param (/home/nate/Oxy/Mercaria/.worktrees/1519-i08-peable-adoption-20261003/node_modules/express/lib/router/index.js:365:14)
              at param (/home/nate/Oxy/Mercaria/.worktrees/1519-i08-peable-adoption-20261003/node_modules/express/lib/router/index.js:376:14)
      "code": "CONFLICT",
      "httpStatus": 409,
      "name": "MercariaError"
    }
[07:38:19] [32mINFO[39m: [36mRate limiter using in-memory store (REDIS_URL not set)[39m
    [35mscope[39m: "listings"
[07:38:19] [32mINFO[39m: [36mRate limiter using in-memory store (REDIS_URL not set)[39m
    [35mscope[39m: "search"
[07:38:19] [32mINFO[39m: [36mRate limiter using in-memory store (REDIS_URL not set)[39m
    [35mscope[39m: "feed"
[07:38:19] [32mINFO[39m: [36mRate limiter using in-memory store (REDIS_URL not set)[39m
    [35mscope[39m: "discovery"
[07:38:19] [32mINFO[39m: [36mRate limiter using in-memory store (REDIS_URL not set)[39m
    [35mscope[39m: "listings"
[07:38:19] [32mINFO[39m: [36mRate limiter using in-memory store (REDIS_URL not set)[39m
    [35mscope[39m: "stores"
[07:38:19] [32mINFO[39m: [36mRate limiter using in-memory store (REDIS_URL not set)[39m
    [35mscope[39m: "listings"
[07:38:19] [32mINFO[39m: [36mRate limiter using in-memory store (REDIS_URL not set)[39m
    [35mscope[39m: "listings"
[07:38:19] [32mINFO[39m: [36mRate limiter using in-memory store (REDIS_URL not set)[39m
    [35mscope[39m: "listings"
[07:38:19] [32mINFO[39m: [36mRate limiter using in-memory store (REDIS_URL not set)[39m
    [35mscope[39m: "listings"
[07:38:19] [32mINFO[39m: [36mRate limiter using in-memory store (REDIS_URL not set)[39m
    [35mscope[39m: "listings"
[07:38:20] [32mINFO[39m: [36mRate limiter using in-memory store (REDIS_URL not set)[39m
    [35mscope[39m: "listings"
[07:38:20] [32mINFO[39m: [36mRate limiter using in-memory store (REDIS_URL not set)[39m
    [35mscope[39m: "cart"
[07:38:20] [32mINFO[39m: [36mRate limiter using in-memory store (REDIS_URL not set)[39m
    [35mscope[39m: "cart"
[07:38:20] [32mINFO[39m: [36mRate limiter using in-memory store (REDIS_URL not set)[39m
    [35mscope[39m: "cart"
[07:38:20] [32mINFO[39m: [36mRate limiter using in-memory store (REDIS_URL not set)[39m
    [35mscope[39m: "cart"
[07:38:20] [32mINFO[39m: [36mRate limiter using in-memory store (REDIS_URL not set)[39m
    [35mscope[39m: "cart"
[07:38:20] [32mINFO[39m: [36mRate limiter using in-memory store (REDIS_URL not set)[39m
    [35mscope[39m: "cart"
[07:38:20] [32mINFO[39m: [36mRate limiter using in-memory store (REDIS_URL not set)[39m
    [35mscope[39m: "cart-merge"
[07:38:20] [32mINFO[39m: [36mRate limiter using in-memory store (REDIS_URL not set)[39m
    [35mscope[39m: "orders"
[07:38:20] [32mINFO[39m: [36mRate limiter using in-memory store (REDIS_URL not set)[39m
    [35mscope[39m: "orders"
[07:38:20] [32mINFO[39m: [36mRate limiter using in-memory store (REDIS_URL not set)[39m
    [35mscope[39m: "orders"
[07:38:20] [32mINFO[39m: [36mRate limiter using in-memory store (REDIS_URL not set)[39m
    [35mscope[39m: "orders"
[07:38:20] [32mINFO[39m: [36mRate limiter using in-memory store (REDIS_URL not set)[39m
    [35mscope[39m: "checkout"
[07:38:20] [32mINFO[39m: [36mRate limiter using in-memory store (REDIS_URL not set)[39m
    [35mscope[39m: "orders"
[07:38:20] [32mINFO[39m: [36mRate limiter using in-memory store (REDIS_URL not set)[39m
    [35mscope[39m: "buyer-requests"
[07:38:20] [32mINFO[39m: [36mRate limiter using in-memory store (REDIS_URL not set)[39m
    [35mscope[39m: "buyer-requests"
[07:38:20] [32mINFO[39m: [36mRate limiter using in-memory store (REDIS_URL not set)[39m
    [35mscope[39m: "orders"
[07:38:20] [32mINFO[39m: [36mRate limiter using in-memory store (REDIS_URL not set)[39m
    [35mscope[39m: "orders"
[07:38:20] [32mINFO[39m: [36mRate limiter using in-memory store (REDIS_URL not set)[39m
    [35mscope[39m: "orders"
[07:38:20] [32mINFO[39m: [36mRate limiter using in-memory store (REDIS_URL not set)[39m
    [35mscope[39m: "orders"
[07:38:20] [32mINFO[39m: [36mRate limiter using in-memory store (REDIS_URL not set)[39m
    [35mscope[39m: "orders"
[07:38:20] [32mINFO[39m: [36mRate limiter using in-memory store (REDIS_URL not set)[39m
    [35mscope[39m: "admin"
[07:38:20] [32mINFO[39m: [36mRate limiter using in-memory store (REDIS_URL not set)[39m
    [35mscope[39m: "orders"
[07:38:20] [32mINFO[39m: [36mRate limiter using in-memory store (REDIS_URL not set)[39m
    [35mscope[39m: "reviews"
[07:38:20] [32mINFO[39m: [36mRate limiter using in-memory store (REDIS_URL not set)[39m
    [35mscope[39m: "stores"
[07:38:20] [32mINFO[39m: [36mRate limiter using in-memory store (REDIS_URL not set)[39m
    [35mscope[39m: "stores"
[07:38:20] [32mINFO[39m: [36mRate limiter using in-memory store (REDIS_URL not set)[39m
    [35mscope[39m: "stores"
[07:38:20] [32mINFO[39m: [36mRate limiter using in-memory store (REDIS_URL not set)[39m
    [35mscope[39m: "stores"
[07:38:20] [32mINFO[39m: [36mRate limiter using in-memory store (REDIS_URL not set)[39m
    [35mscope[39m: "payments"
[07:38:20] [32mINFO[39m: [36mRate limiter using in-memory store (REDIS_URL not set)[39m
    [35mscope[39m: "listings"
[07:38:20] [32mINFO[39m: [36mRate limiter using in-memory store (REDIS_URL not set)[39m
    [35mscope[39m: "listings"
[07:38:20] [32mINFO[39m: [36mRate limiter using in-memory store (REDIS_URL not set)[39m
    [35mscope[39m: "listings"
[07:38:20] [32mINFO[39m: [36mRate limiter using in-memory store (REDIS_URL not set)[39m
    [35mscope[39m: "listings"
[07:38:20] [32mINFO[39m: [36mRate limiter using in-memory store (REDIS_URL not set)[39m
    [35mscope[39m: "listings"
[07:38:20] [32mINFO[39m: [36mRate limiter using in-memory store (REDIS_URL not set)[39m
    [35mscope[39m: "listings"
[07:38:20] [32mINFO[39m: [36mRate limiter using in-memory store (REDIS_URL not set)[39m
    [35mscope[39m: "listings"
[07:38:20] [32mINFO[39m: [36mRate limiter using in-memory store (REDIS_URL not set)[39m
    [35mscope[39m: "listings"
[07:38:20] [32mINFO[39m: [36mRate limiter using in-memory store (REDIS_URL not set)[39m
    [35mscope[39m: "listings"
[07:38:20] [32mINFO[39m: [36mRate limiter using in-memory store (REDIS_URL not set)[39m
    [35mscope[39m: "listings"
[07:38:20] [32mINFO[39m: [36mRate limiter using in-memory store (REDIS_URL not set)[39m
    [35mscope[39m: "listings"
[07:38:20] [32mINFO[39m: [36mRate limiter using in-memory store (REDIS_URL not set)[39m
    [35mscope[39m: "listings"
[07:38:20] [32mINFO[39m: [36mRate limiter using in-memory store (REDIS_URL not set)[39m
    [35mscope[39m: "listings"
[07:38:20] [32mINFO[39m: [36mRate limiter using in-memory store (REDIS_URL not set)[39m
    [35mscope[39m: "listings"
[07:38:20] [32mINFO[39m: [36mRate limiter using in-memory store (REDIS_URL not set)[39m
    [35mscope[39m: "listings"
[07:38:20] [32mINFO[39m: [36mRate limiter using in-memory store (REDIS_URL not set)[39m
    [35mscope[39m: "listings"
[07:38:20] [32mINFO[39m: [36mRate limiter using in-memory store (REDIS_URL not set)[39m
    [35mscope[39m: "orders"
[07:38:20] [32mINFO[39m: [36mRate limiter using in-memory store (REDIS_URL not set)[39m
    [35mscope[39m: "orders"
[07:38:21] [32mINFO[39m: [36mRate limiter using in-memory store (REDIS_URL not set)[39m
    [35mscope[39m: "referral-partner"
[07:38:21] [32mINFO[39m: [36mRate limiter using in-memory store (REDIS_URL not set)[39m
    [35mscope[39m: "sellers"
[07:38:21] [32mINFO[39m: [36mRate limiter using in-memory store (REDIS_URL not set)[39m
    [35mscope[39m: "rates"
[07:38:21] [32mINFO[39m: [36mRate limiter using in-memory store (REDIS_URL not set)[39m
    [35mscope[39m: "channels"
[07:38:21] [32mINFO[39m: [36mRate limiter using in-memory store (REDIS_URL not set)[39m
    [35mscope[39m: "channels"
[07:38:21] [32mINFO[39m: [36mRate limiter using in-memory store (REDIS_URL not set)[39m
    [35mscope[39m: "channels"
[07:38:21] [32mINFO[39m: [36mRate limiter using in-memory store (REDIS_URL not set)[39m
    [35mscope[39m: "channels"
[07:38:21] [32mINFO[39m: [36mRate limiter using in-memory store (REDIS_URL not set)[39m
    [35mscope[39m: "channels"
[07:38:21] [32mINFO[39m: [36mRate limiter using in-memory store (REDIS_URL not set)[39m
    [35mscope[39m: "channels"
[07:38:21] [32mINFO[39m: [36mRate limiter using in-memory store (REDIS_URL not set)[39m
    [35mscope[39m: "payments"
[07:38:21] [32mINFO[39m: [36mRate limiter using in-memory store (REDIS_URL not set)[39m
    [35mscope[39m: "feed-import"
[07:38:21] [32mINFO[39m: [36mRate limiter using in-memory store (REDIS_URL not set)[39m
    [35mscope[39m: "feed-import-fetch"
[07:38:21] [32mINFO[39m: [36mRate limiter using in-memory store (REDIS_URL not set)[39m
    [35mscope[39m: "referral-partner"
[07:38:21] [32mINFO[39m: [36mRate limiter using in-memory store (REDIS_URL not set)[39m
    [35mscope[39m: "admin"
[07:38:21] [32mINFO[39m: [36mRate limiter using in-memory store (REDIS_URL not set)[39m
    [35mscope[39m: "channels"
[07:38:21] [32mINFO[39m: [36mRate limiter using in-memory store (REDIS_URL not set)[39m
    [35mscope[39m: "channels"
[07:38:21] [32mINFO[39m: [36mRate limiter using in-memory store (REDIS_URL not set)[39m
    [35mscope[39m: "channels"
[07:38:21] [32mINFO[39m: [36mRate limiter using in-memory store (REDIS_URL not set)[39m
    [35mscope[39m: "channels"
[07:38:21] [32mINFO[39m: [36mRate limiter using in-memory store (REDIS_URL not set)[39m
    [35mscope[39m: "reports"
[07:38:21] [32mINFO[39m: [36mRate limiter using in-memory store (REDIS_URL not set)[39m
    [35mscope[39m: "reports"
[07:38:21] [32mINFO[39m: [36mRate limiter using in-memory store (REDIS_URL not set)[39m
    [35mscope[39m: "payments"
[07:38:22] [32mINFO[39m: [36mRate limiter using in-memory store (REDIS_URL not set)[39m
    [35mscope[39m: "payments"
[07:38:22] [32mINFO[39m: [36mRate limiter using in-memory store (REDIS_URL not set)[39m
    [35mscope[39m: "listings"
[07:38:22] [32mINFO[39m: [36mRate limiter using in-memory store (REDIS_URL not set)[39m
    [35mscope[39m: "listings"
[07:38:22] [32mINFO[39m: [36mRate limiter using in-memory store (REDIS_URL not set)[39m
    [35mscope[39m: "listings"
[07:38:22] [32mINFO[39m: [36mRate limiter using in-memory store (REDIS_URL not set)[39m
    [35mscope[39m: "listings"
[07:38:22] [32mINFO[39m: [36mRate limiter using in-memory store (REDIS_URL not set)[39m
    [35mscope[39m: "listings"
[07:38:22] [32mINFO[39m: [36mRate limiter using in-memory store (REDIS_URL not set)[39m
    [35mscope[39m: "listings"
[07:38:22] [32mINFO[39m: [36mRate limiter using in-memory store (REDIS_URL not set)[39m
    [35mscope[39m: "listings"
[07:38:22] [32mINFO[39m: [36mRate limiter using in-memory store (REDIS_URL not set)[39m
    [35mscope[39m: "listings"
[07:38:22] [32mINFO[39m: [36mRate limiter using in-memory store (REDIS_URL not set)[39m
    [35mscope[39m: "listings"
[07:38:22] [32mINFO[39m: [36mRate limiter using in-memory store (REDIS_URL not set)[39m
    [35mscope[39m: "nearby"
[07:38:22] [32mINFO[39m: [36mRate limiter using in-memory store (REDIS_URL not set)[39m
    [35mscope[39m: "listings"
[07:38:22] [32mINFO[39m: [36mRate limiter using in-memory store (REDIS_URL not set)[39m
    [35mscope[39m: "search-intent"
[07:38:22] [32mINFO[39m: [36mRate limiter using in-memory store (REDIS_URL not set)[39m
    [35mscope[39m: "admin"
[07:38:22] [32mINFO[39m: [36mRate limiter using in-memory store (REDIS_URL not set)[39m
    [35mscope[39m: "listings"
[07:38:22] [32mINFO[39m: [36mRate limiter using in-memory store (REDIS_URL not set)[39m
    [35mscope[39m: "listings"
[07:38:23] [32mINFO[39m: [36mRate limiter using in-memory store (REDIS_URL not set)[39m
    [35mscope[39m: "listings"
[07:38:23] [32mINFO[39m: [36mRate limiter using in-memory store (REDIS_URL not set)[39m
    [35mscope[39m: "seo"
[07:38:23] [32mINFO[39m: [36mRate limiter using in-memory store (REDIS_URL not set)[39m
    [35mscope[39m: "listings"
[07:38:23] [32mINFO[39m: [36mRate limiter using in-memory store (REDIS_URL not set)[39m
    [35mscope[39m: "merchantCompetitiveness"
[07:38:23] [32mINFO[39m: [36mRate limiter using in-memory store (REDIS_URL not set)[39m
    [35mscope[39m: "listings"
[07:38:23] [32mINFO[39m: [36mRate limiter using in-memory store (REDIS_URL not set)[39m
    [35mscope[39m: "listings"
[07:38:23] [32mINFO[39m: [36mRate limiter using in-memory store (REDIS_URL not set)[39m
    [35mscope[39m: "listings"
[07:38:23] [32mINFO[39m: [36mRate limiter using in-memory store (REDIS_URL not set)[39m
    [35mscope[39m: "listings"
[07:38:23] [32mINFO[39m: [36mRate limiter using in-memory store (REDIS_URL not set)[39m
    [35mscope[39m: "feed-import-fetch"
[07:38:23] [32mINFO[39m: [36mRate limiter using in-memory store (REDIS_URL not set)[39m
    [35mscope[39m: "merchant-claims"
[07:38:23] [32mINFO[39m: [36mRate limiter using in-memory store (REDIS_URL not set)[39m
    [35mscope[39m: "merchant-claims"
[07:38:24] [32mINFO[39m: [36mRate limiter using in-memory store (REDIS_URL not set)[39m
    [35mscope[39m: "referral-redirect"
[07:38:24] [32mINFO[39m: [36mRate limiter using in-memory store (REDIS_URL not set)[39m
    [35mscope[39m: "outbound"
[07:38:24] [32mINFO[39m: [36mRate limiter using in-memory store (REDIS_URL not set)[39m
    [35mscope[39m: "referral-bind"
[07:38:24] [32mINFO[39m: [36mRate limiter using in-memory store (REDIS_URL not set)[39m
    [35mscope[39m: "referral-bind"
[07:38:24] [32mINFO[39m: [36mRate limiter using in-memory store (REDIS_URL not set)[39m
    [35mscope[39m: "referral-bind"
[07:38:24] [32mINFO[39m: [36mRate limiter using in-memory store (REDIS_URL not set)[39m
    [35mscope[39m: "referral-bind"
[07:38:24] [32mINFO[39m: [36mRate limiter using in-memory store (REDIS_URL not set)[39m
    [35mscope[39m: "guest-issue"
[07:38:24] [32mINFO[39m: [36mRate limiter using in-memory store (REDIS_URL not set)[39m
    [35mscope[39m: "guest"
[07:38:24] [32mINFO[39m: [36mRate limiter using in-memory store (REDIS_URL not set)[39m
    [35mscope[39m: "guest"
[07:38:24] [32mINFO[39m: [36mRate limiter using in-memory store (REDIS_URL not set)[39m
    [35mscope[39m: "guest"
[07:38:24] [32mINFO[39m: [36mRate limiter using in-memory store (REDIS_URL not set)[39m
    [35mscope[39m: "guest-recover"
[07:38:24] [32mINFO[39m: [36mRate limiter using in-memory store (REDIS_URL not set)[39m
    [35mscope[39m: "guest-portal"
[07:38:24] [32mINFO[39m: [36mRate limiter using in-memory store (REDIS_URL not set)[39m
    [35mscope[39m: "guest-portal"
[07:38:24] [32mINFO[39m: [36mRate limiter using in-memory store (REDIS_URL not set)[39m
    [35mscope[39m: "guest-portal"
[07:38:24] [32mINFO[39m: [36mRate limiter using in-memory store (REDIS_URL not set)[39m
    [35mscope[39m: "guest-portal"
[07:38:24] [32mINFO[39m: [36mRate limiter using in-memory store (REDIS_URL not set)[39m
    [35mscope[39m: "guest-portal"
[07:38:24] [32mINFO[39m: [36mRate limiter using in-memory store (REDIS_URL not set)[39m
    [35mscope[39m: "guest-portal"
[07:38:24] [32mINFO[39m: [36mRate limiter using in-memory store (REDIS_URL not set)[39m
    [35mscope[39m: "guest-portal"
[07:38:24] [32mINFO[39m: [36mRate limiter using in-memory store (REDIS_URL not set)[39m
    [35mscope[39m: "guest-portal"
[07:38:24] [32mINFO[39m: [36mRate limiter using in-memory store (REDIS_URL not set)[39m
    [35mscope[39m: "guest-claim"
[07:38:24] [32mINFO[39m: [36mRate limiter using in-memory store (REDIS_URL not set)[39m
    [35mscope[39m: "guest-claim"
[07:38:24] [32mINFO[39m: [36mRate limiter using in-memory store (REDIS_URL not set)[39m
    [35mscope[39m: "buyer-requests"
[07:38:24] [32mINFO[39m: [36mRate limiter using in-memory store (REDIS_URL not set)[39m
    [35mscope[39m: "buyer-requests"
[07:38:24] [32mINFO[39m: [36mRate limiter using in-memory store (REDIS_URL not set)[39m
    [35mscope[39m: "guest-portal"
[07:38:24] [32mINFO[39m: [36mRate limiter using in-memory store (REDIS_URL not set)[39m
    [35mscope[39m: "analytics-ingest"
[07:38:24] [32mINFO[39m: [36mRate limiter using in-memory store (REDIS_URL not set)[39m
    [35mscope[39m: "merchant-demand"
[07:38:24] [32mINFO[39m: [36mRate limiter using in-memory store (REDIS_URL not set)[39m
    [35mscope[39m: "listings"
[07:38:24] [32mINFO[39m: [36mRate limiter using in-memory store (REDIS_URL not set)[39m
    [35mscope[39m: "listings"
[07:38:24] [32mINFO[39m: [36mRate limiter using in-memory store (REDIS_URL not set)[39m
    [35mscope[39m: "listings"
[07:38:24] [32mINFO[39m: [36mRate limiter using in-memory store (REDIS_URL not set)[39m
    [35mscope[39m: "admin"
[07:38:24] [32mINFO[39m: [36mRate limiter using in-memory store (REDIS_URL not set)[39m
    [35mscope[39m: "admin"
[07:38:25] [32mINFO[39m: [36mRate limiter using in-memory store (REDIS_URL not set)[39m
    [35mscope[39m: "listings"
[07:38:25] [32mINFO[39m: [36mRate limiter using in-memory store (REDIS_URL not set)[39m
    [35mscope[39m: "listings"
[07:38:25] [32mINFO[39m: [36mRate limiter using in-memory store (REDIS_URL not set)[39m
    [35mscope[39m: "public-api"
[07:38:25] [32mINFO[39m: [36mConnected to PostgreSQL successfully[39m
    [35mmaxPoolSize[39m: 4
[07:38:25] [32mINFO[39m: [36mRate limiter using in-memory store (REDIS_URL not set)[39m
    [35mscope[39m: "general"
[07:38:25] [33mWARN[39m: [36m[Peable] event processing failed, will retry[39m
    [35meventId[39m: "01a100b3-2fe3-7037-9b1a-9b7ea4560db5"
    [35mproviderEventId[39m: "evt_peable_rawbody_ok"
    [35mtype[39m: "payment_intent.settled"
    [35mattempts[39m: 1
    err: {
      "type": "PaymentProviderError",
      "message": "no Mercaria payment is linked to Peable intent pi_peable_test_1 yet",
      "stack":
          PaymentProviderError: no Mercaria payment is linked to Peable intent pi_peable_test_1 yet
              at unresolved (/home/nate/Oxy/Mercaria/.worktrees/1519-i08-peable-adoption-20261003/packages/backend/src/services/payments/peable/event-router.ts:82:10)
              at applyIntentEvent (/home/nate/Oxy/Mercaria/.worktrees/1519-i08-peable-adoption-20261003/packages/backend/src/services/payments/peable/event-router.ts:115:11)
              at processTicksAndRejections (node:internal/process/task_queues:104:5)
              at /home/nate/Oxy/Mercaria/.worktrees/1519-i08-peable-adoption-20261003/packages/backend/src/services/payments/peable/event-router.ts:198:29
              at processClaimedEvent (/home/nate/Oxy/Mercaria/.worktrees/1519-i08-peable-adoption-20261003/packages/backend/src/services/payments/peable/event-processor.ts:134:15)
              at processStoredPeableEvent (/home/nate/Oxy/Mercaria/.worktrees/1519-i08-peable-adoption-20261003/packages/backend/src/services/payments/peable/event-processor.ts:266:3)
              at ingestPeableDelivery (/home/nate/Oxy/Mercaria/.worktrees/1519-i08-peable-adoption-20261003/packages/backend/src/services/payments/peable/ingress.ts:133:5)
              at handleDelivery (/home/nate/Oxy/Mercaria/.worktrees/1519-i08-peable-adoption-20261003/packages/backend/src/routes/peable-webhook.ts:72:18)
      "provider": "peable",
      "stage": "verifyEvent",
      "retryable": true,
      "name": "PaymentProviderError"
    }
[07:38:25] [33mWARN[39m: [36m[Peable] webhook delivery refused[39m
    [35mreason[39m: "the signature does not verify"
[07:38:25] [32mINFO[39m: [36mRate limiter using in-memory store (REDIS_URL not set)[39m
    [35mscope[39m: "general"
[07:38:25] [32mINFO[39m: [36mRate limiter using in-memory store (REDIS_URL not set)[39m
    [35mscope[39m: "general"
[07:38:25] [33mWARN[39m: [36m[Peable] webhook delivery refused[39m
    [35mreason[39m: "the signature does not verify"
[07:38:25] [32mINFO[39m: [36mRate limiter using in-memory store (REDIS_URL not set)[39m
    [35mscope[39m: "general"
[07:38:25] [33mWARN[39m: [36m[Peable] event processing failed, will retry[39m
    [35meventId[39m: "01a100b3-3043-7fb9-88f4-9ce446c05de5"
    [35mproviderEventId[39m: "evt_peable_rotation"
    [35mtype[39m: "payment_intent.settled"
    [35mattempts[39m: 1
    err: {
      "type": "PaymentProviderError",
      "message": "no Mercaria payment is linked to Peable intent pi_peable_test_1 yet",
      "stack":
          PaymentProviderError: no Mercaria payment is linked to Peable intent pi_peable_test_1 yet
              at unresolved (/home/nate/Oxy/Mercaria/.worktrees/1519-i08-peable-adoption-20261003/packages/backend/src/services/payments/peable/event-router.ts:82:10)
              at applyIntentEvent (/home/nate/Oxy/Mercaria/.worktrees/1519-i08-peable-adoption-20261003/packages/backend/src/services/payments/peable/event-router.ts:115:11)
              at processTicksAndRejections (node:internal/process/task_queues:104:5)
              at /home/nate/Oxy/Mercaria/.worktrees/1519-i08-peable-adoption-20261003/packages/backend/src/services/payments/peable/event-router.ts:198:29
              at processClaimedEvent (/home/nate/Oxy/Mercaria/.worktrees/1519-i08-peable-adoption-20261003/packages/backend/src/services/payments/peable/event-processor.ts:134:15)
              at processStoredPeableEvent (/home/nate/Oxy/Mercaria/.worktrees/1519-i08-peable-adoption-20261003/packages/backend/src/services/payments/peable/event-processor.ts:266:3)
              at ingestPeableDelivery (/home/nate/Oxy/Mercaria/.worktrees/1519-i08-peable-adoption-20261003/packages/backend/src/services/payments/peable/ingress.ts:133:5)
              at handleDelivery (/home/nate/Oxy/Mercaria/.worktrees/1519-i08-peable-adoption-20261003/packages/backend/src/routes/peable-webhook.ts:72:18)
      "provider": "peable",
      "stage": "verifyEvent",
      "retryable": true,
      "name": "PaymentProviderError"
    }
[07:38:25] [32mINFO[39m: [36mRate limiter using in-memory store (REDIS_URL not set)[39m
    [35mscope[39m: "general"
[07:38:25] [33mWARN[39m: [36m[Peable] webhook delivery refused[39m
    [35mreason[39m: "the signature timestamp is outside the tolerance window"
[07:38:25] [32mINFO[39m: [36mRate limiter using in-memory store (REDIS_URL not set)[39m
    [35mscope[39m: "general"
[07:38:25] [32mINFO[39m: [36mRate limiter using in-memory store (REDIS_URL not set)[39m
    [35mscope[39m: "general"
[07:38:25] [33mWARN[39m: [36m[Peable] event processing failed, will retry[39m
    [35meventId[39m: "01a100b3-3085-7f4b-8b2b-ab298626576e"
    [35mproviderEventId[39m: "evt_peable_dupe"
    [35mtype[39m: "payment_intent.settled"
    [35mattempts[39m: 1
    err: {
      "type": "PaymentProviderError",
      "message": "no Mercaria payment is linked to Peable intent pi_peable_test_1 yet",
      "stack":
          PaymentProviderError: no Mercaria payment is linked to Peable intent pi_peable_test_1 yet
              at unresolved (/home/nate/Oxy/Mercaria/.worktrees/1519-i08-peable-adoption-20261003/packages/backend/src/services/payments/peable/event-router.ts:82:10)
              at applyIntentEvent (/home/nate/Oxy/Mercaria/.worktrees/1519-i08-peable-adoption-20261003/packages/backend/src/services/payments/peable/event-router.ts:115:11)
              at processTicksAndRejections (node:internal/process/task_queues:104:5)
              at /home/nate/Oxy/Mercaria/.worktrees/1519-i08-peable-adoption-20261003/packages/backend/src/services/payments/peable/event-router.ts:198:29
              at processClaimedEvent (/home/nate/Oxy/Mercaria/.worktrees/1519-i08-peable-adoption-20261003/packages/backend/src/services/payments/peable/event-processor.ts:134:15)
              at processStoredPeableEvent (/home/nate/Oxy/Mercaria/.worktrees/1519-i08-peable-adoption-20261003/packages/backend/src/services/payments/peable/event-processor.ts:266:3)
              at ingestPeableDelivery (/home/nate/Oxy/Mercaria/.worktrees/1519-i08-peable-adoption-20261003/packages/backend/src/services/payments/peable/ingress.ts:133:5)
              at handleDelivery (/home/nate/Oxy/Mercaria/.worktrees/1519-i08-peable-adoption-20261003/packages/backend/src/routes/peable-webhook.ts:72:18)
      "provider": "peable",
      "stage": "verifyEvent",
      "retryable": true,
      "name": "PaymentProviderError"
    }
[07:38:25] [34mDEBUG[39m: [36m[Peable] duplicate delivery acknowledged[39m
    [35mproviderEventId[39m: "evt_peable_dupe"
    [35mtype[39m: "payment_intent.settled"

 Test Files  4 passed (4)
      Tests  60 passed | 2 skipped (62)
   Start at  10:38:14
   Duration  11.61s (transform 8.24s, setup 0ms, import 4.55s, tests 9.04s, environment 0ms)

